#2026 09 11 07:17:13.704#Z#DEBUG#b0b272a9-adb0-11f1-ab12-eeee0a941739.note-for-approval-srv#flowable-async-job-executor-thread-82375#
[PollStageAppStatusExecution] 7037cbc0-f596-4751-ad38-f95db4aad153 [2026-09-11T07:16:34.389795] Updated app with guid 7037cbc0-f596-4751-ad38-f95db4aad153 ({"lifecycle"=>{"data"=>{"buildpacks"=>["nodejs_buildpack"]}, "type"=>"buildpack"}}) (STDOUT, API)#
#2026 09 11 07:17:13.704#Z#DEBUG#b0b272a9-adb0-11f1-ab12-eeee0a941739.note-for-approval-srv#flowable-async-job-executor-thread-82375#
[PollStageAppStatusExecution] 7037cbc0-f596-4751-ad38-f95db4aad153 [2026-09-11T07:16:34.524839] Updating process: "web" (STDOUT, API)#
#2026 09 11 07:17:13.704#Z#DEBUG#b0b272a9-adb0-11f1-ab12-eeee0a941739.note-for-approval-srv#flowable-async-job-executor-thread-82375#
[PollStageAppStatusExecution] 7037cbc0-f596-4751-ad38-f95db4aad153 [2026-09-11T07:16:44.040777] Uploading app package for app with guid 7037cbc0-f596-4751-ad38-f95db4aad153 (STDOUT, API)#
#2026 09 11 07:17:13.704#Z#DEBUG#b0b272a9-adb0-11f1-ab12-eeee0a941739.note-for-approval-srv#flowable-async-job-executor-thread-82375#
[PollStageAppStatusExecution] 7037cbc0-f596-4751-ad38-f95db4aad153 [2026-09-11T07:16:44.223352] Updated app with guid 7037cbc0-f596-4751-ad38-f95db4aad153 ({"environment_variables"=>"[PRIVATE DATA HIDDEN]"}) (STDOUT, API)#
#2026 09 11 07:17:13.704#Z#DEBUG#b0b272a9-adb0-11f1-ab12-eeee0a941739.note-for-approval-srv#flowable-async-job-executor-thread-82375#
[PollStageAppStatusExecution] 7037cbc0-f596-4751-ad38-f95db4aad153 [2026-09-11T07:17:03.964028] Stopping app with guid 7037cbc0-f596-4751-ad38-f95db4aad153 (STDOUT, API)#
#2026 09 11 07:17:13.704#Z#DEBUG#b0b272a9-adb0-11f1-ab12-eeee0a941739.note-for-approval-srv#flowable-async-job-executor-thread-82375#
[PollStageAppStatusExecution] 7037cbc0-f596-4751-ad38-f95db4aad153 [2026-09-11T07:17:04.014494] Cell fba88303-596a-4c69-b7ce-05667b129ed0 stopping instance 5947fa02-7803-4209-45fb-77ce (STDOUT, CELL)#
#2026 09 11 07:17:13.704#Z#DEBUG#b0b272a9-adb0-11f1-ab12-eeee0a941739.note-for-approval-srv#flowable-async-job-executor-thread-82375#
[PollStageAppStatusExecution] 7037cbc0-f596-4751-ad38-f95db4aad153 [2026-09-11T07:17:04.207418] Creating build for app with guid 7037cbc0-f596-4751-ad38-f95db4aad153 (STDOUT, API)#
#2026 09 11 07:17:13.704#Z#DEBUG#b0b272a9-adb0-11f1-ab12-eeee0a941739.note-for-approval-srv#flowable-async-job-executor-thread-82375#
[PollStageAppStatusExecution] 7037cbc0-f596-4751-ad38-f95db4aad153 [2026-09-11T07:17:04.676671] Downloading nodejs_buildpack... (STDOUT, STG)#
#2026 09 11 07:17:13.704#Z#DEBUG#b0b272a9-adb0-11f1-ab12-eeee0a941739.note-for-approval-srv#flowable-async-job-executor-thread-82375#
[PollStageAppStatusExecution] 7037cbc0-f596-4751-ad38-f95db4aad153 [2026-09-11T07:17:04.718132] Downloaded nodejs_buildpack (STDOUT, STG)#
#2026 09 11 07:17:13.704#Z#DEBUG#b0b272a9-adb0-11f1-ab12-eeee0a941739.note-for-approval-srv#flowable-async-job-executor-thread-82375#
[PollStageAppStatusExecution] 7037cbc0-f596-4751-ad38-f95db4aad153 [2026-09-11T07:17:04.718201] Cell 5930c1d6-824a-4923-b03a-dec6ca73aabf creating container for instance 609e98a6-f4bf-47fe-a400-d460081e2ae4 (STDOUT, STG)#
#2026 09 11 07:17:13.704#Z#DEBUG#b0b272a9-adb0-11f1-ab12-eeee0a941739.note-for-approval-srv#flowable-async-job-executor-thread-82375#
[PollStageAppStatusExecution] 7037cbc0-f596-4751-ad38-f95db4aad153 [2026-09-11T07:17:05.214314] Security group rules were updated (STDOUT, STG)#
#2026 09 11 07:17:13.704#Z#DEBUG#b0b272a9-adb0-11f1-ab12-eeee0a941739.note-for-approval-srv#flowable-async-job-executor-thread-82375#
[PollStageAppStatusExecution] 7037cbc0-f596-4751-ad38-f95db4aad153 [2026-09-11T07:17:05.284319] Cell 5930c1d6-824a-4923-b03a-dec6ca73aabf successfully created container for instance 609e98a6-f4bf-47fe-a400-d460081e2ae4 (STDOUT, STG)#
#2026 09 11 07:17:13.704#Z#DEBUG#b0b272a9-adb0-11f1-ab12-eeee0a941739.note-for-approval-srv#flowable-async-job-executor-thread-82375#
[PollStageAppStatusExecution] 7037cbc0-f596-4751-ad38-f95db4aad153 [2026-09-11T07:17:05.925462] Downloading app package... (STDOUT, STG)#
#2026 09 11 07:17:13.704#Z#DEBUG#b0b272a9-adb0-11f1-ab12-eeee0a941739.note-for-approval-srv#flowable-async-job-executor-thread-82375#
[PollStageAppStatusExecution] 7037cbc0-f596-4751-ad38-f95db4aad153 [2026-09-11T07:17:05.925575] Downloading build artifacts cache... (STDOUT, STG)#
#2026 09 11 07:17:13.704#Z#DEBUG#b0b272a9-adb0-11f1-ab12-eeee0a941739.note-for-approval-srv#flowable-async-job-executor-thread-82375#
[PollStageAppStatusExecution] 7037cbc0-f596-4751-ad38-f95db4aad153 [2026-09-11T07:17:06.009754] Downloaded build artifacts cache (223B) (STDOUT, STG)#
#2026 09 11 07:17:13.704#Z#DEBUG#b0b272a9-adb0-11f1-ab12-eeee0a941739.note-for-approval-srv#flowable-async-job-executor-thread-82375#
[PollStageAppStatusExecution] 7037cbc0-f596-4751-ad38-f95db4aad153 [2026-09-11T07:17:08.285127] Downloaded app package (24.3M) (STDOUT, STG)#
#2026 09 11 07:17:13.704#Z#DEBUG#b0b272a9-adb0-11f1-ab12-eeee0a941739.note-for-approval-srv#flowable-async-job-executor-thread-82375#
[PollStageAppStatusExecution] 7037cbc0-f596-4751-ad38-f95db4aad153 [2026-09-11T07:17:08.363499] -----> Nodejs Buildpack version 1.9.3 (STDOUT, STG)#
#2026 09 11 07:17:13.704#Z#DEBUG#b0b272a9-adb0-11f1-ab12-eeee0a941739.note-for-approval-srv#flowable-async-job-executor-thread-82375#
[PollStageAppStatusExecution] 7037cbc0-f596-4751-ad38-f95db4aad153 [2026-09-11T07:17:09.201217] -----> Bootstrapping python (STDOUT, STG)#
#2026 09 11 07:17:13.704#Z#DEBUG#b0b272a9-adb0-11f1-ab12-eeee0a941739.note-for-approval-srv#flowable-async-job-executor-thread-82375#
[PollStageAppStatusExecution] 7037cbc0-f596-4751-ad38-f95db4aad153 [2026-09-11T07:17:09.201241] -----> Installing python 3.13.14 (STDOUT, STG)#
#2026 09 11 07:17:13.704#Z#DEBUG#b0b272a9-adb0-11f1-ab12-eeee0a941739.note-for-approval-srv#flowable-async-job-executor-thread-82375#
[PollStageAppStatusExecution] 7037cbc0-f596-4751-ad38-f95db4aad153 [2026-09-11T07:17:09.201305] Copy [/tmp/buildpacks/fca214f8c6e938dc/dependencies/4b4266a2ff36730aef37b88b668ca327/python_3.13.14_linux_x64_cflinuxfs4_b80d4954.tgz] (STDOUT, STG)#
#2026 09 11 07:17:13.704#Z#DEBUG#b0b272a9-adb0-11f1-ab12-eeee0a941739.note-for-approval-srv#flowable-async-job-executor-thread-82375#
[PollStageAppStatusExecution] 7037cbc0-f596-4751-ad38-f95db4aad153 [2026-09-11T07:17:12.609174] -----> Installing binaries (STDOUT, STG)#
#2026 09 11 07:17:13.704#Z#DEBUG#b0b272a9-adb0-11f1-ab12-eeee0a941739.note-for-approval-srv#flowable-async-job-executor-thread-82375#
[PollStageAppStatusExecution] 7037cbc0-f596-4751-ad38-f95db4aad153 [2026-09-11T07:17:12.609263] engines.node (package.json): ^24 (STDOUT, STG)#
#2026 09 11 07:17:13.704#Z#DEBUG#b0b272a9-adb0-11f1-ab12-eeee0a941739.note-for-approval-srv#flowable-async-job-executor-thread-82375#
[PollStageAppStatusExecution] 7037cbc0-f596-4751-ad38-f95db4aad153 [2026-09-11T07:17:12.609279] engines.npm (package.json): unspecified (use default) (STDOUT, STG)#
#2026 09 11 07:17:13.704#Z#DEBUG#b0b272a9-adb0-11f1-ab12-eeee0a941739.note-for-approval-srv#flowable-async-job-executor-thread-82375#
[PollStageAppStatusExecution] 7037cbc0-f596-4751-ad38-f95db4aad153 [2026-09-11T07:17:12.609379] -----> Installing node 24.18.0 (STDOUT, STG)#
#2026 09 11 07:17:13.704#Z#DEBUG#b0b272a9-adb0-11f1-ab12-eeee0a941739.note-for-approval-srv#flowable-async-job-executor-thread-82375#
[PollStageAppStatusExecution] 7037cbc0-f596-4751-ad38-f95db4aad153 [2026-09-11T07:17:12.609507] Copy [/tmp/buildpacks/fca214f8c6e938dc/dependencies/dffbbb835fcd073c4544f78eb6247fac/node_24.18.0_linux_x64_cflinuxfs4_cdfed650.tgz] (STDOUT, STG)#
#2026 09 11 07:17:23.759#Z#DEBUG#b0b272a9-adb0-11f1-ab12-eeee0a941739.note-for-approval-srv#flowable-async-job-executor-thread-82379#
[PollStageAppStatusExecution] 7037cbc0-f596-4751-ad38-f95db4aad153 [2026-09-11T07:17:14.546466] Using default npm version: 11.16.0 (STDOUT, STG)#
#2026 09 11 07:17:23.759#Z#DEBUG#b0b272a9-adb0-11f1-ab12-eeee0a941739.note-for-approval-srv#flowable-async-job-executor-thread-82379#
[PollStageAppStatusExecution] 7037cbc0-f596-4751-ad38-f95db4aad153 [2026-09-11T07:17:14.546484] -----> Installing yarn 1.22.22 (STDOUT, STG)#
#2026 09 11 07:17:23.759#Z#DEBUG#b0b272a9-adb0-11f1-ab12-eeee0a941739.note-for-approval-srv#flowable-async-job-executor-thread-82379#
[PollStageAppStatusExecution] 7037cbc0-f596-4751-ad38-f95db4aad153 [2026-09-11T07:17:14.546609] Copy [/tmp/buildpacks/fca214f8c6e938dc/dependencies/e4fe26756e9984a665478d350474fa2e/yarn_1.22.22_linux_noarch_any-stack_b6132b86.tgz] (STDOUT, STG)#
#2026 09 11 07:17:23.759#Z#DEBUG#b0b272a9-adb0-11f1-ab12-eeee0a941739.note-for-approval-srv#flowable-async-job-executor-thread-82379#
[PollStageAppStatusExecution] 7037cbc0-f596-4751-ad38-f95db4aad153 [2026-09-11T07:17:14.829051] Installed yarn 1.22.22 (STDOUT, STG)#
#2026 09 11 07:17:23.759#Z#DEBUG#b0b272a9-adb0-11f1-ab12-eeee0a941739.note-for-approval-srv#flowable-async-job-executor-thread-82379#
[PollStageAppStatusExecution] 7037cbc0-f596-4751-ad38-f95db4aad153 [2026-09-11T07:17:14.829126] -----> Creating runtime environment (STDOUT, STG)#
#2026 09 11 07:17:23.759#Z#DEBUG#b0b272a9-adb0-11f1-ab12-eeee0a941739.note-for-approval-srv#flowable-async-job-executor-thread-82379#
[PollStageAppStatusExecution] 7037cbc0-f596-4751-ad38-f95db4aad153 [2026-09-11T07:17:14.830821] NODE_ENV=production (STDOUT, STG)#
#2026 09 11 07:17:23.759#Z#DEBUG#b0b272a9-adb0-11f1-ab12-eeee0a941739.note-for-approval-srv#flowable-async-job-executor-thread-82379#
[PollStageAppStatusExecution] 7037cbc0-f596-4751-ad38-f95db4aad153 [2026-09-11T07:17:14.830839] NODE_HOME=/tmp/contents338353195/deps/0/node (STDOUT, STG)#
#2026 09 11 07:17:23.759#Z#DEBUG#b0b272a9-adb0-11f1-ab12-eeee0a941739.note-for-approval-srv#flowable-async-job-executor-thread-82379#
[PollStageAppStatusExecution] 7037cbc0-f596-4751-ad38-f95db4aad153 [2026-09-11T07:17:14.830843] NODE_MODULES_CACHE=true (STDOUT, STG)#
#2026 09 11 07:17:23.759#Z#DEBUG#b0b272a9-adb0-11f1-ab12-eeee0a941739.note-for-approval-srv#flowable-async-job-executor-thread-82379#
[PollStageAppStatusExecution] 7037cbc0-f596-4751-ad38-f95db4aad153 [2026-09-11T07:17:14.830847] NODE_VERBOSE=false (STDOUT, STG)#
#2026 09 11 07:17:23.759#Z#DEBUG#b0b272a9-adb0-11f1-ab12-eeee0a941739.note-for-approval-srv#flowable-async-job-executor-thread-82379#
[PollStageAppStatusExecution] 7037cbc0-f596-4751-ad38-f95db4aad153 [2026-09-11T07:17:14.830850] NPM_CONFIG_LOGLEVEL=error (STDOUT, STG)#
#2026 09 11 07:17:23.759#Z#DEBUG#b0b272a9-adb0-11f1-ab12-eeee0a941739.note-for-approval-srv#flowable-async-job-executor-thread-82379#
[PollStageAppStatusExecution] 7037cbc0-f596-4751-ad38-f95db4aad153 [2026-09-11T07:17:14.830854] NPM_CONFIG_PRODUCTION=true (STDOUT, STG)#
#2026 09 11 07:17:23.759#Z#DEBUG#b0b272a9-adb0-11f1-ab12-eeee0a941739.note-for-approval-srv#flowable-async-job-executor-thread-82379#
[PollStageAppStatusExecution] 7037cbc0-f596-4751-ad38-f95db4aad153 [2026-09-11T07:17:14.830878] -----> Building dependencies (STDOUT, STG)#
#2026 09 11 07:17:23.759#Z#DEBUG#b0b272a9-adb0-11f1-ab12-eeee0a941739.note-for-approval-srv#flowable-async-job-executor-thread-82379#
[PollStageAppStatusExecution] 7037cbc0-f596-4751-ad38-f95db4aad153 [2026-09-11T07:17:14.830893] Prebuild detected (node_modules already exists) (STDOUT, STG)#
#2026 09 11 07:17:23.759#Z#DEBUG#b0b272a9-adb0-11f1-ab12-eeee0a941739.note-for-approval-srv#flowable-async-job-executor-thread-82379#
[PollStageAppStatusExecution] 7037cbc0-f596-4751-ad38-f95db4aad153 [2026-09-11T07:17:14.830971] Rebuilding any native modules (STDOUT, STG)#
#2026 09 11 07:17:23.759#Z#DEBUG#b0b272a9-adb0-11f1-ab12-eeee0a941739.note-for-approval-srv#flowable-async-job-executor-thread-82379#
[PollStageAppStatusExecution] 7037cbc0-f596-4751-ad38-f95db4aad153 [2026-09-11T07:17:15.624180] rebuilt dependencies successfully (STDOUT, STG)#
#2026 09 11 07:17:23.759#Z#DEBUG#b0b272a9-adb0-11f1-ab12-eeee0a941739.note-for-approval-srv#flowable-async-job-executor-thread-82379#
[PollStageAppStatusExecution] 7037cbc0-f596-4751-ad38-f95db4aad153 [2026-09-11T07:17:15.625653] npm notice (STDOUT, STG)#
#2026 09 11 07:17:23.759#Z#DEBUG#b0b272a9-adb0-11f1-ab12-eeee0a941739.note-for-approval-srv#flowable-async-job-executor-thread-82379#
[PollStageAppStatusExecution] 7037cbc0-f596-4751-ad38-f95db4aad153 [2026-09-11T07:17:15.625676] npm notice New major version of npm available! 11.16.0 -> 12.0.2 (STDOUT, STG)#
#2026 09 11 07:17:23.759#Z#DEBUG#b0b272a9-adb0-11f1-ab12-eeee0a941739.note-for-approval-srv#flowable-async-job-executor-thread-82379#
[PollStageAppStatusExecution] 7037cbc0-f596-4751-ad38-f95db4aad153 [2026-09-11T07:17:15.625680] npm notice Changelog: https://github.com/npm/cli/releases/tag/v12.0.2 (STDOUT, STG)#
#2026 09 11 07:17:23.759#Z#DEBUG#b0b272a9-adb0-11f1-ab12-eeee0a941739.note-for-approval-srv#flowable-async-job-executor-thread-82379#
[PollStageAppStatusExecution] 7037cbc0-f596-4751-ad38-f95db4aad153 [2026-09-11T07:17:15.625685] npm notice To update run: npm install -g npm@12.0.2 (STDOUT, STG)#
#2026 09 11 07:17:23.759#Z#DEBUG#b0b272a9-adb0-11f1-ab12-eeee0a941739.note-for-approval-srv#flowable-async-job-executor-thread-82379#
[PollStageAppStatusExecution] 7037cbc0-f596-4751-ad38-f95db4aad153 [2026-09-11T07:17:15.625687] npm notice (STDOUT, STG)#
#2026 09 11 07:17:23.759#Z#DEBUG#b0b272a9-adb0-11f1-ab12-eeee0a941739.note-for-approval-srv#flowable-async-job-executor-thread-82379#
[PollStageAppStatusExecution] 7037cbc0-f596-4751-ad38-f95db4aad153 [2026-09-11T07:17:15.685385] Installing any new modules (package.json + package-lock.json) (STDOUT, STG)#
#2026 09 11 07:17:23.759#Z#DEBUG#b0b272a9-adb0-11f1-ab12-eeee0a941739.note-for-approval-srv#flowable-async-job-executor-thread-82379#
[PollStageAppStatusExecution] 7037cbc0-f596-4751-ad38-f95db4aad153 [2026-09-11T07:17:16.517022] up to date in 764ms (STDOUT, STG)#
#2026 09 11 07:17:23.759#Z#DEBUG#b0b272a9-adb0-11f1-ab12-eeee0a941739.note-for-approval-srv#flowable-async-job-executor-thread-82379#
[PollStageAppStatusExecution] 7037cbc0-f596-4751-ad38-f95db4aad153 [2026-09-11T07:17:16.517306] 50 packages are looking for funding (STDOUT, STG)#
#2026 09 11 07:17:23.759#Z#DEBUG#b0b272a9-adb0-11f1-ab12-eeee0a941739.note-for-approval-srv#flowable-async-job-executor-thread-82379#
[PollStageAppStatusExecution] 7037cbc0-f596-4751-ad38-f95db4aad153 [2026-09-11T07:17:16.517340] run `npm fund` for details (STDOUT, STG)#
#2026 09 11 07:17:23.759#Z#DEBUG#b0b272a9-adb0-11f1-ab12-eeee0a941739.note-for-approval-srv#flowable-async-job-executor-thread-82379#
[PollStageAppStatusExecution] 7037cbc0-f596-4751-ad38-f95db4aad153 [2026-09-11T07:17:18.256254] Contrast Security no credentials found. Will not write environment files. (STDOUT, STG)#
#2026 09 11 07:17:33.737#Z#DEBUG#b0b272a9-adb0-11f1-ab12-eeee0a941739.note-for-approval-srv#flowable-async-job-executor-thread-31309#
[PollStageAppStatusExecution] 7037cbc0-f596-4751-ad38-f95db4aad153 [2026-09-11T07:17:30.940451] Exit status 0 (STDOUT, STG)#
#2026 09 11 07:17:33.737#Z#DEBUG#b0b272a9-adb0-11f1-ab12-eeee0a941739.note-for-approval-srv#flowable-async-job-executor-thread-31309#
[PollStageAppStatusExecution] 7037cbc0-f596-4751-ad38-f95db4aad153 [2026-09-11T07:17:30.940476] Uploading droplet, build artifacts cache... (STDOUT, STG)#
#2026 09 11 07:17:33.737#Z#DEBUG#b0b272a9-adb0-11f1-ab12-eeee0a941739.note-for-approval-srv#flowable-async-job-executor-thread-31309#
[PollStageAppStatusExecution] 7037cbc0-f596-4751-ad38-f95db4aad153 [2026-09-11T07:17:30.940508] Uploading build artifacts cache... (STDOUT, STG)#
#2026 09 11 07:17:33.737#Z#DEBUG#b0b272a9-adb0-11f1-ab12-eeee0a941739.note-for-approval-srv#flowable-async-job-executor-thread-31309#
[PollStageAppStatusExecution] 7037cbc0-f596-4751-ad38-f95db4aad153 [2026-09-11T07:17:30.940532] Uploading droplet... (STDOUT, STG)#
#2026 09 11 07:17:33.737#Z#DEBUG#b0b272a9-adb0-11f1-ab12-eeee0a941739.note-for-approval-srv#flowable-async-job-executor-thread-31309#
[PollStageAppStatusExecution] 7037cbc0-f596-4751-ad38-f95db4aad153 [2026-09-11T07:17:30.969008] Uploaded build artifacts cache (226B) (STDOUT, STG)#
#2026 09 11 07:17:33.737#Z#DEBUG#b0b272a9-adb0-11f1-ab12-eeee0a941739.note-for-approval-srv#flowable-async-job-executor-thread-31309#
[PollStageAppStatusExecution] 7037cbc0-f596-4751-ad38-f95db4aad153 [2026-09-11T07:17:31.625456] Creating droplet for app with guid 7037cbc0-f596-4751-ad38-f95db4aad153 (STDOUT, API)#
#2026 09 11 07:17:43.726#Z#DEBUG#b0b272a9-adb0-11f1-ab12-eeee0a941739.note-for-approval-srv#flowable-async-job-executor-thread-82443#
[PollStageAppStatusExecution] 7037cbc0-f596-4751-ad38-f95db4aad153 [2026-09-11T07:17:33.706194] Uploaded droplet (75.2M) (STDOUT, STG)#
#2026 09 11 07:17:43.726#Z#DEBUG#b0b272a9-adb0-11f1-ab12-eeee0a941739.note-for-approval-srv#flowable-async-job-executor-thread-82443#
[PollStageAppStatusExecution] 7037cbc0-f596-4751-ad38-f95db4aad153 [2026-09-11T07:17:33.726935] Uploading complete (STDOUT, STG)#
#2026 09 11 07:17:43.726#Z#DEBUG#b0b272a9-adb0-11f1-ab12-eeee0a941739.note-for-approval-srv#flowable-async-job-executor-thread-82443#
[PollStageAppStatusExecution] 7037cbc0-f596-4751-ad38-f95db4aad153 [2026-09-11T07:17:34.165361] Cell 5930c1d6-824a-4923-b03a-dec6ca73aabf stopping instance 609e98a6-f4bf-47fe-a400-d460081e2ae4 (STDOUT, STG)#
#2026 09 11 07:17:43.726#Z#DEBUG#b0b272a9-adb0-11f1-ab12-eeee0a941739.note-for-approval-srv#flowable-async-job-executor-thread-82443#
[PollStageAppStatusExecution] 7037cbc0-f596-4751-ad38-f95db4aad153 [2026-09-11T07:17:34.165400] Cell 5930c1d6-824a-4923-b03a-dec6ca73aabf destroying container for instance 609e98a6-f4bf-47fe-a400-d460081e2ae4 (STDOUT, STG)#
#2026 09 11 07:17:43.726#Z#DEBUG#b0b272a9-adb0-11f1-ab12-eeee0a941739.note-for-approval-srv#flowable-async-job-executor-thread-82443#
[PollStageAppStatusExecution] 7037cbc0-f596-4751-ad38-f95db4aad153 [2026-09-11T07:17:34.220631] Staging complete for build 609e98a6-f4bf-47fe-a400-d460081e2ae4 (STDOUT, API)#
#2026 09 11 07:17:43.726#Z#DEBUG#b0b272a9-adb0-11f1-ab12-eeee0a941739.note-for-approval-srv#flowable-async-job-executor-thread-82443#
[PollStageAppStatusExecution] 7037cbc0-f596-4751-ad38-f95db4aad153 [2026-09-11T07:17:36.589476] Cell 5930c1d6-824a-4923-b03a-dec6ca73aabf successfully destroyed container for instance 609e98a6-f4bf-47fe-a400-d460081e2ae4 (STDOUT, STG)#
#2026 09 11 07:17:53.791#Z#DEBUG#b0b272a9-adb0-11f1-ab12-eeee0a941739.note-for-approval-srv#flowable-async-job-executor-thread-82467#
[PollStartAppStatusExecution] 7037cbc0-f596-4751-ad38-f95db4aad153 [2026-09-11T07:17:43.809979] Updated app with guid 7037cbc0-f596-4751-ad38-f95db4aad153 ({:droplet_guid=>"c97d0f05-76f4-4d88-b157-b453bb94b400"}) (STDOUT, API)#
#2026 09 11 07:17:53.791#Z#DEBUG#b0b272a9-adb0-11f1-ab12-eeee0a941739.note-for-approval-srv#flowable-async-job-executor-thread-82467#
[PollStartAppStatusExecution] 7037cbc0-f596-4751-ad38-f95db4aad153 [2026-09-11T07:17:43.991753] Creating revision for app with guid 7037cbc0-f596-4751-ad38-f95db4aad153 (STDOUT, API)#
#2026 09 11 07:17:53.791#Z#DEBUG#b0b272a9-adb0-11f1-ab12-eeee0a941739.note-for-approval-srv#flowable-async-job-executor-thread-82467#
[PollStartAppStatusExecution] 7037cbc0-f596-4751-ad38-f95db4aad153 [2026-09-11T07:17:44.046060] Starting app with guid 7037cbc0-f596-4751-ad38-f95db4aad153 (STDOUT, API)#
#2026 09 11 07:17:53.791#Z#DEBUG#b0b272a9-adb0-11f1-ab12-eeee0a941739.note-for-approval-srv#flowable-async-job-executor-thread-82467#
[PollStartAppStatusExecution] 7037cbc0-f596-4751-ad38-f95db4aad153 [2026-09-11T07:17:44.321046] Cell b7253217-dd97-480b-8e1c-8dfeed7d29c5 creating container for instance d4f49613-4fe9-4a2e-5c27-f0b1 (STDOUT, CELL)#
#2026 09 11 07:17:53.791#Z#DEBUG#b0b272a9-adb0-11f1-ab12-eeee0a941739.note-for-approval-srv#flowable-async-job-executor-thread-82467#
[PollStartAppStatusExecution] 7037cbc0-f596-4751-ad38-f95db4aad153 [2026-09-11T07:17:44.855535] Security group rules were updated (STDOUT, CELL)#
#2026 09 11 07:17:53.791#Z#DEBUG#b0b272a9-adb0-11f1-ab12-eeee0a941739.note-for-approval-srv#flowable-async-job-executor-thread-82467#
[PollStartAppStatusExecution] 7037cbc0-f596-4751-ad38-f95db4aad153 [2026-09-11T07:17:44.916362] Cell b7253217-dd97-480b-8e1c-8dfeed7d29c5 successfully created container for instance d4f49613-4fe9-4a2e-5c27-f0b1 (STDOUT, CELL)#
#2026 09 11 07:17:53.791#Z#DEBUG#b0b272a9-adb0-11f1-ab12-eeee0a941739.note-for-approval-srv#flowable-async-job-executor-thread-82467#
[PollStartAppStatusExecution] 7037cbc0-f596-4751-ad38-f95db4aad153 [2026-09-11T07:17:45.512455] Downloading droplet... (STDOUT, CELL)#
#2026 09 11 07:17:53.791#Z#DEBUG#b0b272a9-adb0-11f1-ab12-eeee0a941739.note-for-approval-srv#flowable-async-job-executor-thread-82467#
[PollStartAppStatusExecution] 7037cbc0-f596-4751-ad38-f95db4aad153 [2026-09-11T07:17:50.264432] Downloaded droplet (75.2M) (STDOUT, CELL)#
#2026 09 11 07:17:53.791#Z#DEBUG#b0b272a9-adb0-11f1-ab12-eeee0a941739.note-for-approval-srv#flowable-async-job-executor-thread-82467#
[PollStartAppStatusExecution] 7037cbc0-f596-4751-ad38-f95db4aad153 [2026-09-11T07:17:50.264554] Starting health monitoring of container (STDOUT, CELL)#
#2026 09 11 07:17:53.791#Z#DEBUG#b0b272a9-adb0-11f1-ab12-eeee0a941739.note-for-approval-srv#flowable-async-job-executor-thread-82467#
[PollStartAppStatusExecution] 7037cbc0-f596-4751-ad38-f95db4aad153 [2026-09-11T07:17:50.343379] Invoking pre-start scripts. (STDOUT, APP/PROC/WEB)#
#2026 09 11 07:17:53.791#Z#DEBUG#b0b272a9-adb0-11f1-ab12-eeee0a941739.note-for-approval-srv#flowable-async-job-executor-thread-82467#
[PollStartAppStatusExecution] 7037cbc0-f596-4751-ad38-f95db4aad153 [2026-09-11T07:17:50.520867] Invoking start command. (STDOUT, APP/PROC/WEB)#
#2026 09 11 07:17:53.791#Z#DEBUG#b0b272a9-adb0-11f1-ab12-eeee0a941739.note-for-approval-srv#flowable-async-job-executor-thread-82467#
[PollStartAppStatusExecution] 7037cbc0-f596-4751-ad38-f95db4aad153 [2026-09-11T07:17:50.864967] > note-for-approval@1.0.0 start (STDOUT, APP/PROC/WEB)#
#2026 09 11 07:17:53.791#Z#DEBUG#b0b272a9-adb0-11f1-ab12-eeee0a941739.note-for-approval-srv#flowable-async-job-executor-thread-82467#
[PollStartAppStatusExecution] 7037cbc0-f596-4751-ad38-f95db4aad153 [2026-09-11T07:17:50.864992] > cds-serve (STDOUT, APP/PROC/WEB)#
#2026 09 11 07:17:53.791#Z#DEBUG#b0b272a9-adb0-11f1-ab12-eeee0a941739.note-for-approval-srv#flowable-async-job-executor-thread-82467#
[PollStartAppStatusExecution] 7037cbc0-f596-4751-ad38-f95db4aad153 [2026-09-11T07:17:51.240790] {"level":"info","logger":"cds","timestamp":"2026-09-11T07:17:51.239Z","layer":"cds","component_type":"application","container_id":"10.37.193.11","component_id":"7037cbc0-f596-4751-ad38-f95db4aad153","component_name":"note-for-approval-srv","component_instance":0,"source_instance":0,"organization_name":"BrainBox Consulting BV_BrainboxConsultingIG","organization_id":"f75518ee-c52e-4c0f-8577-d43c69acffc3","space_name":"dev","space_id":"68e32ac3-8ca0-48aa-af92-b0c9129360d2","msg":"loaded model from 1 file(s):\n ","type":"log"} (STDOUT, APP/PROC/WEB)#
#2026 09 11 07:17:53.791#Z#DEBUG#b0b272a9-adb0-11f1-ab12-eeee0a941739.note-for-approval-srv#flowable-async-job-executor-thread-82467#
[PollStartAppStatusExecution] 7037cbc0-f596-4751-ad38-f95db4aad153 [2026-09-11T07:17:51.241176] srv/csn.json (STDOUT, APP/PROC/WEB)#
#2026 09 11 07:17:53.791#Z#DEBUG#b0b272a9-adb0-11f1-ab12-eeee0a941739.note-for-approval-srv#flowable-async-job-executor-thread-82467#
[PollStartAppStatusExecution] 7037cbc0-f596-4751-ad38-f95db4aad153 [2026-09-11T07:17:51.437415] {"level":"info","logger":"cds","timestamp":"2026-09-11T07:17:51.436Z","layer":"cds","component_type":"application","container_id":"10.37.193.11","component_id":"7037cbc0-f596-4751-ad38-f95db4aad153","component_name":"note-for-approval-srv","component_instance":0,"source_instance":0,"organization_name":"BrainBox Consulting BV_BrainboxConsultingIG","organization_id":"f75518ee-c52e-4c0f-8577-d43c69acffc3","space_name":"dev","space_id":"68e32ac3-8ca0-48aa-af92-b0c9129360d2","msg":"connect to db > hana {\n  database_id: '515914fa-5961-4165-850a-c7521c36eb7e',\n  host: '515914fa-5961-4165-850a-c7521c36eb7e.hna2.prod-eu10.hanacloud.ondemand.com',\n  port: '443',\n  driver: 'com.sap.db.jdbc.Driver',\n  url: 'jdbc:sap://515914fa-5961-4165-850a-c7521c36eb7e.hna2.prod-eu10.hanacloud.ondemand.com:443?encrypt=true&validateCertificate=true&currentschema=2B675D72292B448193BD1EFA9367B0B8',\n  schema: '2B675D72292B448193BD1EFA9367B0B8',\n  certificate: '...',\n  hdi_user: '2B675D72292B448193BD1EFA9367B0B8_00A8LL98C181TUHEJE913SIFY_DT',\n  hdi_password: '...',\n  user: '2B675D72292B448193BD1EFA9367B0B8_00A8LL98C181TUHEJE913SIFY_RT',\n  password: '...'\n}","type":"log"} (STDOUT, APP/PROC/WEB)#
#2026 09 11 07:17:53.791#Z#DEBUG#b0b272a9-adb0-11f1-ab12-eeee0a941739.note-for-approval-srv#flowable-async-job-executor-thread-82467#
[PollStartAppStatusExecution] 7037cbc0-f596-4751-ad38-f95db4aad153 [2026-09-11T07:17:51.737056] ◇ injected env (0) from .env // tip: ⌘ enable debugging { debug: true } (STDOUT, APP/PROC/WEB)#
#2026 09 11 07:17:53.791#Z#DEBUG#b0b272a9-adb0-11f1-ab12-eeee0a941739.note-for-approval-srv#flowable-async-job-executor-thread-82467#
[PollStartAppStatusExecution] 7037cbc0-f596-4751-ad38-f95db4aad153 [2026-09-11T07:17:51.766573] {"level":"info","logger":"attachments","timestamp":"2026-09-11T07:17:51.766Z","layer":"cds","component_type":"application","container_id":"10.37.193.11","component_id":"7037cbc0-f596-4751-ad38-f95db4aad153","component_name":"note-for-approval-srv","component_instance":0,"source_instance":0,"organization_name":"BrainBox Consulting BV_BrainboxConsultingIG","organization_id":"f75518ee-c52e-4c0f-8577-d43c69acffc3","space_name":"dev","space_id":"68e32ac3-8ca0-48aa-af92-b0c9129360d2","msg":"Using aws-s3 for attachments management.","type":"log"} (STDOUT, APP/PROC/WEB)#
#2026 09 11 07:17:53.791#Z#DEBUG#b0b272a9-adb0-11f1-ab12-eeee0a941739.note-for-approval-srv#flowable-async-job-executor-thread-82467#
[PollStartAppStatusExecution] 7037cbc0-f596-4751-ad38-f95db4aad153 [2026-09-11T07:17:51.825958] {"level":"warn","logger":"cds","timestamp":"2026-09-11T07:17:51.825Z","layer":"cds","component_type":"application","container_id":"10.37.193.11","component_id":"7037cbc0-f596-4751-ad38-f95db4aad153","component_name":"note-for-approval-srv","component_instance":0,"source_instance":0,"organization_name":"BrainBox Consulting BV_BrainboxConsultingIG","organization_id":"f75518ee-c52e-4c0f-8577-d43c69acffc3","space_name":"dev","space_id":"68e32ac3-8ca0-48aa-af92-b0c9129360d2","msg":"\u001b[33m \n------------------------------------------------------------------------------ \nDEPRECATED: cds.requires.<srv>.outbox \n \n   Config cds.requires.<srv>.outbox is deprecated and will be removed in upcoming releases! \n   => Please use cds.requires.<srv>.outboxed instead. \n \n------------------------------------------------------------------------------\n \u001b[0m","type":"log"} (STDERR, APP/PROC/WEB)#
#2026 09 11 07:17:53.791#Z#DEBUG#b0b272a9-adb0-11f1-ab12-eeee0a941739.note-for-approval-srv#flowable-async-job-executor-thread-82467#
[PollStartAppStatusExecution] 7037cbc0-f596-4751-ad38-f95db4aad153 [2026-09-11T07:17:51.826067] {"level":"info","logger":"cds","timestamp":"2026-09-11T07:17:51.825Z","layer":"cds","component_type":"application","container_id":"10.37.193.11","component_id":"7037cbc0-f596-4751-ad38-f95db4aad153","component_name":"note-for-approval-srv","component_instance":0,"source_instance":0,"organization_name":"BrainBox Consulting BV_BrainboxConsultingIG","organization_id":"f75518ee-c52e-4c0f-8577-d43c69acffc3","space_name":"dev","space_id":"68e32ac3-8ca0-48aa-af92-b0c9129360d2","msg":"connect to attachments > standard ","type":"log"} (STDOUT, APP/PROC/WEB)#
#2026 09 11 07:17:53.791#Z#DEBUG#b0b272a9-adb0-11f1-ab12-eeee0a941739.note-for-approval-srv#flowable-async-job-executor-thread-82467#
[PollStartAppStatusExecution] 7037cbc0-f596-4751-ad38-f95db4aad153 [2026-09-11T07:17:51.829084] {"level":"info","logger":"cds","timestamp":"2026-09-11T07:17:51.828Z","layer":"cds","component_type":"application","container_id":"10.37.193.11","component_id":"7037cbc0-f596-4751-ad38-f95db4aad153","component_name":"note-for-approval-srv","component_instance":0,"source_instance":0,"organization_name":"BrainBox Consulting BV_BrainboxConsultingIG","organization_id":"f75518ee-c52e-4c0f-8577-d43c69acffc3","space_name":"dev","space_id":"68e32ac3-8ca0-48aa-af92-b0c9129360d2","msg":"using auth strategy { kind: 'dummy' }","type":"log"} (STDOUT, APP/PROC/WEB)#
#2026 09 11 07:17:53.791#Z#DEBUG#b0b272a9-adb0-11f1-ab12-eeee0a941739.note-for-approval-srv#flowable-async-job-executor-thread-82467#
[PollStartAppStatusExecution] 7037cbc0-f596-4751-ad38-f95db4aad153 [2026-09-11T07:17:51.833888] {"level":"info","logger":"cds","timestamp":"2026-09-11T07:17:51.833Z","layer":"cds","component_type":"application","container_id":"10.37.193.11","component_id":"7037cbc0-f596-4751-ad38-f95db4aad153","component_name":"note-for-approval-srv","component_instance":0,"source_instance":0,"organization_name":"BrainBox Consulting BV_BrainboxConsultingIG","organization_id":"f75518ee-c52e-4c0f-8577-d43c69acffc3","space_name":"dev","space_id":"68e32ac3-8ca0-48aa-af92-b0c9129360d2","msg":"serving NFAService {\n  at: [ '/odata/v4/nfa' ],\n  decl: 'srv/csn.json:1224',\n  impl: 'srv/service.js'\n}","type":"log"} (STDOUT, APP/PROC/WEB)#
#2026 09 11 07:17:53.791#Z#DEBUG#b0b272a9-adb0-11f1-ab12-eeee0a941739.note-for-approval-srv#flowable-async-job-executor-thread-82467#
[PollStartAppStatusExecution] 7037cbc0-f596-4751-ad38-f95db4aad153 [2026-09-11T07:17:51.838616] {"level":"info","logger":"cds","timestamp":"2026-09-11T07:17:51.838Z","layer":"cds","component_type":"application","container_id":"10.37.193.11","component_id":"7037cbc0-f596-4751-ad38-f95db4aad153","component_name":"note-for-approval-srv","component_instance":0,"source_instance":0,"organization_name":"BrainBox Consulting BV_BrainboxConsultingIG","organization_id":"f75518ee-c52e-4c0f-8577-d43c69acffc3","space_name":"dev","space_id":"68e32ac3-8ca0-48aa-af92-b0c9129360d2","msg":"server listening on { url: 'http://localhost:8080' }","type":"log"} (STDOUT, APP/PROC/WEB)#
#2026 09 11 07:17:53.791#Z#DEBUG#b0b272a9-adb0-11f1-ab12-eeee0a941739.note-for-approval-srv#flowable-async-job-executor-thread-82467#
[PollStartAppStatusExecution] 7037cbc0-f596-4751-ad38-f95db4aad153 [2026-09-11T07:17:51.838690] {"level":"info","logger":"cds","timestamp":"2026-09-11T07:17:51.838Z","layer":"cds","component_type":"application","container_id":"10.37.193.11","component_id":"7037cbc0-f596-4751-ad38-f95db4aad153","component_name":"note-for-approval-srv","component_instance":0,"source_instance":0,"organization_name":"BrainBox Consulting BV_BrainboxConsultingIG","organization_id":"f75518ee-c52e-4c0f-8577-d43c69acffc3","space_name":"dev","space_id":"68e32ac3-8ca0-48aa-af92-b0c9129360d2","msg":"server v10.0.5 launched in 963 ms","type":"log"} (STDOUT, APP/PROC/WEB)#
#2026 09 11 07:17:53.791#Z#DEBUG#b0b272a9-adb0-11f1-ab12-eeee0a941739.note-for-approval-srv#flowable-async-job-executor-thread-82467#
[PollStartAppStatusExecution] 7037cbc0-f596-4751-ad38-f95db4aad153 [2026-09-11T07:17:53.416060] Container became healthy (STDOUT, CELL)#
#2026 09 11 07:17:53.791#Z#DEBUG#b0b272a9-adb0-11f1-ab12-eeee0a941739.note-for-approval-srv#flowable-async-job-executor-thread-82467#
[PollStartAppStatusExecution] 7037cbc0-f596-4751-ad38-f95db4aad153 [2026-09-11T07:17:53.445871] Process became ready with guid 7037cbc0-f596-4751-ad38-f95db4aad153 payload: {"instance"=>"d4f49613-4fe9-4a2e-5c27-f0b1", "index"=>0, "cell_id"=>"b7253217-dd97-480b-8e1c-8dfeed7d29c5", "ready"=>true, "version"=>"89c9986e-d4a3-4191-82e4-6ef67366d7d3"} (STDOUT, API)#
