#2026 09 11 07:17:03.732#Z#DEBUG#b0b272a9-adb0-11f1-ab12-eeee0a941739.note-for-approval#flowable-async-job-executor-thread-31300#
[PollStartAppStatusExecution] 00415b23-d656-42e4-9089-360c286d1f4f [2026-09-11T07:16:35.051558] Updated app with guid 00415b23-d656-42e4-9089-360c286d1f4f ({"lifecycle"=>{"data"=>{"buildpacks"=>[]}, "type"=>"buildpack"}}) (STDOUT, API)#
#2026 09 11 07:17:03.732#Z#DEBUG#b0b272a9-adb0-11f1-ab12-eeee0a941739.note-for-approval#flowable-async-job-executor-thread-31300#
[PollStartAppStatusExecution] 00415b23-d656-42e4-9089-360c286d1f4f [2026-09-11T07:16:35.187146] Updating process: "web" (STDOUT, API)#
#2026 09 11 07:17:03.732#Z#DEBUG#b0b272a9-adb0-11f1-ab12-eeee0a941739.note-for-approval#flowable-async-job-executor-thread-31300#
[PollStartAppStatusExecution] 00415b23-d656-42e4-9089-360c286d1f4f [2026-09-11T07:16:54.482312] Stopping app with guid 00415b23-d656-42e4-9089-360c286d1f4f (STDOUT, API)#
#2026 09 11 07:17:03.732#Z#DEBUG#b0b272a9-adb0-11f1-ab12-eeee0a941739.note-for-approval#flowable-async-job-executor-thread-31300#
[PollStartAppStatusExecution] 00415b23-d656-42e4-9089-360c286d1f4f [2026-09-11T07:16:54.540403] Cell fba88303-596a-4c69-b7ce-05667b129ed0 stopping instance 28e96ba0-f944-4f24-71f0-662f (STDOUT, CELL)#
#2026 09 11 07:17:03.732#Z#DEBUG#b0b272a9-adb0-11f1-ab12-eeee0a941739.note-for-approval#flowable-async-job-executor-thread-31300#
[PollStartAppStatusExecution] 00415b23-d656-42e4-9089-360c286d1f4f [2026-09-11T07:16:54.763155] Starting app with guid 00415b23-d656-42e4-9089-360c286d1f4f (STDOUT, API)#
#2026 09 11 07:17:03.732#Z#DEBUG#b0b272a9-adb0-11f1-ab12-eeee0a941739.note-for-approval#flowable-async-job-executor-thread-31300#
[PollStartAppStatusExecution] 00415b23-d656-42e4-9089-360c286d1f4f [2026-09-11T07:16:55.013134] Cell 51d6b3a1-a261-4de7-b617-db0b77cb9074 creating container for instance 2738528c-4a76-4e34-74ab-cc48 (STDOUT, CELL)#
#2026 09 11 07:17:03.732#Z#DEBUG#b0b272a9-adb0-11f1-ab12-eeee0a941739.note-for-approval#flowable-async-job-executor-thread-31300#
[PollStartAppStatusExecution] 00415b23-d656-42e4-9089-360c286d1f4f [2026-09-11T07:16:55.637946] Security group rules were updated (STDOUT, CELL)#
#2026 09 11 07:17:03.732#Z#DEBUG#b0b272a9-adb0-11f1-ab12-eeee0a941739.note-for-approval#flowable-async-job-executor-thread-31300#
[PollStartAppStatusExecution] 00415b23-d656-42e4-9089-360c286d1f4f [2026-09-11T07:16:55.699885] Cell 51d6b3a1-a261-4de7-b617-db0b77cb9074 successfully created container for instance 2738528c-4a76-4e34-74ab-cc48 (STDOUT, CELL)#
#2026 09 11 07:17:03.732#Z#DEBUG#b0b272a9-adb0-11f1-ab12-eeee0a941739.note-for-approval#flowable-async-job-executor-thread-31300#
[PollStartAppStatusExecution] 00415b23-d656-42e4-9089-360c286d1f4f [2026-09-11T07:16:56.072452] Downloading droplet... (STDOUT, CELL)#
#2026 09 11 07:17:03.732#Z#DEBUG#b0b272a9-adb0-11f1-ab12-eeee0a941739.note-for-approval#flowable-async-job-executor-thread-31300#
[PollStartAppStatusExecution] 00415b23-d656-42e4-9089-360c286d1f4f [2026-09-11T07:16:59.320895] Downloaded droplet (62.4M) (STDOUT, CELL)#
#2026 09 11 07:17:03.732#Z#DEBUG#b0b272a9-adb0-11f1-ab12-eeee0a941739.note-for-approval#flowable-async-job-executor-thread-31300#
[PollStartAppStatusExecution] 00415b23-d656-42e4-9089-360c286d1f4f [2026-09-11T07:16:59.321111] Starting health monitoring of container (STDOUT, CELL)#
#2026 09 11 07:17:03.732#Z#DEBUG#b0b272a9-adb0-11f1-ab12-eeee0a941739.note-for-approval#flowable-async-job-executor-thread-31300#
[PollStartAppStatusExecution] 00415b23-d656-42e4-9089-360c286d1f4f [2026-09-11T07:16:59.400926] Invoking pre-start scripts. (STDOUT, APP/PROC/WEB)#
#2026 09 11 07:17:03.732#Z#DEBUG#b0b272a9-adb0-11f1-ab12-eeee0a941739.note-for-approval#flowable-async-job-executor-thread-31300#
[PollStartAppStatusExecution] 00415b23-d656-42e4-9089-360c286d1f4f [2026-09-11T07:16:59.572945] Invoking start command. (STDOUT, APP/PROC/WEB)#
#2026 09 11 07:17:03.732#Z#DEBUG#b0b272a9-adb0-11f1-ab12-eeee0a941739.note-for-approval#flowable-async-job-executor-thread-31300#
[PollStartAppStatusExecution] 00415b23-d656-42e4-9089-360c286d1f4f [2026-09-11T07:16:59.906377] > start (STDOUT, APP/PROC/WEB)#
#2026 09 11 07:17:03.732#Z#DEBUG#b0b272a9-adb0-11f1-ab12-eeee0a941739.note-for-approval#flowable-async-job-executor-thread-31300#
[PollStartAppStatusExecution] 00415b23-d656-42e4-9089-360c286d1f4f [2026-09-11T07:16:59.906404] > node node_modules/@sap/approuter/approuter.js (STDOUT, APP/PROC/WEB)#
#2026 09 11 07:17:03.732#Z#DEBUG#b0b272a9-adb0-11f1-ab12-eeee0a941739.note-for-approval#flowable-async-job-executor-thread-31300#
[PollStartAppStatusExecution] 00415b23-d656-42e4-9089-360c286d1f4f [2026-09-11T07:17:00.062908] {"written_at":"2026-09-11T07:17:00.061Z","written_ts":1789111020061000000,"csn_component":"-","correlation_id":"-","type":"log","logger":"nodejs-logger","layer":"/LoggingLibrary","level":"warning","container_id":"10.37.194.10","component_type":"application","component_id":"00415b23-d656-42e4-9089-360c286d1f4f","component_name":"note-for-approval","component_instance":-1,"source_instance":-1,"organization_id":"f75518ee-c52e-4c0f-8577-d43c69acffc3","organization_name":"BrainBox Consulting BV_BrainboxConsultingIG","space_id":"68e32ac3-8ca0-48aa-af92-b0c9129360d2","space_name":"dev","context_id":"","msg":"Dynamic log level switching not available"} (STDOUT, APP/PROC/WEB)#
#2026 09 11 07:17:03.732#Z#DEBUG#b0b272a9-adb0-11f1-ab12-eeee0a941739.note-for-approval#flowable-async-job-executor-thread-31300#
[PollStartAppStatusExecution] 00415b23-d656-42e4-9089-360c286d1f4f [2026-09-11T07:17:00.476021] {"written_at":"2026-09-11T07:17:00.475Z","written_ts":1789111020475000000,"csn_component":"-","correlation_id":"mtwmiaij","type":"log","logger":"nodejs-logger","layer":"/approuter","level":"info","container_id":"10.37.194.10","component_type":"application","component_id":"00415b23-d656-42e4-9089-360c286d1f4f","component_name":"note-for-approval","component_instance":-1,"source_instance":-1,"organization_id":"f75518ee-c52e-4c0f-8577-d43c69acffc3","organization_name":"BrainBox Consulting BV_BrainboxConsultingIG","space_id":"68e32ac3-8ca0-48aa-af92-b0c9129360d2","space_name":"dev","context_id":"mtwmiaij","msg":"Application router version 22.0.3"} (STDOUT, APP/PROC/WEB)#
#2026 09 11 07:17:03.732#Z#DEBUG#b0b272a9-adb0-11f1-ab12-eeee0a941739.note-for-approval#flowable-async-job-executor-thread-31300#
[PollStartAppStatusExecution] 00415b23-d656-42e4-9089-360c286d1f4f [2026-09-11T07:17:00.478468] {"written_at":"2026-09-11T07:17:00.478Z","written_ts":1789111020478000000,"csn_component":"-","correlation_id":"mtwmiaim","type":"log","logger":"nodejs-logger","layer":"/Configuration","level":"info","container_id":"10.37.194.10","component_type":"application","component_id":"00415b23-d656-42e4-9089-360c286d1f4f","component_name":"note-for-approval","component_instance":-1,"source_instance":-1,"organization_id":"f75518ee-c52e-4c0f-8577-d43c69acffc3","organization_name":"BrainBox Consulting BV_BrainboxConsultingIG","space_id":"68e32ac3-8ca0-48aa-af92-b0c9129360d2","space_name":"dev","context_id":"mtwmiaim","msg":"No COOKIES environment variable"} (STDOUT, APP/PROC/WEB)#
#2026 09 11 07:17:03.732#Z#DEBUG#b0b272a9-adb0-11f1-ab12-eeee0a941739.note-for-approval#flowable-async-job-executor-thread-31300#
[PollStartAppStatusExecution] 00415b23-d656-42e4-9089-360c286d1f4f [2026-09-11T07:17:00.483912] {"written_at":"2026-09-11T07:17:00.483Z","written_ts":1789111020483000000,"csn_component":"-","correlation_id":"mtwmiair","type":"log","logger":"nodejs-logger","layer":"/Configuration","level":"info","container_id":"10.37.194.10","component_type":"application","component_id":"00415b23-d656-42e4-9089-360c286d1f4f","component_name":"note-for-approval","component_instance":-1,"source_instance":-1,"organization_id":"f75518ee-c52e-4c0f-8577-d43c69acffc3","organization_name":"BrainBox Consulting BV_BrainboxConsultingIG","space_id":"68e32ac3-8ca0-48aa-af92-b0c9129360d2","space_name":"dev","context_id":"mtwmiair","msg":"Replacing $XSAPPNAME will not take place - 'xsappname' property not found in UAA configuration."} (STDOUT, APP/PROC/WEB)#
#2026 09 11 07:17:03.732#Z#DEBUG#b0b272a9-adb0-11f1-ab12-eeee0a941739.note-for-approval#flowable-async-job-executor-thread-31300#
[PollStartAppStatusExecution] 00415b23-d656-42e4-9089-360c286d1f4f [2026-09-11T07:17:00.517414] {"written_at":"2026-09-11T07:17:00.517Z","written_ts":1789111020517000000,"csn_component":"-","correlation_id":"mtwmiaij","type":"log","logger":"nodejs-logger","layer":"/approuter","level":"info","container_id":"10.37.194.10","component_type":"application","component_id":"00415b23-d656-42e4-9089-360c286d1f4f","component_name":"note-for-approval","component_instance":-1,"source_instance":-1,"organization_id":"f75518ee-c52e-4c0f-8577-d43c69acffc3","organization_name":"BrainBox Consulting BV_BrainboxConsultingIG","space_id":"68e32ac3-8ca0-48aa-af92-b0c9129360d2","space_name":"dev","context_id":"mtwmiaij","msg":"Application router is listening on port: 8080"} (STDOUT, APP/PROC/WEB)#
#2026 09 11 07:17:03.732#Z#DEBUG#b0b272a9-adb0-11f1-ab12-eeee0a941739.note-for-approval#flowable-async-job-executor-thread-31300#
[PollStartAppStatusExecution] 00415b23-d656-42e4-9089-360c286d1f4f [2026-09-11T07:17:02.105739] Container became healthy (STDOUT, CELL)#
#2026 09 11 07:17:03.732#Z#DEBUG#b0b272a9-adb0-11f1-ab12-eeee0a941739.note-for-approval#flowable-async-job-executor-thread-31300#
[PollStartAppStatusExecution] 00415b23-d656-42e4-9089-360c286d1f4f [2026-09-11T07:17:02.138538] Process became ready with guid 00415b23-d656-42e4-9089-360c286d1f4f payload: {"instance"=>"2738528c-4a76-4e34-74ab-cc48", "index"=>0, "cell_id"=>"51d6b3a1-a261-4de7-b617-db0b77cb9074", "ready"=>true, "version"=>"186ed819-f415-4500-9421-611a30fc0473"} (STDOUT, API)#
