#2026 09 11 07:17:03.657#Z#DEBUG#b0b272a9-adb0-11f1-ab12-eeee0a941739.note-for-approval-db-deployer#flowable-async-job-executor-thread-82363#
[PollStageAppStatusExecution] cfa7ca5e-15f8-47db-8f56-b1eb52c10373 [2026-09-11T07:16:34.454061] Updated app with guid cfa7ca5e-15f8-47db-8f56-b1eb52c10373 ({"lifecycle"=>{"data"=>{"buildpacks"=>["nodejs_buildpack"]}, "type"=>"buildpack"}}) (STDOUT, API)#
#2026 09 11 07:17:03.657#Z#DEBUG#b0b272a9-adb0-11f1-ab12-eeee0a941739.note-for-approval-db-deployer#flowable-async-job-executor-thread-82363#
[PollStageAppStatusExecution] cfa7ca5e-15f8-47db-8f56-b1eb52c10373 [2026-09-11T07:16:34.558914] Updating process: "web" (STDOUT, API)#
#2026 09 11 07:17:03.657#Z#DEBUG#b0b272a9-adb0-11f1-ab12-eeee0a941739.note-for-approval-db-deployer#flowable-async-job-executor-thread-82363#
[PollStageAppStatusExecution] cfa7ca5e-15f8-47db-8f56-b1eb52c10373 [2026-09-11T07:16:43.744170] Uploading app package for app with guid cfa7ca5e-15f8-47db-8f56-b1eb52c10373 (STDOUT, API)#
#2026 09 11 07:17:03.657#Z#DEBUG#b0b272a9-adb0-11f1-ab12-eeee0a941739.note-for-approval-db-deployer#flowable-async-job-executor-thread-82363#
[PollStageAppStatusExecution] cfa7ca5e-15f8-47db-8f56-b1eb52c10373 [2026-09-11T07:16:43.941837] Updated app with guid cfa7ca5e-15f8-47db-8f56-b1eb52c10373 ({"environment_variables"=>"[PRIVATE DATA HIDDEN]"}) (STDOUT, API)#
#2026 09 11 07:17:03.657#Z#DEBUG#b0b272a9-adb0-11f1-ab12-eeee0a941739.note-for-approval-db-deployer#flowable-async-job-executor-thread-82363#
[PollStageAppStatusExecution] cfa7ca5e-15f8-47db-8f56-b1eb52c10373 [2026-09-11T07:16:53.819596] Creating build for app with guid cfa7ca5e-15f8-47db-8f56-b1eb52c10373 (STDOUT, API)#
#2026 09 11 07:17:03.657#Z#DEBUG#b0b272a9-adb0-11f1-ab12-eeee0a941739.note-for-approval-db-deployer#flowable-async-job-executor-thread-82363#
[PollStageAppStatusExecution] cfa7ca5e-15f8-47db-8f56-b1eb52c10373 [2026-09-11T07:16:54.189191] Downloading nodejs_buildpack... (STDOUT, STG)#
#2026 09 11 07:17:03.657#Z#DEBUG#b0b272a9-adb0-11f1-ab12-eeee0a941739.note-for-approval-db-deployer#flowable-async-job-executor-thread-82363#
[PollStageAppStatusExecution] cfa7ca5e-15f8-47db-8f56-b1eb52c10373 [2026-09-11T07:16:54.225916] Downloaded nodejs_buildpack (STDOUT, STG)#
#2026 09 11 07:17:03.657#Z#DEBUG#b0b272a9-adb0-11f1-ab12-eeee0a941739.note-for-approval-db-deployer#flowable-async-job-executor-thread-82363#
[PollStageAppStatusExecution] cfa7ca5e-15f8-47db-8f56-b1eb52c10373 [2026-09-11T07:16:54.225976] Cell 0c0e7a5b-362b-4cc5-bf41-a2829fd93490 creating container for instance 2a634f7d-9439-4297-884d-0ae7a7220a4e (STDOUT, STG)#
#2026 09 11 07:17:03.657#Z#DEBUG#b0b272a9-adb0-11f1-ab12-eeee0a941739.note-for-approval-db-deployer#flowable-async-job-executor-thread-82363#
[PollStageAppStatusExecution] cfa7ca5e-15f8-47db-8f56-b1eb52c10373 [2026-09-11T07:16:54.948588] Security group rules were updated (STDOUT, STG)#
#2026 09 11 07:17:03.657#Z#DEBUG#b0b272a9-adb0-11f1-ab12-eeee0a941739.note-for-approval-db-deployer#flowable-async-job-executor-thread-82363#
[PollStageAppStatusExecution] cfa7ca5e-15f8-47db-8f56-b1eb52c10373 [2026-09-11T07:16:55.018808] Cell 0c0e7a5b-362b-4cc5-bf41-a2829fd93490 successfully created container for instance 2a634f7d-9439-4297-884d-0ae7a7220a4e (STDOUT, STG)#
#2026 09 11 07:17:03.657#Z#DEBUG#b0b272a9-adb0-11f1-ab12-eeee0a941739.note-for-approval-db-deployer#flowable-async-job-executor-thread-82363#
[PollStageAppStatusExecution] cfa7ca5e-15f8-47db-8f56-b1eb52c10373 [2026-09-11T07:16:56.064653] Downloading app package... (STDOUT, STG)#
#2026 09 11 07:17:03.657#Z#DEBUG#b0b272a9-adb0-11f1-ab12-eeee0a941739.note-for-approval-db-deployer#flowable-async-job-executor-thread-82363#
[PollStageAppStatusExecution] cfa7ca5e-15f8-47db-8f56-b1eb52c10373 [2026-09-11T07:16:56.064659] Downloading build artifacts cache... (STDOUT, STG)#
#2026 09 11 07:17:03.657#Z#DEBUG#b0b272a9-adb0-11f1-ab12-eeee0a941739.note-for-approval-db-deployer#flowable-async-job-executor-thread-82363#
[PollStageAppStatusExecution] cfa7ca5e-15f8-47db-8f56-b1eb52c10373 [2026-09-11T07:16:56.145230] Downloaded build artifacts cache (222B) (STDOUT, STG)#
#2026 09 11 07:17:03.657#Z#DEBUG#b0b272a9-adb0-11f1-ab12-eeee0a941739.note-for-approval-db-deployer#flowable-async-job-executor-thread-82363#
[PollStageAppStatusExecution] cfa7ca5e-15f8-47db-8f56-b1eb52c10373 [2026-09-11T07:16:56.289023] Downloaded app package (2.3M) (STDOUT, STG)#
#2026 09 11 07:17:03.657#Z#DEBUG#b0b272a9-adb0-11f1-ab12-eeee0a941739.note-for-approval-db-deployer#flowable-async-job-executor-thread-82363#
[PollStageAppStatusExecution] cfa7ca5e-15f8-47db-8f56-b1eb52c10373 [2026-09-11T07:16:56.365303] -----> Nodejs Buildpack version 1.9.3 (STDOUT, STG)#
#2026 09 11 07:17:03.657#Z#DEBUG#b0b272a9-adb0-11f1-ab12-eeee0a941739.note-for-approval-db-deployer#flowable-async-job-executor-thread-82363#
[PollStageAppStatusExecution] cfa7ca5e-15f8-47db-8f56-b1eb52c10373 [2026-09-11T07:16:56.448547] -----> Bootstrapping python (STDOUT, STG)#
#2026 09 11 07:17:03.657#Z#DEBUG#b0b272a9-adb0-11f1-ab12-eeee0a941739.note-for-approval-db-deployer#flowable-async-job-executor-thread-82363#
[PollStageAppStatusExecution] cfa7ca5e-15f8-47db-8f56-b1eb52c10373 [2026-09-11T07:16:56.448556] -----> Installing python 3.13.14 (STDOUT, STG)#
#2026 09 11 07:17:03.657#Z#DEBUG#b0b272a9-adb0-11f1-ab12-eeee0a941739.note-for-approval-db-deployer#flowable-async-job-executor-thread-82363#
[PollStageAppStatusExecution] cfa7ca5e-15f8-47db-8f56-b1eb52c10373 [2026-09-11T07:16:56.448722] Copy [/tmp/buildpacks/fca214f8c6e938dc/dependencies/4b4266a2ff36730aef37b88b668ca327/python_3.13.14_linux_x64_cflinuxfs4_b80d4954.tgz] (STDOUT, STG)#
#2026 09 11 07:17:03.657#Z#DEBUG#b0b272a9-adb0-11f1-ab12-eeee0a941739.note-for-approval-db-deployer#flowable-async-job-executor-thread-82363#
[PollStageAppStatusExecution] cfa7ca5e-15f8-47db-8f56-b1eb52c10373 [2026-09-11T07:16:59.800155] -----> Installing binaries (STDOUT, STG)#
#2026 09 11 07:17:03.657#Z#DEBUG#b0b272a9-adb0-11f1-ab12-eeee0a941739.note-for-approval-db-deployer#flowable-async-job-executor-thread-82363#
[PollStageAppStatusExecution] cfa7ca5e-15f8-47db-8f56-b1eb52c10373 [2026-09-11T07:16:59.800255] engines.node (package.json): ^24 (STDOUT, STG)#
#2026 09 11 07:17:03.657#Z#DEBUG#b0b272a9-adb0-11f1-ab12-eeee0a941739.note-for-approval-db-deployer#flowable-async-job-executor-thread-82363#
[PollStageAppStatusExecution] cfa7ca5e-15f8-47db-8f56-b1eb52c10373 [2026-09-11T07:16:59.800270] engines.npm (package.json): unspecified (use default) (STDOUT, STG)#
#2026 09 11 07:17:03.657#Z#DEBUG#b0b272a9-adb0-11f1-ab12-eeee0a941739.note-for-approval-db-deployer#flowable-async-job-executor-thread-82363#
[PollStageAppStatusExecution] cfa7ca5e-15f8-47db-8f56-b1eb52c10373 [2026-09-11T07:16:59.800476] -----> Installing node 24.18.0 (STDOUT, STG)#
#2026 09 11 07:17:03.657#Z#DEBUG#b0b272a9-adb0-11f1-ab12-eeee0a941739.note-for-approval-db-deployer#flowable-async-job-executor-thread-82363#
[PollStageAppStatusExecution] cfa7ca5e-15f8-47db-8f56-b1eb52c10373 [2026-09-11T07:16:59.800523] Copy [/tmp/buildpacks/fca214f8c6e938dc/dependencies/dffbbb835fcd073c4544f78eb6247fac/node_24.18.0_linux_x64_cflinuxfs4_cdfed650.tgz] (STDOUT, STG)#
#2026 09 11 07:17:03.657#Z#DEBUG#b0b272a9-adb0-11f1-ab12-eeee0a941739.note-for-approval-db-deployer#flowable-async-job-executor-thread-82363#
[PollStageAppStatusExecution] cfa7ca5e-15f8-47db-8f56-b1eb52c10373 [2026-09-11T07:17:01.789683] Using default npm version: 11.16.0 (STDOUT, STG)#
#2026 09 11 07:17:03.657#Z#DEBUG#b0b272a9-adb0-11f1-ab12-eeee0a941739.note-for-approval-db-deployer#flowable-async-job-executor-thread-82363#
[PollStageAppStatusExecution] cfa7ca5e-15f8-47db-8f56-b1eb52c10373 [2026-09-11T07:17:01.789708] -----> Installing yarn 1.22.22 (STDOUT, STG)#
#2026 09 11 07:17:03.657#Z#DEBUG#b0b272a9-adb0-11f1-ab12-eeee0a941739.note-for-approval-db-deployer#flowable-async-job-executor-thread-82363#
[PollStageAppStatusExecution] cfa7ca5e-15f8-47db-8f56-b1eb52c10373 [2026-09-11T07:17:01.789846] Copy [/tmp/buildpacks/fca214f8c6e938dc/dependencies/e4fe26756e9984a665478d350474fa2e/yarn_1.22.22_linux_noarch_any-stack_b6132b86.tgz] (STDOUT, STG)#
#2026 09 11 07:17:03.657#Z#DEBUG#b0b272a9-adb0-11f1-ab12-eeee0a941739.note-for-approval-db-deployer#flowable-async-job-executor-thread-82363#
[PollStageAppStatusExecution] cfa7ca5e-15f8-47db-8f56-b1eb52c10373 [2026-09-11T07:17:02.092926] Installed yarn 1.22.22 (STDOUT, STG)#
#2026 09 11 07:17:03.657#Z#DEBUG#b0b272a9-adb0-11f1-ab12-eeee0a941739.note-for-approval-db-deployer#flowable-async-job-executor-thread-82363#
[PollStageAppStatusExecution] cfa7ca5e-15f8-47db-8f56-b1eb52c10373 [2026-09-11T07:17:02.092951] -----> Creating runtime environment (STDOUT, STG)#
#2026 09 11 07:17:03.657#Z#DEBUG#b0b272a9-adb0-11f1-ab12-eeee0a941739.note-for-approval-db-deployer#flowable-async-job-executor-thread-82363#
[PollStageAppStatusExecution] cfa7ca5e-15f8-47db-8f56-b1eb52c10373 [2026-09-11T07:17:02.094741] NODE_ENV=production (STDOUT, STG)#
#2026 09 11 07:17:03.657#Z#DEBUG#b0b272a9-adb0-11f1-ab12-eeee0a941739.note-for-approval-db-deployer#flowable-async-job-executor-thread-82363#
[PollStageAppStatusExecution] cfa7ca5e-15f8-47db-8f56-b1eb52c10373 [2026-09-11T07:17:02.094760] NODE_HOME=/tmp/contents1669589287/deps/0/node (STDOUT, STG)#
#2026 09 11 07:17:03.657#Z#DEBUG#b0b272a9-adb0-11f1-ab12-eeee0a941739.note-for-approval-db-deployer#flowable-async-job-executor-thread-82363#
[PollStageAppStatusExecution] cfa7ca5e-15f8-47db-8f56-b1eb52c10373 [2026-09-11T07:17:02.094764] NODE_MODULES_CACHE=true (STDOUT, STG)#
#2026 09 11 07:17:03.657#Z#DEBUG#b0b272a9-adb0-11f1-ab12-eeee0a941739.note-for-approval-db-deployer#flowable-async-job-executor-thread-82363#
[PollStageAppStatusExecution] cfa7ca5e-15f8-47db-8f56-b1eb52c10373 [2026-09-11T07:17:02.094766] NODE_VERBOSE=false (STDOUT, STG)#
#2026 09 11 07:17:03.657#Z#DEBUG#b0b272a9-adb0-11f1-ab12-eeee0a941739.note-for-approval-db-deployer#flowable-async-job-executor-thread-82363#
[PollStageAppStatusExecution] cfa7ca5e-15f8-47db-8f56-b1eb52c10373 [2026-09-11T07:17:02.094768] NPM_CONFIG_LOGLEVEL=error (STDOUT, STG)#
#2026 09 11 07:17:03.657#Z#DEBUG#b0b272a9-adb0-11f1-ab12-eeee0a941739.note-for-approval-db-deployer#flowable-async-job-executor-thread-82363#
[PollStageAppStatusExecution] cfa7ca5e-15f8-47db-8f56-b1eb52c10373 [2026-09-11T07:17:02.094771] NPM_CONFIG_PRODUCTION=true (STDOUT, STG)#
#2026 09 11 07:17:03.657#Z#DEBUG#b0b272a9-adb0-11f1-ab12-eeee0a941739.note-for-approval-db-deployer#flowable-async-job-executor-thread-82363#
[PollStageAppStatusExecution] cfa7ca5e-15f8-47db-8f56-b1eb52c10373 [2026-09-11T07:17:02.094780] -----> Building dependencies (STDOUT, STG)#
#2026 09 11 07:17:03.657#Z#DEBUG#b0b272a9-adb0-11f1-ab12-eeee0a941739.note-for-approval-db-deployer#flowable-async-job-executor-thread-82363#
[PollStageAppStatusExecution] cfa7ca5e-15f8-47db-8f56-b1eb52c10373 [2026-09-11T07:17:02.094783] Prebuild detected (node_modules already exists) (STDOUT, STG)#
#2026 09 11 07:17:03.657#Z#DEBUG#b0b272a9-adb0-11f1-ab12-eeee0a941739.note-for-approval-db-deployer#flowable-async-job-executor-thread-82363#
[PollStageAppStatusExecution] cfa7ca5e-15f8-47db-8f56-b1eb52c10373 [2026-09-11T07:17:02.094789] Rebuilding any native modules (STDOUT, STG)#
#2026 09 11 07:17:03.657#Z#DEBUG#b0b272a9-adb0-11f1-ab12-eeee0a941739.note-for-approval-db-deployer#flowable-async-job-executor-thread-82363#
[PollStageAppStatusExecution] cfa7ca5e-15f8-47db-8f56-b1eb52c10373 [2026-09-11T07:17:02.548608] rebuilt dependencies successfully (STDOUT, STG)#
#2026 09 11 07:17:03.657#Z#DEBUG#b0b272a9-adb0-11f1-ab12-eeee0a941739.note-for-approval-db-deployer#flowable-async-job-executor-thread-82363#
[PollStageAppStatusExecution] cfa7ca5e-15f8-47db-8f56-b1eb52c10373 [2026-09-11T07:17:02.611456] Installing any new modules (package.json + package-lock.json) (STDOUT, STG)#
#2026 09 11 07:17:03.657#Z#DEBUG#b0b272a9-adb0-11f1-ab12-eeee0a941739.note-for-approval-db-deployer#flowable-async-job-executor-thread-82363#
[PollStageAppStatusExecution] cfa7ca5e-15f8-47db-8f56-b1eb52c10373 [2026-09-11T07:17:02.971722] up to date in 294ms (STDOUT, STG)#
#2026 09 11 07:17:03.657#Z#DEBUG#b0b272a9-adb0-11f1-ab12-eeee0a941739.note-for-approval-db-deployer#flowable-async-job-executor-thread-82363#
[PollStageAppStatusExecution] cfa7ca5e-15f8-47db-8f56-b1eb52c10373 [2026-09-11T07:17:02.972048] 4 packages are looking for funding (STDOUT, STG)#
#2026 09 11 07:17:03.657#Z#DEBUG#b0b272a9-adb0-11f1-ab12-eeee0a941739.note-for-approval-db-deployer#flowable-async-job-executor-thread-82363#
[PollStageAppStatusExecution] cfa7ca5e-15f8-47db-8f56-b1eb52c10373 [2026-09-11T07:17:02.972184] run `npm fund` for details (STDOUT, STG)#
#2026 09 11 07:17:13.680#Z#DEBUG#b0b272a9-adb0-11f1-ab12-eeee0a941739.note-for-approval-db-deployer#flowable-async-job-executor-thread-82376#
[PollStageAppStatusExecution] cfa7ca5e-15f8-47db-8f56-b1eb52c10373 [2026-09-11T07:17:03.516300] Contrast Security no credentials found. Will not write environment files. (STDOUT, STG)#
#2026 09 11 07:17:13.680#Z#DEBUG#b0b272a9-adb0-11f1-ab12-eeee0a941739.note-for-approval-db-deployer#flowable-async-job-executor-thread-82376#
[PollStageAppStatusExecution] cfa7ca5e-15f8-47db-8f56-b1eb52c10373 [2026-09-11T07:17:11.377650] Exit status 0 (STDOUT, STG)#
#2026 09 11 07:17:13.680#Z#DEBUG#b0b272a9-adb0-11f1-ab12-eeee0a941739.note-for-approval-db-deployer#flowable-async-job-executor-thread-82376#
[PollStageAppStatusExecution] cfa7ca5e-15f8-47db-8f56-b1eb52c10373 [2026-09-11T07:17:11.377690] Uploading droplet, build artifacts cache... (STDOUT, STG)#
#2026 09 11 07:17:13.680#Z#DEBUG#b0b272a9-adb0-11f1-ab12-eeee0a941739.note-for-approval-db-deployer#flowable-async-job-executor-thread-82376#
[PollStageAppStatusExecution] cfa7ca5e-15f8-47db-8f56-b1eb52c10373 [2026-09-11T07:17:11.377723] Uploading droplet... (STDOUT, STG)#
#2026 09 11 07:17:13.680#Z#DEBUG#b0b272a9-adb0-11f1-ab12-eeee0a941739.note-for-approval-db-deployer#flowable-async-job-executor-thread-82376#
[PollStageAppStatusExecution] cfa7ca5e-15f8-47db-8f56-b1eb52c10373 [2026-09-11T07:17:11.377809] Uploading build artifacts cache... (STDOUT, STG)#
#2026 09 11 07:17:13.680#Z#DEBUG#b0b272a9-adb0-11f1-ab12-eeee0a941739.note-for-approval-db-deployer#flowable-async-job-executor-thread-82376#
[PollStageAppStatusExecution] cfa7ca5e-15f8-47db-8f56-b1eb52c10373 [2026-09-11T07:17:11.393834] Uploaded build artifacts cache (219B) (STDOUT, STG)#
#2026 09 11 07:17:13.680#Z#DEBUG#b0b272a9-adb0-11f1-ab12-eeee0a941739.note-for-approval-db-deployer#flowable-async-job-executor-thread-82376#
[PollStageAppStatusExecution] cfa7ca5e-15f8-47db-8f56-b1eb52c10373 [2026-09-11T07:17:11.958806] Creating droplet for app with guid cfa7ca5e-15f8-47db-8f56-b1eb52c10373 (STDOUT, API)#
#2026 09 11 07:17:23.769#Z#DEBUG#b0b272a9-adb0-11f1-ab12-eeee0a941739.note-for-approval-db-deployer#flowable-async-job-executor-thread-36715#
[PollStageAppStatusExecution] cfa7ca5e-15f8-47db-8f56-b1eb52c10373 [2026-09-11T07:17:15.028457] Uploaded droplet (59.2M) (STDOUT, STG)#
#2026 09 11 07:17:23.769#Z#DEBUG#b0b272a9-adb0-11f1-ab12-eeee0a941739.note-for-approval-db-deployer#flowable-async-job-executor-thread-36715#
[PollStageAppStatusExecution] cfa7ca5e-15f8-47db-8f56-b1eb52c10373 [2026-09-11T07:17:15.045089] Uploading complete (STDOUT, STG)#
#2026 09 11 07:17:23.769#Z#DEBUG#b0b272a9-adb0-11f1-ab12-eeee0a941739.note-for-approval-db-deployer#flowable-async-job-executor-thread-36715#
[PollStageAppStatusExecution] cfa7ca5e-15f8-47db-8f56-b1eb52c10373 [2026-09-11T07:17:15.942022] Cell 0c0e7a5b-362b-4cc5-bf41-a2829fd93490 stopping instance 2a634f7d-9439-4297-884d-0ae7a7220a4e (STDOUT, STG)#
#2026 09 11 07:17:23.769#Z#DEBUG#b0b272a9-adb0-11f1-ab12-eeee0a941739.note-for-approval-db-deployer#flowable-async-job-executor-thread-36715#
[PollStageAppStatusExecution] cfa7ca5e-15f8-47db-8f56-b1eb52c10373 [2026-09-11T07:17:15.942043] Cell 0c0e7a5b-362b-4cc5-bf41-a2829fd93490 destroying container for instance 2a634f7d-9439-4297-884d-0ae7a7220a4e (STDOUT, STG)#
#2026 09 11 07:17:23.769#Z#DEBUG#b0b272a9-adb0-11f1-ab12-eeee0a941739.note-for-approval-db-deployer#flowable-async-job-executor-thread-36715#
[PollStageAppStatusExecution] cfa7ca5e-15f8-47db-8f56-b1eb52c10373 [2026-09-11T07:17:15.999771] Staging complete for build 2a634f7d-9439-4297-884d-0ae7a7220a4e (STDOUT, API)#
#2026 09 11 07:17:23.769#Z#DEBUG#b0b272a9-adb0-11f1-ab12-eeee0a941739.note-for-approval-db-deployer#flowable-async-job-executor-thread-36715#
[PollStageAppStatusExecution] cfa7ca5e-15f8-47db-8f56-b1eb52c10373 [2026-09-11T07:17:17.546046] Cell 0c0e7a5b-362b-4cc5-bf41-a2829fd93490 successfully destroyed container for instance 2a634f7d-9439-4297-884d-0ae7a7220a4e (STDOUT, STG)#
#2026 09 11 07:17:33.739#Z#DEBUG#b0b272a9-adb0-11f1-ab12-eeee0a941739.note-for-approval-db-deployer#flowable-async-job-executor-thread-82420#
[PollExecuteTaskStatusExecution] cfa7ca5e-15f8-47db-8f56-b1eb52c10373 [2026-09-11T07:16:34.454061] Updated app with guid cfa7ca5e-15f8-47db-8f56-b1eb52c10373 ({"lifecycle"=>{"data"=>{"buildpacks"=>["nodejs_buildpack"]}, "type"=>"buildpack"}}) (STDOUT, API)#
#2026 09 11 07:17:33.739#Z#DEBUG#b0b272a9-adb0-11f1-ab12-eeee0a941739.note-for-approval-db-deployer#flowable-async-job-executor-thread-82420#
[PollExecuteTaskStatusExecution] cfa7ca5e-15f8-47db-8f56-b1eb52c10373 [2026-09-11T07:16:34.558914] Updating process: "web" (STDOUT, API)#
#2026 09 11 07:17:33.739#Z#DEBUG#b0b272a9-adb0-11f1-ab12-eeee0a941739.note-for-approval-db-deployer#flowable-async-job-executor-thread-82420#
[PollExecuteTaskStatusExecution] cfa7ca5e-15f8-47db-8f56-b1eb52c10373 [2026-09-11T07:16:43.744170] Uploading app package for app with guid cfa7ca5e-15f8-47db-8f56-b1eb52c10373 (STDOUT, API)#
#2026 09 11 07:17:33.739#Z#DEBUG#b0b272a9-adb0-11f1-ab12-eeee0a941739.note-for-approval-db-deployer#flowable-async-job-executor-thread-82420#
[PollExecuteTaskStatusExecution] cfa7ca5e-15f8-47db-8f56-b1eb52c10373 [2026-09-11T07:16:43.941837] Updated app with guid cfa7ca5e-15f8-47db-8f56-b1eb52c10373 ({"environment_variables"=>"[PRIVATE DATA HIDDEN]"}) (STDOUT, API)#
#2026 09 11 07:17:33.739#Z#DEBUG#b0b272a9-adb0-11f1-ab12-eeee0a941739.note-for-approval-db-deployer#flowable-async-job-executor-thread-82420#
[PollExecuteTaskStatusExecution] cfa7ca5e-15f8-47db-8f56-b1eb52c10373 [2026-09-11T07:16:53.819596] Creating build for app with guid cfa7ca5e-15f8-47db-8f56-b1eb52c10373 (STDOUT, API)#
#2026 09 11 07:17:33.739#Z#DEBUG#b0b272a9-adb0-11f1-ab12-eeee0a941739.note-for-approval-db-deployer#flowable-async-job-executor-thread-82420#
[PollExecuteTaskStatusExecution] cfa7ca5e-15f8-47db-8f56-b1eb52c10373 [2026-09-11T07:16:54.189191] Downloading nodejs_buildpack... (STDOUT, STG)#
#2026 09 11 07:17:33.739#Z#DEBUG#b0b272a9-adb0-11f1-ab12-eeee0a941739.note-for-approval-db-deployer#flowable-async-job-executor-thread-82420#
[PollExecuteTaskStatusExecution] cfa7ca5e-15f8-47db-8f56-b1eb52c10373 [2026-09-11T07:16:54.225916] Downloaded nodejs_buildpack (STDOUT, STG)#
#2026 09 11 07:17:33.739#Z#DEBUG#b0b272a9-adb0-11f1-ab12-eeee0a941739.note-for-approval-db-deployer#flowable-async-job-executor-thread-82420#
[PollExecuteTaskStatusExecution] cfa7ca5e-15f8-47db-8f56-b1eb52c10373 [2026-09-11T07:16:54.225976] Cell 0c0e7a5b-362b-4cc5-bf41-a2829fd93490 creating container for instance 2a634f7d-9439-4297-884d-0ae7a7220a4e (STDOUT, STG)#
#2026 09 11 07:17:33.739#Z#DEBUG#b0b272a9-adb0-11f1-ab12-eeee0a941739.note-for-approval-db-deployer#flowable-async-job-executor-thread-82420#
[PollExecuteTaskStatusExecution] cfa7ca5e-15f8-47db-8f56-b1eb52c10373 [2026-09-11T07:16:54.948588] Security group rules were updated (STDOUT, STG)#
#2026 09 11 07:17:33.739#Z#DEBUG#b0b272a9-adb0-11f1-ab12-eeee0a941739.note-for-approval-db-deployer#flowable-async-job-executor-thread-82420#
[PollExecuteTaskStatusExecution] cfa7ca5e-15f8-47db-8f56-b1eb52c10373 [2026-09-11T07:16:55.018808] Cell 0c0e7a5b-362b-4cc5-bf41-a2829fd93490 successfully created container for instance 2a634f7d-9439-4297-884d-0ae7a7220a4e (STDOUT, STG)#
#2026 09 11 07:17:33.739#Z#DEBUG#b0b272a9-adb0-11f1-ab12-eeee0a941739.note-for-approval-db-deployer#flowable-async-job-executor-thread-82420#
[PollExecuteTaskStatusExecution] cfa7ca5e-15f8-47db-8f56-b1eb52c10373 [2026-09-11T07:16:56.064653] Downloading app package... (STDOUT, STG)#
#2026 09 11 07:17:33.739#Z#DEBUG#b0b272a9-adb0-11f1-ab12-eeee0a941739.note-for-approval-db-deployer#flowable-async-job-executor-thread-82420#
[PollExecuteTaskStatusExecution] cfa7ca5e-15f8-47db-8f56-b1eb52c10373 [2026-09-11T07:16:56.064659] Downloading build artifacts cache... (STDOUT, STG)#
#2026 09 11 07:17:33.739#Z#DEBUG#b0b272a9-adb0-11f1-ab12-eeee0a941739.note-for-approval-db-deployer#flowable-async-job-executor-thread-82420#
[PollExecuteTaskStatusExecution] cfa7ca5e-15f8-47db-8f56-b1eb52c10373 [2026-09-11T07:16:56.145230] Downloaded build artifacts cache (222B) (STDOUT, STG)#
#2026 09 11 07:17:33.739#Z#DEBUG#b0b272a9-adb0-11f1-ab12-eeee0a941739.note-for-approval-db-deployer#flowable-async-job-executor-thread-82420#
[PollExecuteTaskStatusExecution] cfa7ca5e-15f8-47db-8f56-b1eb52c10373 [2026-09-11T07:16:56.289023] Downloaded app package (2.3M) (STDOUT, STG)#
#2026 09 11 07:17:33.739#Z#DEBUG#b0b272a9-adb0-11f1-ab12-eeee0a941739.note-for-approval-db-deployer#flowable-async-job-executor-thread-82420#
[PollExecuteTaskStatusExecution] cfa7ca5e-15f8-47db-8f56-b1eb52c10373 [2026-09-11T07:16:56.365303] -----> Nodejs Buildpack version 1.9.3 (STDOUT, STG)#
#2026 09 11 07:17:33.739#Z#DEBUG#b0b272a9-adb0-11f1-ab12-eeee0a941739.note-for-approval-db-deployer#flowable-async-job-executor-thread-82420#
[PollExecuteTaskStatusExecution] cfa7ca5e-15f8-47db-8f56-b1eb52c10373 [2026-09-11T07:16:56.448547] -----> Bootstrapping python (STDOUT, STG)#
#2026 09 11 07:17:33.739#Z#DEBUG#b0b272a9-adb0-11f1-ab12-eeee0a941739.note-for-approval-db-deployer#flowable-async-job-executor-thread-82420#
[PollExecuteTaskStatusExecution] cfa7ca5e-15f8-47db-8f56-b1eb52c10373 [2026-09-11T07:16:56.448556] -----> Installing python 3.13.14 (STDOUT, STG)#
#2026 09 11 07:17:33.739#Z#DEBUG#b0b272a9-adb0-11f1-ab12-eeee0a941739.note-for-approval-db-deployer#flowable-async-job-executor-thread-82420#
[PollExecuteTaskStatusExecution] cfa7ca5e-15f8-47db-8f56-b1eb52c10373 [2026-09-11T07:16:56.448722] Copy [/tmp/buildpacks/fca214f8c6e938dc/dependencies/4b4266a2ff36730aef37b88b668ca327/python_3.13.14_linux_x64_cflinuxfs4_b80d4954.tgz] (STDOUT, STG)#
#2026 09 11 07:17:33.739#Z#DEBUG#b0b272a9-adb0-11f1-ab12-eeee0a941739.note-for-approval-db-deployer#flowable-async-job-executor-thread-82420#
[PollExecuteTaskStatusExecution] cfa7ca5e-15f8-47db-8f56-b1eb52c10373 [2026-09-11T07:16:59.800155] -----> Installing binaries (STDOUT, STG)#
#2026 09 11 07:17:33.739#Z#DEBUG#b0b272a9-adb0-11f1-ab12-eeee0a941739.note-for-approval-db-deployer#flowable-async-job-executor-thread-82420#
[PollExecuteTaskStatusExecution] cfa7ca5e-15f8-47db-8f56-b1eb52c10373 [2026-09-11T07:16:59.800255] engines.node (package.json): ^24 (STDOUT, STG)#
#2026 09 11 07:17:33.739#Z#DEBUG#b0b272a9-adb0-11f1-ab12-eeee0a941739.note-for-approval-db-deployer#flowable-async-job-executor-thread-82420#
[PollExecuteTaskStatusExecution] cfa7ca5e-15f8-47db-8f56-b1eb52c10373 [2026-09-11T07:16:59.800270] engines.npm (package.json): unspecified (use default) (STDOUT, STG)#
#2026 09 11 07:17:33.739#Z#DEBUG#b0b272a9-adb0-11f1-ab12-eeee0a941739.note-for-approval-db-deployer#flowable-async-job-executor-thread-82420#
[PollExecuteTaskStatusExecution] cfa7ca5e-15f8-47db-8f56-b1eb52c10373 [2026-09-11T07:16:59.800476] -----> Installing node 24.18.0 (STDOUT, STG)#
#2026 09 11 07:17:33.739#Z#DEBUG#b0b272a9-adb0-11f1-ab12-eeee0a941739.note-for-approval-db-deployer#flowable-async-job-executor-thread-82420#
[PollExecuteTaskStatusExecution] cfa7ca5e-15f8-47db-8f56-b1eb52c10373 [2026-09-11T07:16:59.800523] Copy [/tmp/buildpacks/fca214f8c6e938dc/dependencies/dffbbb835fcd073c4544f78eb6247fac/node_24.18.0_linux_x64_cflinuxfs4_cdfed650.tgz] (STDOUT, STG)#
#2026 09 11 07:17:33.739#Z#DEBUG#b0b272a9-adb0-11f1-ab12-eeee0a941739.note-for-approval-db-deployer#flowable-async-job-executor-thread-82420#
[PollExecuteTaskStatusExecution] cfa7ca5e-15f8-47db-8f56-b1eb52c10373 [2026-09-11T07:17:01.789683] Using default npm version: 11.16.0 (STDOUT, STG)#
#2026 09 11 07:17:33.739#Z#DEBUG#b0b272a9-adb0-11f1-ab12-eeee0a941739.note-for-approval-db-deployer#flowable-async-job-executor-thread-82420#
[PollExecuteTaskStatusExecution] cfa7ca5e-15f8-47db-8f56-b1eb52c10373 [2026-09-11T07:17:01.789708] -----> Installing yarn 1.22.22 (STDOUT, STG)#
#2026 09 11 07:17:33.739#Z#DEBUG#b0b272a9-adb0-11f1-ab12-eeee0a941739.note-for-approval-db-deployer#flowable-async-job-executor-thread-82420#
[PollExecuteTaskStatusExecution] cfa7ca5e-15f8-47db-8f56-b1eb52c10373 [2026-09-11T07:17:01.789846] Copy [/tmp/buildpacks/fca214f8c6e938dc/dependencies/e4fe26756e9984a665478d350474fa2e/yarn_1.22.22_linux_noarch_any-stack_b6132b86.tgz] (STDOUT, STG)#
#2026 09 11 07:17:33.739#Z#DEBUG#b0b272a9-adb0-11f1-ab12-eeee0a941739.note-for-approval-db-deployer#flowable-async-job-executor-thread-82420#
[PollExecuteTaskStatusExecution] cfa7ca5e-15f8-47db-8f56-b1eb52c10373 [2026-09-11T07:17:02.092926] Installed yarn 1.22.22 (STDOUT, STG)#
#2026 09 11 07:17:33.739#Z#DEBUG#b0b272a9-adb0-11f1-ab12-eeee0a941739.note-for-approval-db-deployer#flowable-async-job-executor-thread-82420#
[PollExecuteTaskStatusExecution] cfa7ca5e-15f8-47db-8f56-b1eb52c10373 [2026-09-11T07:17:02.092951] -----> Creating runtime environment (STDOUT, STG)#
#2026 09 11 07:17:33.739#Z#DEBUG#b0b272a9-adb0-11f1-ab12-eeee0a941739.note-for-approval-db-deployer#flowable-async-job-executor-thread-82420#
[PollExecuteTaskStatusExecution] cfa7ca5e-15f8-47db-8f56-b1eb52c10373 [2026-09-11T07:17:02.094741] NODE_ENV=production (STDOUT, STG)#
#2026 09 11 07:17:33.739#Z#DEBUG#b0b272a9-adb0-11f1-ab12-eeee0a941739.note-for-approval-db-deployer#flowable-async-job-executor-thread-82420#
[PollExecuteTaskStatusExecution] cfa7ca5e-15f8-47db-8f56-b1eb52c10373 [2026-09-11T07:17:02.094760] NODE_HOME=/tmp/contents1669589287/deps/0/node (STDOUT, STG)#
#2026 09 11 07:17:33.739#Z#DEBUG#b0b272a9-adb0-11f1-ab12-eeee0a941739.note-for-approval-db-deployer#flowable-async-job-executor-thread-82420#
[PollExecuteTaskStatusExecution] cfa7ca5e-15f8-47db-8f56-b1eb52c10373 [2026-09-11T07:17:02.094764] NODE_MODULES_CACHE=true (STDOUT, STG)#
#2026 09 11 07:17:33.739#Z#DEBUG#b0b272a9-adb0-11f1-ab12-eeee0a941739.note-for-approval-db-deployer#flowable-async-job-executor-thread-82420#
[PollExecuteTaskStatusExecution] cfa7ca5e-15f8-47db-8f56-b1eb52c10373 [2026-09-11T07:17:02.094766] NODE_VERBOSE=false (STDOUT, STG)#
#2026 09 11 07:17:33.739#Z#DEBUG#b0b272a9-adb0-11f1-ab12-eeee0a941739.note-for-approval-db-deployer#flowable-async-job-executor-thread-82420#
[PollExecuteTaskStatusExecution] cfa7ca5e-15f8-47db-8f56-b1eb52c10373 [2026-09-11T07:17:02.094768] NPM_CONFIG_LOGLEVEL=error (STDOUT, STG)#
#2026 09 11 07:17:33.739#Z#DEBUG#b0b272a9-adb0-11f1-ab12-eeee0a941739.note-for-approval-db-deployer#flowable-async-job-executor-thread-82420#
[PollExecuteTaskStatusExecution] cfa7ca5e-15f8-47db-8f56-b1eb52c10373 [2026-09-11T07:17:02.094771] NPM_CONFIG_PRODUCTION=true (STDOUT, STG)#
#2026 09 11 07:17:33.739#Z#DEBUG#b0b272a9-adb0-11f1-ab12-eeee0a941739.note-for-approval-db-deployer#flowable-async-job-executor-thread-82420#
[PollExecuteTaskStatusExecution] cfa7ca5e-15f8-47db-8f56-b1eb52c10373 [2026-09-11T07:17:02.094780] -----> Building dependencies (STDOUT, STG)#
#2026 09 11 07:17:33.739#Z#DEBUG#b0b272a9-adb0-11f1-ab12-eeee0a941739.note-for-approval-db-deployer#flowable-async-job-executor-thread-82420#
[PollExecuteTaskStatusExecution] cfa7ca5e-15f8-47db-8f56-b1eb52c10373 [2026-09-11T07:17:02.094783] Prebuild detected (node_modules already exists) (STDOUT, STG)#
#2026 09 11 07:17:33.739#Z#DEBUG#b0b272a9-adb0-11f1-ab12-eeee0a941739.note-for-approval-db-deployer#flowable-async-job-executor-thread-82420#
[PollExecuteTaskStatusExecution] cfa7ca5e-15f8-47db-8f56-b1eb52c10373 [2026-09-11T07:17:02.094789] Rebuilding any native modules (STDOUT, STG)#
#2026 09 11 07:17:33.739#Z#DEBUG#b0b272a9-adb0-11f1-ab12-eeee0a941739.note-for-approval-db-deployer#flowable-async-job-executor-thread-82420#
[PollExecuteTaskStatusExecution] cfa7ca5e-15f8-47db-8f56-b1eb52c10373 [2026-09-11T07:17:02.548608] rebuilt dependencies successfully (STDOUT, STG)#
#2026 09 11 07:17:33.739#Z#DEBUG#b0b272a9-adb0-11f1-ab12-eeee0a941739.note-for-approval-db-deployer#flowable-async-job-executor-thread-82420#
[PollExecuteTaskStatusExecution] cfa7ca5e-15f8-47db-8f56-b1eb52c10373 [2026-09-11T07:17:02.611456] Installing any new modules (package.json + package-lock.json) (STDOUT, STG)#
#2026 09 11 07:17:33.739#Z#DEBUG#b0b272a9-adb0-11f1-ab12-eeee0a941739.note-for-approval-db-deployer#flowable-async-job-executor-thread-82420#
[PollExecuteTaskStatusExecution] cfa7ca5e-15f8-47db-8f56-b1eb52c10373 [2026-09-11T07:17:02.971722] up to date in 294ms (STDOUT, STG)#
#2026 09 11 07:17:33.739#Z#DEBUG#b0b272a9-adb0-11f1-ab12-eeee0a941739.note-for-approval-db-deployer#flowable-async-job-executor-thread-82420#
[PollExecuteTaskStatusExecution] cfa7ca5e-15f8-47db-8f56-b1eb52c10373 [2026-09-11T07:17:02.972048] 4 packages are looking for funding (STDOUT, STG)#
#2026 09 11 07:17:33.739#Z#DEBUG#b0b272a9-adb0-11f1-ab12-eeee0a941739.note-for-approval-db-deployer#flowable-async-job-executor-thread-82420#
[PollExecuteTaskStatusExecution] cfa7ca5e-15f8-47db-8f56-b1eb52c10373 [2026-09-11T07:17:02.972184] run `npm fund` for details (STDOUT, STG)#
#2026 09 11 07:17:33.739#Z#DEBUG#b0b272a9-adb0-11f1-ab12-eeee0a941739.note-for-approval-db-deployer#flowable-async-job-executor-thread-82420#
[PollExecuteTaskStatusExecution] cfa7ca5e-15f8-47db-8f56-b1eb52c10373 [2026-09-11T07:17:03.516300] Contrast Security no credentials found. Will not write environment files. (STDOUT, STG)#
#2026 09 11 07:17:33.739#Z#DEBUG#b0b272a9-adb0-11f1-ab12-eeee0a941739.note-for-approval-db-deployer#flowable-async-job-executor-thread-82420#
[PollExecuteTaskStatusExecution] cfa7ca5e-15f8-47db-8f56-b1eb52c10373 [2026-09-11T07:17:11.377650] Exit status 0 (STDOUT, STG)#
#2026 09 11 07:17:33.739#Z#DEBUG#b0b272a9-adb0-11f1-ab12-eeee0a941739.note-for-approval-db-deployer#flowable-async-job-executor-thread-82420#
[PollExecuteTaskStatusExecution] cfa7ca5e-15f8-47db-8f56-b1eb52c10373 [2026-09-11T07:17:11.377690] Uploading droplet, build artifacts cache... (STDOUT, STG)#
#2026 09 11 07:17:33.739#Z#DEBUG#b0b272a9-adb0-11f1-ab12-eeee0a941739.note-for-approval-db-deployer#flowable-async-job-executor-thread-82420#
[PollExecuteTaskStatusExecution] cfa7ca5e-15f8-47db-8f56-b1eb52c10373 [2026-09-11T07:17:11.377723] Uploading droplet... (STDOUT, STG)#
#2026 09 11 07:17:33.739#Z#DEBUG#b0b272a9-adb0-11f1-ab12-eeee0a941739.note-for-approval-db-deployer#flowable-async-job-executor-thread-82420#
[PollExecuteTaskStatusExecution] cfa7ca5e-15f8-47db-8f56-b1eb52c10373 [2026-09-11T07:17:11.377809] Uploading build artifacts cache... (STDOUT, STG)#
#2026 09 11 07:17:33.739#Z#DEBUG#b0b272a9-adb0-11f1-ab12-eeee0a941739.note-for-approval-db-deployer#flowable-async-job-executor-thread-82420#
[PollExecuteTaskStatusExecution] cfa7ca5e-15f8-47db-8f56-b1eb52c10373 [2026-09-11T07:17:11.393834] Uploaded build artifacts cache (219B) (STDOUT, STG)#
#2026 09 11 07:17:33.739#Z#DEBUG#b0b272a9-adb0-11f1-ab12-eeee0a941739.note-for-approval-db-deployer#flowable-async-job-executor-thread-82420#
[PollExecuteTaskStatusExecution] cfa7ca5e-15f8-47db-8f56-b1eb52c10373 [2026-09-11T07:17:11.958806] Creating droplet for app with guid cfa7ca5e-15f8-47db-8f56-b1eb52c10373 (STDOUT, API)#
#2026 09 11 07:17:33.739#Z#DEBUG#b0b272a9-adb0-11f1-ab12-eeee0a941739.note-for-approval-db-deployer#flowable-async-job-executor-thread-82420#
[PollExecuteTaskStatusExecution] cfa7ca5e-15f8-47db-8f56-b1eb52c10373 [2026-09-11T07:17:15.028457] Uploaded droplet (59.2M) (STDOUT, STG)#
#2026 09 11 07:17:33.739#Z#DEBUG#b0b272a9-adb0-11f1-ab12-eeee0a941739.note-for-approval-db-deployer#flowable-async-job-executor-thread-82420#
[PollExecuteTaskStatusExecution] cfa7ca5e-15f8-47db-8f56-b1eb52c10373 [2026-09-11T07:17:15.045089] Uploading complete (STDOUT, STG)#
#2026 09 11 07:17:33.739#Z#DEBUG#b0b272a9-adb0-11f1-ab12-eeee0a941739.note-for-approval-db-deployer#flowable-async-job-executor-thread-82420#
[PollExecuteTaskStatusExecution] cfa7ca5e-15f8-47db-8f56-b1eb52c10373 [2026-09-11T07:17:15.942022] Cell 0c0e7a5b-362b-4cc5-bf41-a2829fd93490 stopping instance 2a634f7d-9439-4297-884d-0ae7a7220a4e (STDOUT, STG)#
#2026 09 11 07:17:33.739#Z#DEBUG#b0b272a9-adb0-11f1-ab12-eeee0a941739.note-for-approval-db-deployer#flowable-async-job-executor-thread-82420#
[PollExecuteTaskStatusExecution] cfa7ca5e-15f8-47db-8f56-b1eb52c10373 [2026-09-11T07:17:15.942043] Cell 0c0e7a5b-362b-4cc5-bf41-a2829fd93490 destroying container for instance 2a634f7d-9439-4297-884d-0ae7a7220a4e (STDOUT, STG)#
#2026 09 11 07:17:33.739#Z#DEBUG#b0b272a9-adb0-11f1-ab12-eeee0a941739.note-for-approval-db-deployer#flowable-async-job-executor-thread-82420#
[PollExecuteTaskStatusExecution] cfa7ca5e-15f8-47db-8f56-b1eb52c10373 [2026-09-11T07:17:15.999771] Staging complete for build 2a634f7d-9439-4297-884d-0ae7a7220a4e (STDOUT, API)#
#2026 09 11 07:17:33.739#Z#DEBUG#b0b272a9-adb0-11f1-ab12-eeee0a941739.note-for-approval-db-deployer#flowable-async-job-executor-thread-82420#
[PollExecuteTaskStatusExecution] cfa7ca5e-15f8-47db-8f56-b1eb52c10373 [2026-09-11T07:17:17.546046] Cell 0c0e7a5b-362b-4cc5-bf41-a2829fd93490 successfully destroyed container for instance 2a634f7d-9439-4297-884d-0ae7a7220a4e (STDOUT, STG)#
#2026 09 11 07:17:33.739#Z#DEBUG#b0b272a9-adb0-11f1-ab12-eeee0a941739.note-for-approval-db-deployer#flowable-async-job-executor-thread-82420#
[PollExecuteTaskStatusExecution] cfa7ca5e-15f8-47db-8f56-b1eb52c10373 [2026-09-11T07:17:23.868800] Updated app with guid cfa7ca5e-15f8-47db-8f56-b1eb52c10373 ({:droplet_guid=>"9b92392a-ee48-4ebf-b610-9aa6664c92c0"}) (STDOUT, API)#
#2026 09 11 07:17:33.739#Z#DEBUG#b0b272a9-adb0-11f1-ab12-eeee0a941739.note-for-approval-db-deployer#flowable-async-job-executor-thread-82420#
[PollExecuteTaskStatusExecution] cfa7ca5e-15f8-47db-8f56-b1eb52c10373 [2026-09-11T07:17:24.377021] Cell b51834cd-16f9-40e6-9ec3-0f93a8bfb495 creating container for instance 5572e8eb-bd7e-48d3-9bbb-bf7d715c4d08 (STDOUT, CELL)#
#2026 09 11 07:17:33.739#Z#DEBUG#b0b272a9-adb0-11f1-ab12-eeee0a941739.note-for-approval-db-deployer#flowable-async-job-executor-thread-82420#
[PollExecuteTaskStatusExecution] cfa7ca5e-15f8-47db-8f56-b1eb52c10373 [2026-09-11T07:17:24.865771] Security group rules were updated (STDOUT, CELL)#
#2026 09 11 07:17:33.739#Z#DEBUG#b0b272a9-adb0-11f1-ab12-eeee0a941739.note-for-approval-db-deployer#flowable-async-job-executor-thread-82420#
[PollExecuteTaskStatusExecution] cfa7ca5e-15f8-47db-8f56-b1eb52c10373 [2026-09-11T07:17:24.937471] Cell b51834cd-16f9-40e6-9ec3-0f93a8bfb495 successfully created container for instance 5572e8eb-bd7e-48d3-9bbb-bf7d715c4d08 (STDOUT, CELL)#
#2026 09 11 07:17:33.739#Z#DEBUG#b0b272a9-adb0-11f1-ab12-eeee0a941739.note-for-approval-db-deployer#flowable-async-job-executor-thread-82420#
[PollExecuteTaskStatusExecution] cfa7ca5e-15f8-47db-8f56-b1eb52c10373 [2026-09-11T07:17:28.233442] Invoking pre-start scripts. (STDOUT, APP/TASK/deploy)#
#2026 09 11 07:17:33.739#Z#DEBUG#b0b272a9-adb0-11f1-ab12-eeee0a941739.note-for-approval-db-deployer#flowable-async-job-executor-thread-82420#
[PollExecuteTaskStatusExecution] cfa7ca5e-15f8-47db-8f56-b1eb52c10373 [2026-09-11T07:17:28.393698] Invoking start command. (STDOUT, APP/TASK/deploy)#
#2026 09 11 07:17:33.739#Z#DEBUG#b0b272a9-adb0-11f1-ab12-eeee0a941739.note-for-approval-db-deployer#flowable-async-job-executor-thread-82420#
[PollExecuteTaskStatusExecution] cfa7ca5e-15f8-47db-8f56-b1eb52c10373 [2026-09-11T07:17:28.739717] > start (STDOUT, APP/TASK/deploy)#
#2026 09 11 07:17:33.739#Z#DEBUG#b0b272a9-adb0-11f1-ab12-eeee0a941739.note-for-approval-db-deployer#flowable-async-job-executor-thread-82420#
[PollExecuteTaskStatusExecution] cfa7ca5e-15f8-47db-8f56-b1eb52c10373 [2026-09-11T07:17:28.739759] > node node_modules/@sap/hdi-deploy/deploy.js --use-hdb --parameter com.sap.hana.di.table/try_fast_table_migration=true (STDOUT, APP/TASK/deploy)#
#2026 09 11 07:17:33.739#Z#DEBUG#b0b272a9-adb0-11f1-ab12-eeee0a941739.note-for-approval-db-deployer#flowable-async-job-executor-thread-82420#
[PollExecuteTaskStatusExecution] cfa7ca5e-15f8-47db-8f56-b1eb52c10373 [2026-09-11T07:17:28.858554] VCAP_SERVICES: (STDOUT, APP/TASK/deploy)#
#2026 09 11 07:17:33.739#Z#DEBUG#b0b272a9-adb0-11f1-ab12-eeee0a941739.note-for-approval-db-deployer#flowable-async-job-executor-thread-82420#
[PollExecuteTaskStatusExecution] cfa7ca5e-15f8-47db-8f56-b1eb52c10373 [2026-09-11T07:17:28.859129] { (STDOUT, APP/TASK/deploy)#
#2026 09 11 07:17:33.739#Z#DEBUG#b0b272a9-adb0-11f1-ab12-eeee0a941739.note-for-approval-db-deployer#flowable-async-job-executor-thread-82420#
[PollExecuteTaskStatusExecution] cfa7ca5e-15f8-47db-8f56-b1eb52c10373 [2026-09-11T07:17:28.859145] "hana": [ (STDOUT, APP/TASK/deploy)#
#2026 09 11 07:17:33.739#Z#DEBUG#b0b272a9-adb0-11f1-ab12-eeee0a941739.note-for-approval-db-deployer#flowable-async-job-executor-thread-82420#
[PollExecuteTaskStatusExecution] cfa7ca5e-15f8-47db-8f56-b1eb52c10373 [2026-09-11T07:17:28.859151] { (STDOUT, APP/TASK/deploy)#
#2026 09 11 07:17:33.739#Z#DEBUG#b0b272a9-adb0-11f1-ab12-eeee0a941739.note-for-approval-db-deployer#flowable-async-job-executor-thread-82420#
[PollExecuteTaskStatusExecution] cfa7ca5e-15f8-47db-8f56-b1eb52c10373 [2026-09-11T07:17:28.859156] "name": "note-for-approval-db", (STDOUT, APP/TASK/deploy)#
#2026 09 11 07:17:33.739#Z#DEBUG#b0b272a9-adb0-11f1-ab12-eeee0a941739.note-for-approval-db-deployer#flowable-async-job-executor-thread-82420#
[PollExecuteTaskStatusExecution] cfa7ca5e-15f8-47db-8f56-b1eb52c10373 [2026-09-11T07:17:28.859159] "label": "hana", (STDOUT, APP/TASK/deploy)#
#2026 09 11 07:17:33.739#Z#DEBUG#b0b272a9-adb0-11f1-ab12-eeee0a941739.note-for-approval-db-deployer#flowable-async-job-executor-thread-82420#
[PollExecuteTaskStatusExecution] cfa7ca5e-15f8-47db-8f56-b1eb52c10373 [2026-09-11T07:17:28.859162] "plan": "hdi-shared", (STDOUT, APP/TASK/deploy)#
#2026 09 11 07:17:33.739#Z#DEBUG#b0b272a9-adb0-11f1-ab12-eeee0a941739.note-for-approval-db-deployer#flowable-async-job-executor-thread-82420#
[PollExecuteTaskStatusExecution] cfa7ca5e-15f8-47db-8f56-b1eb52c10373 [2026-09-11T07:17:28.859165] "credentials": { (STDOUT, APP/TASK/deploy)#
#2026 09 11 07:17:33.739#Z#DEBUG#b0b272a9-adb0-11f1-ab12-eeee0a941739.note-for-approval-db-deployer#flowable-async-job-executor-thread-82420#
[PollExecuteTaskStatusExecution] cfa7ca5e-15f8-47db-8f56-b1eb52c10373 [2026-09-11T07:17:28.859169] "schema": "2B675D72292B448193BD1EFA9367B0B8", (STDOUT, APP/TASK/deploy)#
#2026 09 11 07:17:33.739#Z#DEBUG#b0b272a9-adb0-11f1-ab12-eeee0a941739.note-for-approval-db-deployer#flowable-async-job-executor-thread-82420#
[PollExecuteTaskStatusExecution] cfa7ca5e-15f8-47db-8f56-b1eb52c10373 [2026-09-11T07:17:28.859171] "database_id": "515914fa-5961-4165-850a-c7521c36eb7e", (STDOUT, APP/TASK/deploy)#
#2026 09 11 07:17:33.739#Z#DEBUG#b0b272a9-adb0-11f1-ab12-eeee0a941739.note-for-approval-db-deployer#flowable-async-job-executor-thread-82420#
[PollExecuteTaskStatusExecution] cfa7ca5e-15f8-47db-8f56-b1eb52c10373 [2026-09-11T07:17:28.859175] "user": "2B675D72292B448193BD1EFA9367B0B8_13CXSEFO3PLY4B3CSRL84YRBZ_RT", (STDOUT, APP/TASK/deploy)#
#2026 09 11 07:17:33.739#Z#DEBUG#b0b272a9-adb0-11f1-ab12-eeee0a941739.note-for-approval-db-deployer#flowable-async-job-executor-thread-82420#
[PollExecuteTaskStatusExecution] cfa7ca5e-15f8-47db-8f56-b1eb52c10373 [2026-09-11T07:17:28.859178] "hdi_user": "2B675D72292B448193BD1EFA9367B0B8_13CXSEFO3PLY4B3CSRL84YRBZ_DT" (STDOUT, APP/TASK/deploy)#
#2026 09 11 07:17:33.739#Z#DEBUG#b0b272a9-adb0-11f1-ab12-eeee0a941739.note-for-approval-db-deployer#flowable-async-job-executor-thread-82420#
[PollExecuteTaskStatusExecution] cfa7ca5e-15f8-47db-8f56-b1eb52c10373 [2026-09-11T07:17:28.859180] }, (STDOUT, APP/TASK/deploy)#
#2026 09 11 07:17:33.739#Z#DEBUG#b0b272a9-adb0-11f1-ab12-eeee0a941739.note-for-approval-db-deployer#flowable-async-job-executor-thread-82420#
[PollExecuteTaskStatusExecution] cfa7ca5e-15f8-47db-8f56-b1eb52c10373 [2026-09-11T07:17:28.859183] "tags": [ (STDOUT, APP/TASK/deploy)#
#2026 09 11 07:17:33.739#Z#DEBUG#b0b272a9-adb0-11f1-ab12-eeee0a941739.note-for-approval-db-deployer#flowable-async-job-executor-thread-82420#
[PollExecuteTaskStatusExecution] cfa7ca5e-15f8-47db-8f56-b1eb52c10373 [2026-09-11T07:17:28.859186] "hana", (STDOUT, APP/TASK/deploy)#
#2026 09 11 07:17:33.739#Z#DEBUG#b0b272a9-adb0-11f1-ab12-eeee0a941739.note-for-approval-db-deployer#flowable-async-job-executor-thread-82420#
[PollExecuteTaskStatusExecution] cfa7ca5e-15f8-47db-8f56-b1eb52c10373 [2026-09-11T07:17:28.859191] "database", (STDOUT, APP/TASK/deploy)#
#2026 09 11 07:17:33.739#Z#DEBUG#b0b272a9-adb0-11f1-ab12-eeee0a941739.note-for-approval-db-deployer#flowable-async-job-executor-thread-82420#
[PollExecuteTaskStatusExecution] cfa7ca5e-15f8-47db-8f56-b1eb52c10373 [2026-09-11T07:17:28.859194] "relational" (STDOUT, APP/TASK/deploy)#
#2026 09 11 07:17:33.739#Z#DEBUG#b0b272a9-adb0-11f1-ab12-eeee0a941739.note-for-approval-db-deployer#flowable-async-job-executor-thread-82420#
[PollExecuteTaskStatusExecution] cfa7ca5e-15f8-47db-8f56-b1eb52c10373 [2026-09-11T07:17:28.859197] ] (STDOUT, APP/TASK/deploy)#
#2026 09 11 07:17:33.739#Z#DEBUG#b0b272a9-adb0-11f1-ab12-eeee0a941739.note-for-approval-db-deployer#flowable-async-job-executor-thread-82420#
[PollExecuteTaskStatusExecution] cfa7ca5e-15f8-47db-8f56-b1eb52c10373 [2026-09-11T07:17:28.859199] } (STDOUT, APP/TASK/deploy)#
#2026 09 11 07:17:33.739#Z#DEBUG#b0b272a9-adb0-11f1-ab12-eeee0a941739.note-for-approval-db-deployer#flowable-async-job-executor-thread-82420#
[PollExecuteTaskStatusExecution] cfa7ca5e-15f8-47db-8f56-b1eb52c10373 [2026-09-11T07:17:28.859204] ] (STDOUT, APP/TASK/deploy)#
#2026 09 11 07:17:33.739#Z#DEBUG#b0b272a9-adb0-11f1-ab12-eeee0a941739.note-for-approval-db-deployer#flowable-async-job-executor-thread-82420#
[PollExecuteTaskStatusExecution] cfa7ca5e-15f8-47db-8f56-b1eb52c10373 [2026-09-11T07:17:28.859209] } (STDOUT, APP/TASK/deploy)#
#2026 09 11 07:17:33.739#Z#DEBUG#b0b272a9-adb0-11f1-ab12-eeee0a941739.note-for-approval-db-deployer#flowable-async-job-executor-thread-82420#
[PollExecuteTaskStatusExecution] cfa7ca5e-15f8-47db-8f56-b1eb52c10373 [2026-09-11T07:17:29.243246] @sap/hdi-deploy, version 5.7.0 (mode default), server version 4.00.000.00.1778573239 (4.0.0.0), cloud version 2026.2.14, node version 24.18.0, HDI version 1016, container API version 1007 (STDOUT, APP/TASK/deploy)#
#2026 09 11 07:17:33.739#Z#DEBUG#b0b272a9-adb0-11f1-ab12-eeee0a941739.note-for-approval-db-deployer#flowable-async-job-executor-thread-82420#
[PollExecuteTaskStatusExecution] cfa7ca5e-15f8-47db-8f56-b1eb52c10373 [2026-09-11T07:17:29.243331] Deployment started at 2026-09-11 07:17:29 (STDOUT, APP/TASK/deploy)#
#2026 09 11 07:17:33.739#Z#DEBUG#b0b272a9-adb0-11f1-ab12-eeee0a941739.note-for-approval-db-deployer#flowable-async-job-executor-thread-82420#
[PollExecuteTaskStatusExecution] cfa7ca5e-15f8-47db-8f56-b1eb52c10373 [2026-09-11T07:17:29.243518] Using hdb@2.29.6 for connection (STDOUT, APP/TASK/deploy)#
#2026 09 11 07:17:33.739#Z#DEBUG#b0b272a9-adb0-11f1-ab12-eeee0a941739.note-for-approval-db-deployer#flowable-async-job-executor-thread-82420#
[PollExecuteTaskStatusExecution] cfa7ca5e-15f8-47db-8f56-b1eb52c10373 [2026-09-11T07:17:29.259032] No ignore file at /home/vcap/app/.hdiignore. (STDOUT, APP/TASK/deploy)#
#2026 09 11 07:17:33.739#Z#DEBUG#b0b272a9-adb0-11f1-ab12-eeee0a941739.note-for-approval-db-deployer#flowable-async-job-executor-thread-82420#
[PollExecuteTaskStatusExecution] cfa7ca5e-15f8-47db-8f56-b1eb52c10373 [2026-09-11T07:17:29.259313] Collecting files... (STDOUT, APP/TASK/deploy)#
#2026 09 11 07:17:33.739#Z#DEBUG#b0b272a9-adb0-11f1-ab12-eeee0a941739.note-for-approval-db-deployer#flowable-async-job-executor-thread-82420#
[PollExecuteTaskStatusExecution] cfa7ca5e-15f8-47db-8f56-b1eb52c10373 [2026-09-11T07:17:29.262742] Collecting files... ok (0s 3ms) (STDOUT, APP/TASK/deploy)#
#2026 09 11 07:17:33.739#Z#DEBUG#b0b272a9-adb0-11f1-ab12-eeee0a941739.note-for-approval-db-deployer#flowable-async-job-executor-thread-82420#
[PollExecuteTaskStatusExecution] cfa7ca5e-15f8-47db-8f56-b1eb52c10373 [2026-09-11T07:17:29.262758] 3 directories collected (STDOUT, APP/TASK/deploy)#
#2026 09 11 07:17:33.739#Z#DEBUG#b0b272a9-adb0-11f1-ab12-eeee0a941739.note-for-approval-db-deployer#flowable-async-job-executor-thread-82420#
[PollExecuteTaskStatusExecution] cfa7ca5e-15f8-47db-8f56-b1eb52c10373 [2026-09-11T07:17:29.262766] 33 files collected (STDOUT, APP/TASK/deploy)#
#2026 09 11 07:17:33.739#Z#DEBUG#b0b272a9-adb0-11f1-ab12-eeee0a941739.note-for-approval-db-deployer#flowable-async-job-executor-thread-82420#
[PollExecuteTaskStatusExecution] cfa7ca5e-15f8-47db-8f56-b1eb52c10373 [2026-09-11T07:17:29.262808] 0 reusable modules collected (STDOUT, APP/TASK/deploy)#
#2026 09 11 07:17:33.739#Z#DEBUG#b0b272a9-adb0-11f1-ab12-eeee0a941739.note-for-approval-db-deployer#flowable-async-job-executor-thread-82420#
[PollExecuteTaskStatusExecution] cfa7ca5e-15f8-47db-8f56-b1eb52c10373 [2026-09-11T07:17:29.262818] Target service: note-for-approval-db (STDOUT, APP/TASK/deploy)#
#2026 09 11 07:17:33.739#Z#DEBUG#b0b272a9-adb0-11f1-ab12-eeee0a941739.note-for-approval-db-deployer#flowable-async-job-executor-thread-82420#
[PollExecuteTaskStatusExecution] cfa7ca5e-15f8-47db-8f56-b1eb52c10373 [2026-09-11T07:17:29.494030] Previous build with request ID 435 finished at 2026-09-03T13:01:09.608 with status Rolled back and message: Starting make in the container "2B675D72292B448193BD1EFA9367B0B8" with 0 files to deploy, 0 files to undeploy... ok. (STDOUT, APP/TASK/deploy)#
#2026 09 11 07:17:33.739#Z#DEBUG#b0b272a9-adb0-11f1-ab12-eeee0a941739.note-for-approval-db-deployer#flowable-async-job-executor-thread-82420#
[PollExecuteTaskStatusExecution] cfa7ca5e-15f8-47db-8f56-b1eb52c10373 [2026-09-11T07:17:29.494176] Processing revoke files... (STDOUT, APP/TASK/deploy)#
#2026 09 11 07:17:33.739#Z#DEBUG#b0b272a9-adb0-11f1-ab12-eeee0a941739.note-for-approval-db-deployer#flowable-async-job-executor-thread-82420#
[PollExecuteTaskStatusExecution] cfa7ca5e-15f8-47db-8f56-b1eb52c10373 [2026-09-11T07:17:29.494357] Processing revoke files... ok (0s 0ms) (STDOUT, APP/TASK/deploy)#
#2026 09 11 07:17:33.739#Z#DEBUG#b0b272a9-adb0-11f1-ab12-eeee0a941739.note-for-approval-db-deployer#flowable-async-job-executor-thread-82420#
[PollExecuteTaskStatusExecution] cfa7ca5e-15f8-47db-8f56-b1eb52c10373 [2026-09-11T07:17:29.494489] Processing grants files... (STDOUT, APP/TASK/deploy)#
#2026 09 11 07:17:33.739#Z#DEBUG#b0b272a9-adb0-11f1-ab12-eeee0a941739.note-for-approval-db-deployer#flowable-async-job-executor-thread-82420#
[PollExecuteTaskStatusExecution] cfa7ca5e-15f8-47db-8f56-b1eb52c10373 [2026-09-11T07:17:29.494815] Processing grants files... ok (0s 0ms) (STDOUT, APP/TASK/deploy)#
#2026 09 11 07:17:33.739#Z#DEBUG#b0b272a9-adb0-11f1-ab12-eeee0a941739.note-for-approval-db-deployer#flowable-async-job-executor-thread-82420#
[PollExecuteTaskStatusExecution] cfa7ca5e-15f8-47db-8f56-b1eb52c10373 [2026-09-11T07:17:29.497276] Preprocessing files... (STDOUT, APP/TASK/deploy)#
#2026 09 11 07:17:33.739#Z#DEBUG#b0b272a9-adb0-11f1-ab12-eeee0a941739.note-for-approval-db-deployer#flowable-async-job-executor-thread-82420#
[PollExecuteTaskStatusExecution] cfa7ca5e-15f8-47db-8f56-b1eb52c10373 [2026-09-11T07:17:29.497550] Preprocessing files... ok (0s 0ms) (STDOUT, APP/TASK/deploy)#
#2026 09 11 07:17:33.739#Z#DEBUG#b0b272a9-adb0-11f1-ab12-eeee0a941739.note-for-approval-db-deployer#flowable-async-job-executor-thread-82420#
[PollExecuteTaskStatusExecution] cfa7ca5e-15f8-47db-8f56-b1eb52c10373 [2026-09-11T07:17:29.497650] Connecting to the container "2B675D72292B448193BD1EFA9367B0B8"... (STDOUT, APP/TASK/deploy)#
#2026 09 11 07:17:33.739#Z#DEBUG#b0b272a9-adb0-11f1-ab12-eeee0a941739.note-for-approval-db-deployer#flowable-async-job-executor-thread-82420#
[PollExecuteTaskStatusExecution] cfa7ca5e-15f8-47db-8f56-b1eb52c10373 [2026-09-11T07:17:29.558788] Connecting to the container "2B675D72292B448193BD1EFA9367B0B8"... ok (0s 61ms) (STDOUT, APP/TASK/deploy)#
#2026 09 11 07:17:33.739#Z#DEBUG#b0b272a9-adb0-11f1-ab12-eeee0a941739.note-for-approval-db-deployer#flowable-async-job-executor-thread-82420#
[PollExecuteTaskStatusExecution] cfa7ca5e-15f8-47db-8f56-b1eb52c10373 [2026-09-11T07:17:29.558821] Locking the container "2B675D72292B448193BD1EFA9367B0B8"... (STDOUT, APP/TASK/deploy)#
#2026 09 11 07:17:33.739#Z#DEBUG#b0b272a9-adb0-11f1-ab12-eeee0a941739.note-for-approval-db-deployer#flowable-async-job-executor-thread-82420#
[PollExecuteTaskStatusExecution] cfa7ca5e-15f8-47db-8f56-b1eb52c10373 [2026-09-11T07:17:29.885757] Locking the container "2B675D72292B448193BD1EFA9367B0B8"... ok (0s 327ms) (STDOUT, APP/TASK/deploy)#
#2026 09 11 07:17:33.739#Z#DEBUG#b0b272a9-adb0-11f1-ab12-eeee0a941739.note-for-approval-db-deployer#flowable-async-job-executor-thread-82420#
[PollExecuteTaskStatusExecution] cfa7ca5e-15f8-47db-8f56-b1eb52c10373 [2026-09-11T07:17:29.885777] Synchronizing files with the container "2B675D72292B448193BD1EFA9367B0B8"... (STDOUT, APP/TASK/deploy)#
#2026 09 11 07:17:33.739#Z#DEBUG#b0b272a9-adb0-11f1-ab12-eeee0a941739.note-for-approval-db-deployer#flowable-async-job-executor-thread-82420#
[PollExecuteTaskStatusExecution] cfa7ca5e-15f8-47db-8f56-b1eb52c10373 [2026-09-11T07:17:30.443620] Deleting files... (STDOUT, APP/TASK/deploy)#
#2026 09 11 07:17:33.739#Z#DEBUG#b0b272a9-adb0-11f1-ab12-eeee0a941739.note-for-approval-db-deployer#flowable-async-job-executor-thread-82420#
[PollExecuteTaskStatusExecution] cfa7ca5e-15f8-47db-8f56-b1eb52c10373 [2026-09-11T07:17:30.617041] Deleting files... ok (STDOUT, APP/TASK/deploy)#
#2026 09 11 07:17:33.739#Z#DEBUG#b0b272a9-adb0-11f1-ab12-eeee0a941739.note-for-approval-db-deployer#flowable-async-job-executor-thread-82420#
[PollExecuteTaskStatusExecution] cfa7ca5e-15f8-47db-8f56-b1eb52c10373 [2026-09-11T07:17:30.617063] Writing files... (STDOUT, APP/TASK/deploy)#
#2026 09 11 07:17:33.739#Z#DEBUG#b0b272a9-adb0-11f1-ab12-eeee0a941739.note-for-approval-db-deployer#flowable-async-job-executor-thread-82420#
[PollExecuteTaskStatusExecution] cfa7ca5e-15f8-47db-8f56-b1eb52c10373 [2026-09-11T07:17:30.617252] Writing 3 items (STDOUT, APP/TASK/deploy)#
#2026 09 11 07:17:33.739#Z#DEBUG#b0b272a9-adb0-11f1-ab12-eeee0a941739.note-for-approval-db-deployer#flowable-async-job-executor-thread-82420#
[PollExecuteTaskStatusExecution] cfa7ca5e-15f8-47db-8f56-b1eb52c10373 [2026-09-11T07:17:30.874931] Writing files... ok (STDOUT, APP/TASK/deploy)#
#2026 09 11 07:17:33.739#Z#DEBUG#b0b272a9-adb0-11f1-ab12-eeee0a941739.note-for-approval-db-deployer#flowable-async-job-executor-thread-82420#
[PollExecuteTaskStatusExecution] cfa7ca5e-15f8-47db-8f56-b1eb52c10373 [2026-09-11T07:17:30.874948] Synchronizing files with the container "2B675D72292B448193BD1EFA9367B0B8"... ok (0s 989ms) (STDOUT, APP/TASK/deploy)#
#2026 09 11 07:17:33.739#Z#DEBUG#b0b272a9-adb0-11f1-ab12-eeee0a941739.note-for-approval-db-deployer#flowable-async-job-executor-thread-82420#
[PollExecuteTaskStatusExecution] cfa7ca5e-15f8-47db-8f56-b1eb52c10373 [2026-09-11T07:17:30.875314] added files: [] (STDOUT, APP/TASK/deploy)#
#2026 09 11 07:17:33.739#Z#DEBUG#b0b272a9-adb0-11f1-ab12-eeee0a941739.note-for-approval-db-deployer#flowable-async-job-executor-thread-82420#
[PollExecuteTaskStatusExecution] cfa7ca5e-15f8-47db-8f56-b1eb52c10373 [2026-09-11T07:17:30.875340] modified files: [] (STDOUT, APP/TASK/deploy)#
#2026 09 11 07:17:33.739#Z#DEBUG#b0b272a9-adb0-11f1-ab12-eeee0a941739.note-for-approval-db-deployer#flowable-async-job-executor-thread-82420#
[PollExecuteTaskStatusExecution] cfa7ca5e-15f8-47db-8f56-b1eb52c10373 [2026-09-11T07:17:30.875351] deleted files: [] (STDOUT, APP/TASK/deploy)#
#2026 09 11 07:17:33.739#Z#DEBUG#b0b272a9-adb0-11f1-ab12-eeee0a941739.note-for-approval-db-deployer#flowable-async-job-executor-thread-82420#
[PollExecuteTaskStatusExecution] cfa7ca5e-15f8-47db-8f56-b1eb52c10373 [2026-09-11T07:17:30.875453] 0 modified or added files are scheduled for deploy based on delta detection (STDOUT, APP/TASK/deploy)#
#2026 09 11 07:17:33.739#Z#DEBUG#b0b272a9-adb0-11f1-ab12-eeee0a941739.note-for-approval-db-deployer#flowable-async-job-executor-thread-82420#
[PollExecuteTaskStatusExecution] cfa7ca5e-15f8-47db-8f56-b1eb52c10373 [2026-09-11T07:17:30.875730] 0 deleted files are scheduled for undeploy based on delta detection (filtered by undeploy allowlist) (STDOUT, APP/TASK/deploy)#
#2026 09 11 07:17:33.739#Z#DEBUG#b0b272a9-adb0-11f1-ab12-eeee0a941739.note-for-approval-db-deployer#flowable-async-job-executor-thread-82420#
[PollExecuteTaskStatusExecution] cfa7ca5e-15f8-47db-8f56-b1eb52c10373 [2026-09-11T07:17:30.875798] 0 files are scheduled for deploy based on explicit specification (STDOUT, APP/TASK/deploy)#
#2026 09 11 07:17:33.739#Z#DEBUG#b0b272a9-adb0-11f1-ab12-eeee0a941739.note-for-approval-db-deployer#flowable-async-job-executor-thread-82420#
[PollExecuteTaskStatusExecution] cfa7ca5e-15f8-47db-8f56-b1eb52c10373 [2026-09-11T07:17:30.875809] 0 files are scheduled for undeploy based on explicit specification (STDOUT, APP/TASK/deploy)#
#2026 09 11 07:17:33.739#Z#DEBUG#b0b272a9-adb0-11f1-ab12-eeee0a941739.note-for-approval-db-deployer#flowable-async-job-executor-thread-82420#
[PollExecuteTaskStatusExecution] cfa7ca5e-15f8-47db-8f56-b1eb52c10373 [2026-09-11T07:17:30.875872] Deploying to the container "2B675D72292B448193BD1EFA9367B0B8"... (STDOUT, APP/TASK/deploy)#
#2026 09 11 07:17:33.739#Z#DEBUG#b0b272a9-adb0-11f1-ab12-eeee0a941739.note-for-approval-db-deployer#flowable-async-job-executor-thread-82420#
[PollExecuteTaskStatusExecution] cfa7ca5e-15f8-47db-8f56-b1eb52c10373 [2026-09-11T07:17:31.486311] Polling messages for request id: 440 (STDOUT, APP/TASK/deploy)#
#2026 09 11 07:17:33.739#Z#DEBUG#b0b272a9-adb0-11f1-ab12-eeee0a941739.note-for-approval-db-deployer#flowable-async-job-executor-thread-82420#
[PollExecuteTaskStatusExecution] cfa7ca5e-15f8-47db-8f56-b1eb52c10373 [2026-09-11T07:17:31.522888] Starting make in the container "2B675D72292B448193BD1EFA9367B0B8" with 0 files to deploy, 0 files to undeploy... (STDOUT, APP/TASK/deploy)#
#2026 09 11 07:17:33.739#Z#DEBUG#b0b272a9-adb0-11f1-ab12-eeee0a941739.note-for-approval-db-deployer#flowable-async-job-executor-thread-82420#
[PollExecuteTaskStatusExecution] cfa7ca5e-15f8-47db-8f56-b1eb52c10373 [2026-09-11T07:17:31.522907] Disabling table replication for the container schema "2B675D72292B448193BD1EFA9367B0B8"... (STDOUT, APP/TASK/deploy)#
#2026 09 11 07:17:33.739#Z#DEBUG#b0b272a9-adb0-11f1-ab12-eeee0a941739.note-for-approval-db-deployer#flowable-async-job-executor-thread-82420#
[PollExecuteTaskStatusExecution] cfa7ca5e-15f8-47db-8f56-b1eb52c10373 [2026-09-11T07:17:31.522926] Disabling table replication for the container schema "2B675D72292B448193BD1EFA9367B0B8"... ok (0s 22ms) (STDOUT, APP/TASK/deploy)#
#2026 09 11 07:17:33.739#Z#DEBUG#b0b272a9-adb0-11f1-ab12-eeee0a941739.note-for-approval-db-deployer#flowable-async-job-executor-thread-82420#
[PollExecuteTaskStatusExecution] cfa7ca5e-15f8-47db-8f56-b1eb52c10373 [2026-09-11T07:17:31.522929] Migrating libraries... (STDOUT, APP/TASK/deploy)#
#2026 09 11 07:17:33.739#Z#DEBUG#b0b272a9-adb0-11f1-ab12-eeee0a941739.note-for-approval-db-deployer#flowable-async-job-executor-thread-82420#
[PollExecuteTaskStatusExecution] cfa7ca5e-15f8-47db-8f56-b1eb52c10373 [2026-09-11T07:17:31.523039] Migrating libraries... ok (0s 132ms) (STDOUT, APP/TASK/deploy)#
#2026 09 11 07:17:33.739#Z#DEBUG#b0b272a9-adb0-11f1-ab12-eeee0a941739.note-for-approval-db-deployer#flowable-async-job-executor-thread-82420#
[PollExecuteTaskStatusExecution] cfa7ca5e-15f8-47db-8f56-b1eb52c10373 [2026-09-11T07:17:31.523059] Making... (STDOUT, APP/TASK/deploy)#
#2026 09 11 07:17:33.739#Z#DEBUG#b0b272a9-adb0-11f1-ab12-eeee0a941739.note-for-approval-db-deployer#flowable-async-job-executor-thread-82420#
[PollExecuteTaskStatusExecution] cfa7ca5e-15f8-47db-8f56-b1eb52c10373 [2026-09-11T07:17:31.523069] Preparing... (STDOUT, APP/TASK/deploy)#
#2026 09 11 07:17:33.739#Z#DEBUG#b0b272a9-adb0-11f1-ab12-eeee0a941739.note-for-approval-db-deployer#flowable-async-job-executor-thread-82420#
[PollExecuteTaskStatusExecution] cfa7ca5e-15f8-47db-8f56-b1eb52c10373 [2026-09-11T07:17:31.523079] Preparing... ok (0s 0ms) (STDOUT, APP/TASK/deploy)#
#2026 09 11 07:17:33.739#Z#DEBUG#b0b272a9-adb0-11f1-ab12-eeee0a941739.note-for-approval-db-deployer#flowable-async-job-executor-thread-82420#
[PollExecuteTaskStatusExecution] cfa7ca5e-15f8-47db-8f56-b1eb52c10373 [2026-09-11T07:17:31.523091] Preparing the make transaction... (STDOUT, APP/TASK/deploy)#
#2026 09 11 07:17:33.739#Z#DEBUG#b0b272a9-adb0-11f1-ab12-eeee0a941739.note-for-approval-db-deployer#flowable-async-job-executor-thread-82420#
[PollExecuteTaskStatusExecution] cfa7ca5e-15f8-47db-8f56-b1eb52c10373 [2026-09-11T07:17:32.062702] Preparing the make transaction... ok (0s 622ms) (STDOUT, APP/TASK/deploy)#
#2026 09 11 07:17:33.739#Z#DEBUG#b0b272a9-adb0-11f1-ab12-eeee0a941739.note-for-approval-db-deployer#flowable-async-job-executor-thread-82420#
[PollExecuteTaskStatusExecution] cfa7ca5e-15f8-47db-8f56-b1eb52c10373 [2026-09-11T07:17:32.062723] Calculating dependencies... (STDOUT, APP/TASK/deploy)#
#2026 09 11 07:17:33.739#Z#DEBUG#b0b272a9-adb0-11f1-ab12-eeee0a941739.note-for-approval-db-deployer#flowable-async-job-executor-thread-82420#
[PollExecuteTaskStatusExecution] cfa7ca5e-15f8-47db-8f56-b1eb52c10373 [2026-09-11T07:17:32.062726] Expanding... (STDOUT, APP/TASK/deploy)#
#2026 09 11 07:17:33.739#Z#DEBUG#b0b272a9-adb0-11f1-ab12-eeee0a941739.note-for-approval-db-deployer#flowable-async-job-executor-thread-82420#
[PollExecuteTaskStatusExecution] cfa7ca5e-15f8-47db-8f56-b1eb52c10373 [2026-09-11T07:17:32.062728] Expanding... ok (0s 32ms) (STDOUT, APP/TASK/deploy)#
#2026 09 11 07:17:33.739#Z#DEBUG#b0b272a9-adb0-11f1-ab12-eeee0a941739.note-for-approval-db-deployer#flowable-async-job-executor-thread-82420#
[PollExecuteTaskStatusExecution] cfa7ca5e-15f8-47db-8f56-b1eb52c10373 [2026-09-11T07:17:32.062731] Precompiling... (STDOUT, APP/TASK/deploy)#
#2026 09 11 07:17:33.739#Z#DEBUG#b0b272a9-adb0-11f1-ab12-eeee0a941739.note-for-approval-db-deployer#flowable-async-job-executor-thread-82420#
[PollExecuteTaskStatusExecution] cfa7ca5e-15f8-47db-8f56-b1eb52c10373 [2026-09-11T07:17:32.062733] Precompiling... ok (0s 1ms) (STDOUT, APP/TASK/deploy)#
#2026 09 11 07:17:33.739#Z#DEBUG#b0b272a9-adb0-11f1-ab12-eeee0a941739.note-for-approval-db-deployer#flowable-async-job-executor-thread-82420#
[PollExecuteTaskStatusExecution] cfa7ca5e-15f8-47db-8f56-b1eb52c10373 [2026-09-11T07:17:32.062741] Merging... (STDOUT, APP/TASK/deploy)#
#2026 09 11 07:17:33.739#Z#DEBUG#b0b272a9-adb0-11f1-ab12-eeee0a941739.note-for-approval-db-deployer#flowable-async-job-executor-thread-82420#
[PollExecuteTaskStatusExecution] cfa7ca5e-15f8-47db-8f56-b1eb52c10373 [2026-09-11T07:17:32.062745] Merging... ok (0s 1ms) (STDOUT, APP/TASK/deploy)#
#2026 09 11 07:17:33.739#Z#DEBUG#b0b272a9-adb0-11f1-ab12-eeee0a941739.note-for-approval-db-deployer#flowable-async-job-executor-thread-82420#
[PollExecuteTaskStatusExecution] cfa7ca5e-15f8-47db-8f56-b1eb52c10373 [2026-09-11T07:17:32.062749] Calculating dependencies... ok (0s 34ms) (STDOUT, APP/TASK/deploy)#
#2026 09 11 07:17:33.739#Z#DEBUG#b0b272a9-adb0-11f1-ab12-eeee0a941739.note-for-approval-db-deployer#flowable-async-job-executor-thread-82420#
[PollExecuteTaskStatusExecution] cfa7ca5e-15f8-47db-8f56-b1eb52c10373 [2026-09-11T07:17:32.062755] No make necessary (STDOUT, APP/TASK/deploy)#
#2026 09 11 07:17:33.739#Z#DEBUG#b0b272a9-adb0-11f1-ab12-eeee0a941739.note-for-approval-db-deployer#flowable-async-job-executor-thread-82420#
[PollExecuteTaskStatusExecution] cfa7ca5e-15f8-47db-8f56-b1eb52c10373 [2026-09-11T07:17:32.062758] Making... ok (0s 766ms) (STDOUT, APP/TASK/deploy)#
#2026 09 11 07:17:33.739#Z#DEBUG#b0b272a9-adb0-11f1-ab12-eeee0a941739.note-for-approval-db-deployer#flowable-async-job-executor-thread-82420#
[PollExecuteTaskStatusExecution] cfa7ca5e-15f8-47db-8f56-b1eb52c10373 [2026-09-11T07:17:32.062762] Enabling table replication for the container schema "2B675D72292B448193BD1EFA9367B0B8"... (STDOUT, APP/TASK/deploy)#
#2026 09 11 07:17:33.739#Z#DEBUG#b0b272a9-adb0-11f1-ab12-eeee0a941739.note-for-approval-db-deployer#flowable-async-job-executor-thread-82420#
[PollExecuteTaskStatusExecution] cfa7ca5e-15f8-47db-8f56-b1eb52c10373 [2026-09-11T07:17:32.062766] Enabling table replication for the container schema "2B675D72292B448193BD1EFA9367B0B8"... ok (0s 21ms) (STDOUT, APP/TASK/deploy)#
#2026 09 11 07:17:33.739#Z#DEBUG#b0b272a9-adb0-11f1-ab12-eeee0a941739.note-for-approval-db-deployer#flowable-async-job-executor-thread-82420#
[PollExecuteTaskStatusExecution] cfa7ca5e-15f8-47db-8f56-b1eb52c10373 [2026-09-11T07:17:32.062771] Starting make in the container "2B675D72292B448193BD1EFA9367B0B8" with 0 files to deploy, 0 files to undeploy... ok (0s 958ms) (STDOUT, APP/TASK/deploy)#
#2026 09 11 07:17:33.739#Z#DEBUG#b0b272a9-adb0-11f1-ab12-eeee0a941739.note-for-approval-db-deployer#flowable-async-job-executor-thread-82420#
[PollExecuteTaskStatusExecution] cfa7ca5e-15f8-47db-8f56-b1eb52c10373 [2026-09-11T07:17:32.062786] Deploying to the container "2B675D72292B448193BD1EFA9367B0B8"... ok (1s 187ms) (STDOUT, APP/TASK/deploy)#
#2026 09 11 07:17:33.739#Z#DEBUG#b0b272a9-adb0-11f1-ab12-eeee0a941739.note-for-approval-db-deployer#flowable-async-job-executor-thread-82420#
[PollExecuteTaskStatusExecution] cfa7ca5e-15f8-47db-8f56-b1eb52c10373 [2026-09-11T07:17:32.063124] No default-access-role handling needed; global role "2B675D72292B448193BD1EFA9367B0B8::access_role" will not be adapted (STDOUT, APP/TASK/deploy)#
#2026 09 11 07:17:33.739#Z#DEBUG#b0b272a9-adb0-11f1-ab12-eeee0a941739.note-for-approval-db-deployer#flowable-async-job-executor-thread-82420#
[PollExecuteTaskStatusExecution] cfa7ca5e-15f8-47db-8f56-b1eb52c10373 [2026-09-11T07:17:32.063148] Unlocking the container "2B675D72292B448193BD1EFA9367B0B8"... (STDOUT, APP/TASK/deploy)#
#2026 09 11 07:17:33.739#Z#DEBUG#b0b272a9-adb0-11f1-ab12-eeee0a941739.note-for-approval-db-deployer#flowable-async-job-executor-thread-82420#
[PollExecuteTaskStatusExecution] cfa7ca5e-15f8-47db-8f56-b1eb52c10373 [2026-09-11T07:17:32.063559] Unlocking the container "2B675D72292B448193BD1EFA9367B0B8"... ok (0s 0ms) (STDOUT, APP/TASK/deploy)#
#2026 09 11 07:17:33.739#Z#DEBUG#b0b272a9-adb0-11f1-ab12-eeee0a941739.note-for-approval-db-deployer#flowable-async-job-executor-thread-82420#
[PollExecuteTaskStatusExecution] cfa7ca5e-15f8-47db-8f56-b1eb52c10373 [2026-09-11T07:17:32.063643] Deployment to container 2B675D72292B448193BD1EFA9367B0B8 done [Deployment ID: none]. (STDOUT, APP/TASK/deploy)#
#2026 09 11 07:17:33.739#Z#DEBUG#b0b272a9-adb0-11f1-ab12-eeee0a941739.note-for-approval-db-deployer#flowable-async-job-executor-thread-82420#
[PollExecuteTaskStatusExecution] cfa7ca5e-15f8-47db-8f56-b1eb52c10373 [2026-09-11T07:17:32.064201] Deployment ended at 2026-09-11 07:17:32 (STDOUT, APP/TASK/deploy)#
#2026 09 11 07:17:33.739#Z#DEBUG#b0b272a9-adb0-11f1-ab12-eeee0a941739.note-for-approval-db-deployer#flowable-async-job-executor-thread-82420#
[PollExecuteTaskStatusExecution] cfa7ca5e-15f8-47db-8f56-b1eb52c10373 [2026-09-11T07:17:32.064461] (3s 289ms) (STDOUT, APP/TASK/deploy)#
#2026 09 11 07:17:33.739#Z#DEBUG#b0b272a9-adb0-11f1-ab12-eeee0a941739.note-for-approval-db-deployer#flowable-async-job-executor-thread-82420#
[PollExecuteTaskStatusExecution] cfa7ca5e-15f8-47db-8f56-b1eb52c10373 [2026-09-11T07:17:32.074878] npm notice (STDERR, APP/TASK/deploy)#
#2026 09 11 07:17:33.739#Z#DEBUG#b0b272a9-adb0-11f1-ab12-eeee0a941739.note-for-approval-db-deployer#flowable-async-job-executor-thread-82420#
[PollExecuteTaskStatusExecution] cfa7ca5e-15f8-47db-8f56-b1eb52c10373 [2026-09-11T07:17:32.074901] npm notice New major version of npm available! 11.16.0 -> 12.0.2 (STDERR, APP/TASK/deploy)#
#2026 09 11 07:17:33.739#Z#DEBUG#b0b272a9-adb0-11f1-ab12-eeee0a941739.note-for-approval-db-deployer#flowable-async-job-executor-thread-82420#
[PollExecuteTaskStatusExecution] cfa7ca5e-15f8-47db-8f56-b1eb52c10373 [2026-09-11T07:17:32.074906] npm notice Changelog: https://github.com/npm/cli/releases/tag/v12.0.2 (STDERR, APP/TASK/deploy)#
#2026 09 11 07:17:33.739#Z#DEBUG#b0b272a9-adb0-11f1-ab12-eeee0a941739.note-for-approval-db-deployer#flowable-async-job-executor-thread-82420#
[PollExecuteTaskStatusExecution] cfa7ca5e-15f8-47db-8f56-b1eb52c10373 [2026-09-11T07:17:32.074916] npm notice To update run: npm install -g npm@12.0.2 (STDERR, APP/TASK/deploy)#
#2026 09 11 07:17:33.739#Z#DEBUG#b0b272a9-adb0-11f1-ab12-eeee0a941739.note-for-approval-db-deployer#flowable-async-job-executor-thread-82420#
[PollExecuteTaskStatusExecution] cfa7ca5e-15f8-47db-8f56-b1eb52c10373 [2026-09-11T07:17:32.074939] npm notice (STDERR, APP/TASK/deploy)#
#2026 09 11 07:17:33.739#Z#DEBUG#b0b272a9-adb0-11f1-ab12-eeee0a941739.note-for-approval-db-deployer#flowable-async-job-executor-thread-82420#
[PollExecuteTaskStatusExecution] cfa7ca5e-15f8-47db-8f56-b1eb52c10373 [2026-09-11T07:17:32.132979] Exit status 0 (STDOUT, APP/TASK/deploy)#
#2026 09 11 07:17:33.739#Z#DEBUG#b0b272a9-adb0-11f1-ab12-eeee0a941739.note-for-approval-db-deployer#flowable-async-job-executor-thread-82420#
[PollExecuteTaskStatusExecution] cfa7ca5e-15f8-47db-8f56-b1eb52c10373 [2026-09-11T07:17:33.187963] Cell b51834cd-16f9-40e6-9ec3-0f93a8bfb495 stopping instance 5572e8eb-bd7e-48d3-9bbb-bf7d715c4d08 (STDOUT, CELL)#
#2026 09 11 07:17:33.739#Z#DEBUG#b0b272a9-adb0-11f1-ab12-eeee0a941739.note-for-approval-db-deployer#flowable-async-job-executor-thread-82420#
[PollExecuteTaskStatusExecution] cfa7ca5e-15f8-47db-8f56-b1eb52c10373 [2026-09-11T07:17:33.187998] Cell b51834cd-16f9-40e6-9ec3-0f93a8bfb495 destroying container for instance 5572e8eb-bd7e-48d3-9bbb-bf7d715c4d08 (STDOUT, CELL)#
