#2026 09 03 08:20:36.717#Z#DEBUG#3758d499-a770-11f1-be6f-eeee0a871e3d.note-for-approval#flowable-async-job-executor-thread-4559#
[PollStartAppStatusExecution] 00415b23-d656-42e4-9089-360c286d1f4f [2026-09-03T08:20:00.106383] Updated app with guid 00415b23-d656-42e4-9089-360c286d1f4f ({"lifecycle"=>{"data"=>{"buildpacks"=>[]}, "type"=>"buildpack"}}) (STDOUT, API)#
#2026 09 03 08:20:36.717#Z#DEBUG#3758d499-a770-11f1-be6f-eeee0a871e3d.note-for-approval#flowable-async-job-executor-thread-4559#
[PollStartAppStatusExecution] 00415b23-d656-42e4-9089-360c286d1f4f [2026-09-03T08:20:00.812544] Updating process: "web" (STDOUT, API)#
#2026 09 03 08:20:36.717#Z#DEBUG#3758d499-a770-11f1-be6f-eeee0a871e3d.note-for-approval#flowable-async-job-executor-thread-4559#
[PollStartAppStatusExecution] 00415b23-d656-42e4-9089-360c286d1f4f [2026-09-03T08:20:27.379691] Stopping app with guid 00415b23-d656-42e4-9089-360c286d1f4f (STDOUT, API)#
#2026 09 03 08:20:36.717#Z#DEBUG#3758d499-a770-11f1-be6f-eeee0a871e3d.note-for-approval#flowable-async-job-executor-thread-4559#
[PollStartAppStatusExecution] 00415b23-d656-42e4-9089-360c286d1f4f [2026-09-03T08:20:27.458897] Cell 603116bc-7fed-4903-99fd-9c02388302bd stopping instance 7ea206ab-ee42-45a6-4999-1303 (STDOUT, CELL)#
#2026 09 03 08:20:36.717#Z#DEBUG#3758d499-a770-11f1-be6f-eeee0a871e3d.note-for-approval#flowable-async-job-executor-thread-4559#
[PollStartAppStatusExecution] 00415b23-d656-42e4-9089-360c286d1f4f [2026-09-03T08:20:27.678816] Starting app with guid 00415b23-d656-42e4-9089-360c286d1f4f (STDOUT, API)#
#2026 09 03 08:20:36.717#Z#DEBUG#3758d499-a770-11f1-be6f-eeee0a871e3d.note-for-approval#flowable-async-job-executor-thread-4559#
[PollStartAppStatusExecution] 00415b23-d656-42e4-9089-360c286d1f4f [2026-09-03T08:20:27.932447] Cell ed187d61-fe05-4ad6-b624-26691441caf4 creating container for instance a69945a2-34df-4f09-561c-d809 (STDOUT, CELL)#
#2026 09 03 08:20:36.717#Z#DEBUG#3758d499-a770-11f1-be6f-eeee0a871e3d.note-for-approval#flowable-async-job-executor-thread-4559#
[PollStartAppStatusExecution] 00415b23-d656-42e4-9089-360c286d1f4f [2026-09-03T08:20:28.232285] Security group rules were updated (STDOUT, CELL)#
#2026 09 03 08:20:36.717#Z#DEBUG#3758d499-a770-11f1-be6f-eeee0a871e3d.note-for-approval#flowable-async-job-executor-thread-4559#
[PollStartAppStatusExecution] 00415b23-d656-42e4-9089-360c286d1f4f [2026-09-03T08:20:28.303155] Cell ed187d61-fe05-4ad6-b624-26691441caf4 successfully created container for instance a69945a2-34df-4f09-561c-d809 (STDOUT, CELL)#
#2026 09 03 08:20:36.717#Z#DEBUG#3758d499-a770-11f1-be6f-eeee0a871e3d.note-for-approval#flowable-async-job-executor-thread-4559#
[PollStartAppStatusExecution] 00415b23-d656-42e4-9089-360c286d1f4f [2026-09-03T08:20:29.219544] Downloading droplet... (STDOUT, CELL)#
#2026 09 03 08:20:36.717#Z#DEBUG#3758d499-a770-11f1-be6f-eeee0a871e3d.note-for-approval#flowable-async-job-executor-thread-4559#
[PollStartAppStatusExecution] 00415b23-d656-42e4-9089-360c286d1f4f [2026-09-03T08:20:32.272710] Downloaded droplet (62.4M) (STDOUT, CELL)#
#2026 09 03 08:20:36.717#Z#DEBUG#3758d499-a770-11f1-be6f-eeee0a871e3d.note-for-approval#flowable-async-job-executor-thread-4559#
[PollStartAppStatusExecution] 00415b23-d656-42e4-9089-360c286d1f4f [2026-09-03T08:20:32.272863] Starting health monitoring of container (STDOUT, CELL)#
#2026 09 03 08:20:36.717#Z#DEBUG#3758d499-a770-11f1-be6f-eeee0a871e3d.note-for-approval#flowable-async-job-executor-thread-4559#
[PollStartAppStatusExecution] 00415b23-d656-42e4-9089-360c286d1f4f [2026-09-03T08:20:32.330549] Invoking pre-start scripts. (STDOUT, APP/PROC/WEB)#
#2026 09 03 08:20:36.717#Z#DEBUG#3758d499-a770-11f1-be6f-eeee0a871e3d.note-for-approval#flowable-async-job-executor-thread-4559#
[PollStartAppStatusExecution] 00415b23-d656-42e4-9089-360c286d1f4f [2026-09-03T08:20:32.472694] Invoking start command. (STDOUT, APP/PROC/WEB)#
#2026 09 03 08:20:36.717#Z#DEBUG#3758d499-a770-11f1-be6f-eeee0a871e3d.note-for-approval#flowable-async-job-executor-thread-4559#
[PollStartAppStatusExecution] 00415b23-d656-42e4-9089-360c286d1f4f [2026-09-03T08:20:32.754643] > start (STDOUT, APP/PROC/WEB)#
#2026 09 03 08:20:36.717#Z#DEBUG#3758d499-a770-11f1-be6f-eeee0a871e3d.note-for-approval#flowable-async-job-executor-thread-4559#
[PollStartAppStatusExecution] 00415b23-d656-42e4-9089-360c286d1f4f [2026-09-03T08:20:32.754694] > node node_modules/@sap/approuter/approuter.js (STDOUT, APP/PROC/WEB)#
#2026 09 03 08:20:36.717#Z#DEBUG#3758d499-a770-11f1-be6f-eeee0a871e3d.note-for-approval#flowable-async-job-executor-thread-4559#
[PollStartAppStatusExecution] 00415b23-d656-42e4-9089-360c286d1f4f [2026-09-03T08:20:32.881785] {"written_at":"2026-09-03T08:20:32.880Z","written_ts":1788423632880000000,"csn_component":"-","correlation_id":"-","type":"log","logger":"nodejs-logger","layer":"/LoggingLibrary","level":"warning","container_id":"10.37.195.7","component_type":"application","component_id":"00415b23-d656-42e4-9089-360c286d1f4f","component_name":"note-for-approval","component_instance":-1,"source_instance":-1,"organization_id":"f75518ee-c52e-4c0f-8577-d43c69acffc3","organization_name":"BrainBox Consulting BV_BrainboxConsultingIG","space_id":"68e32ac3-8ca0-48aa-af92-b0c9129360d2","space_name":"dev","context_id":"","msg":"Dynamic log level switching not available"} (STDOUT, APP/PROC/WEB)#
#2026 09 03 08:20:36.717#Z#DEBUG#3758d499-a770-11f1-be6f-eeee0a871e3d.note-for-approval#flowable-async-job-executor-thread-4559#
[PollStartAppStatusExecution] 00415b23-d656-42e4-9089-360c286d1f4f [2026-09-03T08:20:33.231604] {"written_at":"2026-09-03T08:20:33.231Z","written_ts":1788423633231000000,"csn_component":"-","correlation_id":"mtl9974f","type":"log","logger":"nodejs-logger","layer":"/approuter","level":"info","container_id":"10.37.195.7","component_type":"application","component_id":"00415b23-d656-42e4-9089-360c286d1f4f","component_name":"note-for-approval","component_instance":-1,"source_instance":-1,"organization_id":"f75518ee-c52e-4c0f-8577-d43c69acffc3","organization_name":"BrainBox Consulting BV_BrainboxConsultingIG","space_id":"68e32ac3-8ca0-48aa-af92-b0c9129360d2","space_name":"dev","context_id":"mtl9974f","msg":"Application router version 22.0.3"} (STDOUT, APP/PROC/WEB)#
#2026 09 03 08:20:36.717#Z#DEBUG#3758d499-a770-11f1-be6f-eeee0a871e3d.note-for-approval#flowable-async-job-executor-thread-4559#
[PollStartAppStatusExecution] 00415b23-d656-42e4-9089-360c286d1f4f [2026-09-03T08:20:33.233804] {"written_at":"2026-09-03T08:20:33.233Z","written_ts":1788423633233000000,"csn_component":"-","correlation_id":"mtl9974h","type":"log","logger":"nodejs-logger","layer":"/Configuration","level":"info","container_id":"10.37.195.7","component_type":"application","component_id":"00415b23-d656-42e4-9089-360c286d1f4f","component_name":"note-for-approval","component_instance":-1,"source_instance":-1,"organization_id":"f75518ee-c52e-4c0f-8577-d43c69acffc3","organization_name":"BrainBox Consulting BV_BrainboxConsultingIG","space_id":"68e32ac3-8ca0-48aa-af92-b0c9129360d2","space_name":"dev","context_id":"mtl9974h","msg":"No COOKIES environment variable"} (STDOUT, APP/PROC/WEB)#
#2026 09 03 08:20:36.717#Z#DEBUG#3758d499-a770-11f1-be6f-eeee0a871e3d.note-for-approval#flowable-async-job-executor-thread-4559#
[PollStartAppStatusExecution] 00415b23-d656-42e4-9089-360c286d1f4f [2026-09-03T08:20:33.238585] {"written_at":"2026-09-03T08:20:33.238Z","written_ts":1788423633238000000,"csn_component":"-","correlation_id":"mtl9974m","type":"log","logger":"nodejs-logger","layer":"/Configuration","level":"warning","container_id":"10.37.195.7","component_type":"application","component_id":"00415b23-d656-42e4-9089-360c286d1f4f","component_name":"note-for-approval","component_instance":-1,"source_instance":-1,"organization_id":"f75518ee-c52e-4c0f-8577-d43c69acffc3","organization_name":"BrainBox Consulting BV_BrainboxConsultingIG","space_id":"68e32ac3-8ca0-48aa-af92-b0c9129360d2","space_name":"dev","context_id":"mtl9974m","msg":"No authentication will be used when accessing backends. Scopes defined in routes will be ignored."} (STDOUT, APP/PROC/WEB)#
#2026 09 03 08:20:36.717#Z#DEBUG#3758d499-a770-11f1-be6f-eeee0a871e3d.note-for-approval#flowable-async-job-executor-thread-4559#
[PollStartAppStatusExecution] 00415b23-d656-42e4-9089-360c286d1f4f [2026-09-03T08:20:33.238929] {"written_at":"2026-09-03T08:20:33.238Z","written_ts":1788423633238000000,"csn_component":"-","correlation_id":"mtl9974m","type":"log","logger":"nodejs-logger","layer":"/Configuration","level":"info","container_id":"10.37.195.7","component_type":"application","component_id":"00415b23-d656-42e4-9089-360c286d1f4f","component_name":"note-for-approval","component_instance":-1,"source_instance":-1,"organization_id":"f75518ee-c52e-4c0f-8577-d43c69acffc3","organization_name":"BrainBox Consulting BV_BrainboxConsultingIG","space_id":"68e32ac3-8ca0-48aa-af92-b0c9129360d2","space_name":"dev","context_id":"mtl9974m","msg":"Replacing $XSAPPNAME will not take place - 'xsappname' property not found in UAA configuration."} (STDOUT, APP/PROC/WEB)#
#2026 09 03 08:20:36.717#Z#DEBUG#3758d499-a770-11f1-be6f-eeee0a871e3d.note-for-approval#flowable-async-job-executor-thread-4559#
[PollStartAppStatusExecution] 00415b23-d656-42e4-9089-360c286d1f4f [2026-09-03T08:20:33.268336] {"written_at":"2026-09-03T08:20:33.268Z","written_ts":1788423633268000000,"csn_component":"-","correlation_id":"mtl9974f","type":"log","logger":"nodejs-logger","layer":"/approuter","level":"info","container_id":"10.37.195.7","component_type":"application","component_id":"00415b23-d656-42e4-9089-360c286d1f4f","component_name":"note-for-approval","component_instance":-1,"source_instance":-1,"organization_id":"f75518ee-c52e-4c0f-8577-d43c69acffc3","organization_name":"BrainBox Consulting BV_BrainboxConsultingIG","space_id":"68e32ac3-8ca0-48aa-af92-b0c9129360d2","space_name":"dev","context_id":"mtl9974f","msg":"Application router is listening on port: 8080"} (STDOUT, APP/PROC/WEB)#
#2026 09 03 08:20:36.717#Z#DEBUG#3758d499-a770-11f1-be6f-eeee0a871e3d.note-for-approval#flowable-async-job-executor-thread-4559#
[PollStartAppStatusExecution] 00415b23-d656-42e4-9089-360c286d1f4f [2026-09-03T08:20:35.592677] Container became healthy (STDOUT, CELL)#
#2026 09 03 08:20:36.717#Z#DEBUG#3758d499-a770-11f1-be6f-eeee0a871e3d.note-for-approval#flowable-async-job-executor-thread-4559#
[PollStartAppStatusExecution] 00415b23-d656-42e4-9089-360c286d1f4f [2026-09-03T08:20:35.625062] Process became ready with guid 00415b23-d656-42e4-9089-360c286d1f4f payload: {"instance"=>"a69945a2-34df-4f09-561c-d809", "index"=>0, "cell_id"=>"ed187d61-fe05-4ad6-b624-26691441caf4", "ready"=>true, "version"=>"f65dcf4b-43ab-43ce-b6d3-83b03e3a17d6"} (STDOUT, API)#
