#2026 09 03 08:20:56.761#Z#DEBUG#3758d499-a770-11f1-be6f-eeee0a871e3d.note-for-approval-srv#flowable-async-job-executor-thread-4619#
[PollStageAppStatusExecution] 7037cbc0-f596-4751-ad38-f95db4aad153 [2026-09-03T08:20:00.608107] Updated app with guid 7037cbc0-f596-4751-ad38-f95db4aad153 ({"lifecycle"=>{"data"=>{"buildpacks"=>["nodejs_buildpack"]}, "type"=>"buildpack"}}) (STDOUT, API)#
#2026 09 03 08:20:56.761#Z#DEBUG#3758d499-a770-11f1-be6f-eeee0a871e3d.note-for-approval-srv#flowable-async-job-executor-thread-4619#
[PollStageAppStatusExecution] 7037cbc0-f596-4751-ad38-f95db4aad153 [2026-09-03T08:20:00.696803] Updating process: "web" (STDOUT, API)#
#2026 09 03 08:20:56.761#Z#DEBUG#3758d499-a770-11f1-be6f-eeee0a871e3d.note-for-approval-srv#flowable-async-job-executor-thread-4619#
[PollStageAppStatusExecution] 7037cbc0-f596-4751-ad38-f95db4aad153 [2026-09-03T08:20:17.014060] Uploading app package for app with guid 7037cbc0-f596-4751-ad38-f95db4aad153 (STDOUT, API)#
#2026 09 03 08:20:56.761#Z#DEBUG#3758d499-a770-11f1-be6f-eeee0a871e3d.note-for-approval-srv#flowable-async-job-executor-thread-4619#
[PollStageAppStatusExecution] 7037cbc0-f596-4751-ad38-f95db4aad153 [2026-09-03T08:20:17.192332] Updated app with guid 7037cbc0-f596-4751-ad38-f95db4aad153 ({"environment_variables"=>"[PRIVATE DATA HIDDEN]"}) (STDOUT, API)#
#2026 09 03 08:20:56.761#Z#DEBUG#3758d499-a770-11f1-be6f-eeee0a871e3d.note-for-approval-srv#flowable-async-job-executor-thread-4619#
[PollStageAppStatusExecution] 7037cbc0-f596-4751-ad38-f95db4aad153 [2026-09-03T08:20:46.996984] Stopping app with guid 7037cbc0-f596-4751-ad38-f95db4aad153 (STDOUT, API)#
#2026 09 03 08:20:56.761#Z#DEBUG#3758d499-a770-11f1-be6f-eeee0a871e3d.note-for-approval-srv#flowable-async-job-executor-thread-4619#
[PollStageAppStatusExecution] 7037cbc0-f596-4751-ad38-f95db4aad153 [2026-09-03T08:20:47.064498] Cell a1bc60a8-26ff-4d1a-9ae6-5b23d33e2c71 stopping instance 042ff361-0283-4564-709c-6a8e (STDOUT, CELL)#
#2026 09 03 08:20:56.761#Z#DEBUG#3758d499-a770-11f1-be6f-eeee0a871e3d.note-for-approval-srv#flowable-async-job-executor-thread-4619#
[PollStageAppStatusExecution] 7037cbc0-f596-4751-ad38-f95db4aad153 [2026-09-03T08:20:47.239967] Creating build for app with guid 7037cbc0-f596-4751-ad38-f95db4aad153 (STDOUT, API)#
#2026 09 03 08:20:56.761#Z#DEBUG#3758d499-a770-11f1-be6f-eeee0a871e3d.note-for-approval-srv#flowable-async-job-executor-thread-4619#
[PollStageAppStatusExecution] 7037cbc0-f596-4751-ad38-f95db4aad153 [2026-09-03T08:20:47.640898] Downloading nodejs_buildpack... (STDOUT, STG)#
#2026 09 03 08:21:06.800#Z#DEBUG#3758d499-a770-11f1-be6f-eeee0a871e3d.note-for-approval-srv#flowable-async-job-executor-thread-4643#
[PollStageAppStatusExecution] 7037cbc0-f596-4751-ad38-f95db4aad153 [2026-09-03T08:20:58.072633] Downloaded nodejs_buildpack (618.1M) (STDOUT, STG)#
#2026 09 03 08:21:06.800#Z#DEBUG#3758d499-a770-11f1-be6f-eeee0a871e3d.note-for-approval-srv#flowable-async-job-executor-thread-4643#
[PollStageAppStatusExecution] 7037cbc0-f596-4751-ad38-f95db4aad153 [2026-09-03T08:20:58.072730] Cell d89f1f85-1f63-494c-baf8-9f3a5dd1b807 creating container for instance 31e7cab6-1cde-4928-bf6d-1f86696d4609 (STDOUT, STG)#
#2026 09 03 08:21:06.800#Z#DEBUG#3758d499-a770-11f1-be6f-eeee0a871e3d.note-for-approval-srv#flowable-async-job-executor-thread-4643#
[PollStageAppStatusExecution] 7037cbc0-f596-4751-ad38-f95db4aad153 [2026-09-03T08:20:58.628373] Security group rules were updated (STDOUT, STG)#
#2026 09 03 08:21:06.800#Z#DEBUG#3758d499-a770-11f1-be6f-eeee0a871e3d.note-for-approval-srv#flowable-async-job-executor-thread-4643#
[PollStageAppStatusExecution] 7037cbc0-f596-4751-ad38-f95db4aad153 [2026-09-03T08:20:58.698035] Cell d89f1f85-1f63-494c-baf8-9f3a5dd1b807 successfully created container for instance 31e7cab6-1cde-4928-bf6d-1f86696d4609 (STDOUT, STG)#
#2026 09 03 08:21:06.800#Z#DEBUG#3758d499-a770-11f1-be6f-eeee0a871e3d.note-for-approval-srv#flowable-async-job-executor-thread-4643#
[PollStageAppStatusExecution] 7037cbc0-f596-4751-ad38-f95db4aad153 [2026-09-03T08:20:59.031450] Downloading app package... (STDOUT, STG)#
#2026 09 03 08:21:06.800#Z#DEBUG#3758d499-a770-11f1-be6f-eeee0a871e3d.note-for-approval-srv#flowable-async-job-executor-thread-4643#
[PollStageAppStatusExecution] 7037cbc0-f596-4751-ad38-f95db4aad153 [2026-09-03T08:20:59.031468] Downloading build artifacts cache... (STDOUT, STG)#
#2026 09 03 08:21:06.800#Z#DEBUG#3758d499-a770-11f1-be6f-eeee0a871e3d.note-for-approval-srv#flowable-async-job-executor-thread-4643#
[PollStageAppStatusExecution] 7037cbc0-f596-4751-ad38-f95db4aad153 [2026-09-03T08:20:59.099169] Downloaded build artifacts cache (222B) (STDOUT, STG)#
#2026 09 03 08:21:06.800#Z#DEBUG#3758d499-a770-11f1-be6f-eeee0a871e3d.note-for-approval-srv#flowable-async-job-executor-thread-4643#
[PollStageAppStatusExecution] 7037cbc0-f596-4751-ad38-f95db4aad153 [2026-09-03T08:21:01.354943] Downloaded app package (24.3M) (STDOUT, STG)#
#2026 09 03 08:21:06.800#Z#DEBUG#3758d499-a770-11f1-be6f-eeee0a871e3d.note-for-approval-srv#flowable-async-job-executor-thread-4643#
[PollStageAppStatusExecution] 7037cbc0-f596-4751-ad38-f95db4aad153 [2026-09-03T08:21:01.427184] -----> Nodejs Buildpack version 1.9.3 (STDOUT, STG)#
#2026 09 03 08:21:06.800#Z#DEBUG#3758d499-a770-11f1-be6f-eeee0a871e3d.note-for-approval-srv#flowable-async-job-executor-thread-4643#
[PollStageAppStatusExecution] 7037cbc0-f596-4751-ad38-f95db4aad153 [2026-09-03T08:21:02.216434] -----> Bootstrapping python (STDOUT, STG)#
#2026 09 03 08:21:06.800#Z#DEBUG#3758d499-a770-11f1-be6f-eeee0a871e3d.note-for-approval-srv#flowable-async-job-executor-thread-4643#
[PollStageAppStatusExecution] 7037cbc0-f596-4751-ad38-f95db4aad153 [2026-09-03T08:21:02.216466] -----> Installing python 3.13.14 (STDOUT, STG)#
#2026 09 03 08:21:06.800#Z#DEBUG#3758d499-a770-11f1-be6f-eeee0a871e3d.note-for-approval-srv#flowable-async-job-executor-thread-4643#
[PollStageAppStatusExecution] 7037cbc0-f596-4751-ad38-f95db4aad153 [2026-09-03T08:21:02.216513] Copy [/tmp/buildpacks/fca214f8c6e938dc/dependencies/4b4266a2ff36730aef37b88b668ca327/python_3.13.14_linux_x64_cflinuxfs4_b80d4954.tgz] (STDOUT, STG)#
#2026 09 03 08:21:06.800#Z#DEBUG#3758d499-a770-11f1-be6f-eeee0a871e3d.note-for-approval-srv#flowable-async-job-executor-thread-4643#
[PollStageAppStatusExecution] 7037cbc0-f596-4751-ad38-f95db4aad153 [2026-09-03T08:21:05.390148] -----> Installing binaries (STDOUT, STG)#
#2026 09 03 08:21:06.800#Z#DEBUG#3758d499-a770-11f1-be6f-eeee0a871e3d.note-for-approval-srv#flowable-async-job-executor-thread-4643#
[PollStageAppStatusExecution] 7037cbc0-f596-4751-ad38-f95db4aad153 [2026-09-03T08:21:05.390773] engines.node (package.json): ^24 (STDOUT, STG)#
#2026 09 03 08:21:06.800#Z#DEBUG#3758d499-a770-11f1-be6f-eeee0a871e3d.note-for-approval-srv#flowable-async-job-executor-thread-4643#
[PollStageAppStatusExecution] 7037cbc0-f596-4751-ad38-f95db4aad153 [2026-09-03T08:21:05.390795] engines.npm (package.json): unspecified (use default) (STDOUT, STG)#
#2026 09 03 08:21:06.800#Z#DEBUG#3758d499-a770-11f1-be6f-eeee0a871e3d.note-for-approval-srv#flowable-async-job-executor-thread-4643#
[PollStageAppStatusExecution] 7037cbc0-f596-4751-ad38-f95db4aad153 [2026-09-03T08:21:05.391019] -----> Installing node 24.18.0 (STDOUT, STG)#
#2026 09 03 08:21:06.800#Z#DEBUG#3758d499-a770-11f1-be6f-eeee0a871e3d.note-for-approval-srv#flowable-async-job-executor-thread-4643#
[PollStageAppStatusExecution] 7037cbc0-f596-4751-ad38-f95db4aad153 [2026-09-03T08:21:05.391299] Copy [/tmp/buildpacks/fca214f8c6e938dc/dependencies/dffbbb835fcd073c4544f78eb6247fac/node_24.18.0_linux_x64_cflinuxfs4_cdfed650.tgz] (STDOUT, STG)#
#2026 09 03 08:21:16.872#Z#DEBUG#3758d499-a770-11f1-be6f-eeee0a871e3d.note-for-approval-srv#flowable-async-job-executor-thread-9652#
[PollStageAppStatusExecution] 7037cbc0-f596-4751-ad38-f95db4aad153 [2026-09-03T08:21:07.232698] Using default npm version: 11.16.0 (STDOUT, STG)#
#2026 09 03 08:21:16.873#Z#DEBUG#3758d499-a770-11f1-be6f-eeee0a871e3d.note-for-approval-srv#flowable-async-job-executor-thread-9652#
[PollStageAppStatusExecution] 7037cbc0-f596-4751-ad38-f95db4aad153 [2026-09-03T08:21:07.232716] -----> Installing yarn 1.22.22 (STDOUT, STG)#
#2026 09 03 08:21:16.873#Z#DEBUG#3758d499-a770-11f1-be6f-eeee0a871e3d.note-for-approval-srv#flowable-async-job-executor-thread-9652#
[PollStageAppStatusExecution] 7037cbc0-f596-4751-ad38-f95db4aad153 [2026-09-03T08:21:07.232838] Copy [/tmp/buildpacks/fca214f8c6e938dc/dependencies/e4fe26756e9984a665478d350474fa2e/yarn_1.22.22_linux_noarch_any-stack_b6132b86.tgz] (STDOUT, STG)#
#2026 09 03 08:21:16.873#Z#DEBUG#3758d499-a770-11f1-be6f-eeee0a871e3d.note-for-approval-srv#flowable-async-job-executor-thread-9652#
[PollStageAppStatusExecution] 7037cbc0-f596-4751-ad38-f95db4aad153 [2026-09-03T08:21:07.491322] Installed yarn 1.22.22 (STDOUT, STG)#
#2026 09 03 08:21:16.873#Z#DEBUG#3758d499-a770-11f1-be6f-eeee0a871e3d.note-for-approval-srv#flowable-async-job-executor-thread-9652#
[PollStageAppStatusExecution] 7037cbc0-f596-4751-ad38-f95db4aad153 [2026-09-03T08:21:07.491344] -----> Creating runtime environment (STDOUT, STG)#
#2026 09 03 08:21:16.873#Z#DEBUG#3758d499-a770-11f1-be6f-eeee0a871e3d.note-for-approval-srv#flowable-async-job-executor-thread-9652#
[PollStageAppStatusExecution] 7037cbc0-f596-4751-ad38-f95db4aad153 [2026-09-03T08:21:07.492601] NODE_ENV=production (STDOUT, STG)#
#2026 09 03 08:21:16.873#Z#DEBUG#3758d499-a770-11f1-be6f-eeee0a871e3d.note-for-approval-srv#flowable-async-job-executor-thread-9652#
[PollStageAppStatusExecution] 7037cbc0-f596-4751-ad38-f95db4aad153 [2026-09-03T08:21:07.492622] NODE_HOME=/tmp/contents407500243/deps/0/node (STDOUT, STG)#
#2026 09 03 08:21:16.873#Z#DEBUG#3758d499-a770-11f1-be6f-eeee0a871e3d.note-for-approval-srv#flowable-async-job-executor-thread-9652#
[PollStageAppStatusExecution] 7037cbc0-f596-4751-ad38-f95db4aad153 [2026-09-03T08:21:07.492624] NODE_MODULES_CACHE=true (STDOUT, STG)#
#2026 09 03 08:21:16.873#Z#DEBUG#3758d499-a770-11f1-be6f-eeee0a871e3d.note-for-approval-srv#flowable-async-job-executor-thread-9652#
[PollStageAppStatusExecution] 7037cbc0-f596-4751-ad38-f95db4aad153 [2026-09-03T08:21:07.492626] NODE_VERBOSE=false (STDOUT, STG)#
#2026 09 03 08:21:16.873#Z#DEBUG#3758d499-a770-11f1-be6f-eeee0a871e3d.note-for-approval-srv#flowable-async-job-executor-thread-9652#
[PollStageAppStatusExecution] 7037cbc0-f596-4751-ad38-f95db4aad153 [2026-09-03T08:21:07.492628] NPM_CONFIG_LOGLEVEL=error (STDOUT, STG)#
#2026 09 03 08:21:16.873#Z#DEBUG#3758d499-a770-11f1-be6f-eeee0a871e3d.note-for-approval-srv#flowable-async-job-executor-thread-9652#
[PollStageAppStatusExecution] 7037cbc0-f596-4751-ad38-f95db4aad153 [2026-09-03T08:21:07.492632] NPM_CONFIG_PRODUCTION=true (STDOUT, STG)#
#2026 09 03 08:21:16.873#Z#DEBUG#3758d499-a770-11f1-be6f-eeee0a871e3d.note-for-approval-srv#flowable-async-job-executor-thread-9652#
[PollStageAppStatusExecution] 7037cbc0-f596-4751-ad38-f95db4aad153 [2026-09-03T08:21:07.492643] -----> Building dependencies (STDOUT, STG)#
#2026 09 03 08:21:16.873#Z#DEBUG#3758d499-a770-11f1-be6f-eeee0a871e3d.note-for-approval-srv#flowable-async-job-executor-thread-9652#
[PollStageAppStatusExecution] 7037cbc0-f596-4751-ad38-f95db4aad153 [2026-09-03T08:21:07.492647] Prebuild detected (node_modules already exists) (STDOUT, STG)#
#2026 09 03 08:21:16.873#Z#DEBUG#3758d499-a770-11f1-be6f-eeee0a871e3d.note-for-approval-srv#flowable-async-job-executor-thread-9652#
[PollStageAppStatusExecution] 7037cbc0-f596-4751-ad38-f95db4aad153 [2026-09-03T08:21:07.492701] Rebuilding any native modules (STDOUT, STG)#
#2026 09 03 08:21:16.873#Z#DEBUG#3758d499-a770-11f1-be6f-eeee0a871e3d.note-for-approval-srv#flowable-async-job-executor-thread-9652#
[PollStageAppStatusExecution] 7037cbc0-f596-4751-ad38-f95db4aad153 [2026-09-03T08:21:08.252033] rebuilt dependencies successfully (STDOUT, STG)#
#2026 09 03 08:21:16.873#Z#DEBUG#3758d499-a770-11f1-be6f-eeee0a871e3d.note-for-approval-srv#flowable-async-job-executor-thread-9652#
[PollStageAppStatusExecution] 7037cbc0-f596-4751-ad38-f95db4aad153 [2026-09-03T08:21:08.253380] npm notice (STDOUT, STG)#
#2026 09 03 08:21:16.873#Z#DEBUG#3758d499-a770-11f1-be6f-eeee0a871e3d.note-for-approval-srv#flowable-async-job-executor-thread-9652#
[PollStageAppStatusExecution] 7037cbc0-f596-4751-ad38-f95db4aad153 [2026-09-03T08:21:08.253400] npm notice New major version of npm available! 11.16.0 -> 12.0.2 (STDOUT, STG)#
#2026 09 03 08:21:16.873#Z#DEBUG#3758d499-a770-11f1-be6f-eeee0a871e3d.note-for-approval-srv#flowable-async-job-executor-thread-9652#
[PollStageAppStatusExecution] 7037cbc0-f596-4751-ad38-f95db4aad153 [2026-09-03T08:21:08.253408] npm notice Changelog: https://github.com/npm/cli/releases/tag/v12.0.2 (STDOUT, STG)#
#2026 09 03 08:21:16.873#Z#DEBUG#3758d499-a770-11f1-be6f-eeee0a871e3d.note-for-approval-srv#flowable-async-job-executor-thread-9652#
[PollStageAppStatusExecution] 7037cbc0-f596-4751-ad38-f95db4aad153 [2026-09-03T08:21:08.253411] npm notice To update run: npm install -g npm@12.0.2 (STDOUT, STG)#
#2026 09 03 08:21:16.873#Z#DEBUG#3758d499-a770-11f1-be6f-eeee0a871e3d.note-for-approval-srv#flowable-async-job-executor-thread-9652#
[PollStageAppStatusExecution] 7037cbc0-f596-4751-ad38-f95db4aad153 [2026-09-03T08:21:08.253412] npm notice (STDOUT, STG)#
#2026 09 03 08:21:16.873#Z#DEBUG#3758d499-a770-11f1-be6f-eeee0a871e3d.note-for-approval-srv#flowable-async-job-executor-thread-9652#
[PollStageAppStatusExecution] 7037cbc0-f596-4751-ad38-f95db4aad153 [2026-09-03T08:21:08.308426] Installing any new modules (package.json + package-lock.json) (STDOUT, STG)#
#2026 09 03 08:21:16.873#Z#DEBUG#3758d499-a770-11f1-be6f-eeee0a871e3d.note-for-approval-srv#flowable-async-job-executor-thread-9652#
[PollStageAppStatusExecution] 7037cbc0-f596-4751-ad38-f95db4aad153 [2026-09-03T08:21:09.082567] up to date in 708ms (STDOUT, STG)#
#2026 09 03 08:21:16.873#Z#DEBUG#3758d499-a770-11f1-be6f-eeee0a871e3d.note-for-approval-srv#flowable-async-job-executor-thread-9652#
[PollStageAppStatusExecution] 7037cbc0-f596-4751-ad38-f95db4aad153 [2026-09-03T08:21:09.082778] 50 packages are looking for funding (STDOUT, STG)#
#2026 09 03 08:21:16.873#Z#DEBUG#3758d499-a770-11f1-be6f-eeee0a871e3d.note-for-approval-srv#flowable-async-job-executor-thread-9652#
[PollStageAppStatusExecution] 7037cbc0-f596-4751-ad38-f95db4aad153 [2026-09-03T08:21:09.082859] run `npm fund` for details (STDOUT, STG)#
#2026 09 03 08:21:16.873#Z#DEBUG#3758d499-a770-11f1-be6f-eeee0a871e3d.note-for-approval-srv#flowable-async-job-executor-thread-9652#
[PollStageAppStatusExecution] 7037cbc0-f596-4751-ad38-f95db4aad153 [2026-09-03T08:21:10.402046] Contrast Security no credentials found. Will not write environment files. (STDOUT, STG)#
#2026 09 03 08:21:26.864#Z#DEBUG#3758d499-a770-11f1-be6f-eeee0a871e3d.note-for-approval-srv#flowable-async-job-executor-thread-7019#
[PollStageAppStatusExecution] 7037cbc0-f596-4751-ad38-f95db4aad153 [2026-09-03T08:21:22.648773] Exit status 0 (STDOUT, STG)#
#2026 09 03 08:21:26.864#Z#DEBUG#3758d499-a770-11f1-be6f-eeee0a871e3d.note-for-approval-srv#flowable-async-job-executor-thread-7019#
[PollStageAppStatusExecution] 7037cbc0-f596-4751-ad38-f95db4aad153 [2026-09-03T08:21:22.648829] Uploading droplet, build artifacts cache... (STDOUT, STG)#
#2026 09 03 08:21:26.864#Z#DEBUG#3758d499-a770-11f1-be6f-eeee0a871e3d.note-for-approval-srv#flowable-async-job-executor-thread-7019#
[PollStageAppStatusExecution] 7037cbc0-f596-4751-ad38-f95db4aad153 [2026-09-03T08:21:22.648880] Uploading droplet... (STDOUT, STG)#
#2026 09 03 08:21:26.864#Z#DEBUG#3758d499-a770-11f1-be6f-eeee0a871e3d.note-for-approval-srv#flowable-async-job-executor-thread-7019#
[PollStageAppStatusExecution] 7037cbc0-f596-4751-ad38-f95db4aad153 [2026-09-03T08:21:22.648988] Uploading build artifacts cache... (STDOUT, STG)#
#2026 09 03 08:21:26.864#Z#DEBUG#3758d499-a770-11f1-be6f-eeee0a871e3d.note-for-approval-srv#flowable-async-job-executor-thread-7019#
[PollStageAppStatusExecution] 7037cbc0-f596-4751-ad38-f95db4aad153 [2026-09-03T08:21:22.676450] Uploaded build artifacts cache (222B) (STDOUT, STG)#
#2026 09 03 08:21:26.864#Z#DEBUG#3758d499-a770-11f1-be6f-eeee0a871e3d.note-for-approval-srv#flowable-async-job-executor-thread-7019#
[PollStageAppStatusExecution] 7037cbc0-f596-4751-ad38-f95db4aad153 [2026-09-03T08:21:23.310873] Creating droplet for app with guid 7037cbc0-f596-4751-ad38-f95db4aad153 (STDOUT, API)#
#2026 09 03 08:21:36.889#Z#DEBUG#3758d499-a770-11f1-be6f-eeee0a871e3d.note-for-approval-srv#flowable-async-job-executor-thread-7051#
[PollStageAppStatusExecution] 7037cbc0-f596-4751-ad38-f95db4aad153 [2026-09-03T08:21:28.392009] Uploaded droplet (75.3M) (STDOUT, STG)#
#2026 09 03 08:21:36.889#Z#DEBUG#3758d499-a770-11f1-be6f-eeee0a871e3d.note-for-approval-srv#flowable-async-job-executor-thread-7051#
[PollStageAppStatusExecution] 7037cbc0-f596-4751-ad38-f95db4aad153 [2026-09-03T08:21:28.411939] Uploading complete (STDOUT, STG)#
#2026 09 03 08:21:36.889#Z#DEBUG#3758d499-a770-11f1-be6f-eeee0a871e3d.note-for-approval-srv#flowable-async-job-executor-thread-7051#
[PollStageAppStatusExecution] 7037cbc0-f596-4751-ad38-f95db4aad153 [2026-09-03T08:21:29.616263] Cell d89f1f85-1f63-494c-baf8-9f3a5dd1b807 stopping instance 31e7cab6-1cde-4928-bf6d-1f86696d4609 (STDOUT, STG)#
#2026 09 03 08:21:36.889#Z#DEBUG#3758d499-a770-11f1-be6f-eeee0a871e3d.note-for-approval-srv#flowable-async-job-executor-thread-7051#
[PollStageAppStatusExecution] 7037cbc0-f596-4751-ad38-f95db4aad153 [2026-09-03T08:21:29.616305] Cell d89f1f85-1f63-494c-baf8-9f3a5dd1b807 destroying container for instance 31e7cab6-1cde-4928-bf6d-1f86696d4609 (STDOUT, STG)#
#2026 09 03 08:21:36.889#Z#DEBUG#3758d499-a770-11f1-be6f-eeee0a871e3d.note-for-approval-srv#flowable-async-job-executor-thread-7051#
[PollStageAppStatusExecution] 7037cbc0-f596-4751-ad38-f95db4aad153 [2026-09-03T08:21:29.677635] Staging complete for build 31e7cab6-1cde-4928-bf6d-1f86696d4609 (STDOUT, API)#
#2026 09 03 08:21:36.889#Z#DEBUG#3758d499-a770-11f1-be6f-eeee0a871e3d.note-for-approval-srv#flowable-async-job-executor-thread-7051#
[PollStageAppStatusExecution] 7037cbc0-f596-4751-ad38-f95db4aad153 [2026-09-03T08:21:32.010599] Cell d89f1f85-1f63-494c-baf8-9f3a5dd1b807 successfully destroyed container for instance 31e7cab6-1cde-4928-bf6d-1f86696d4609 (STDOUT, STG)#
#2026 09 03 08:21:46.993#Z#DEBUG#3758d499-a770-11f1-be6f-eeee0a871e3d.note-for-approval-srv#flowable-async-job-executor-thread-7092#
[PollStartAppStatusExecution] 7037cbc0-f596-4751-ad38-f95db4aad153 [2026-09-03T08:21:36.981327] Updated app with guid 7037cbc0-f596-4751-ad38-f95db4aad153 ({:droplet_guid=>"4e8f4a36-c6aa-4e47-b0b8-1747ba2be5dd"}) (STDOUT, API)#
#2026 09 03 08:21:46.993#Z#DEBUG#3758d499-a770-11f1-be6f-eeee0a871e3d.note-for-approval-srv#flowable-async-job-executor-thread-7092#
[PollStartAppStatusExecution] 7037cbc0-f596-4751-ad38-f95db4aad153 [2026-09-03T08:21:37.156474] Creating revision for app with guid 7037cbc0-f596-4751-ad38-f95db4aad153 (STDOUT, API)#
#2026 09 03 08:21:46.993#Z#DEBUG#3758d499-a770-11f1-be6f-eeee0a871e3d.note-for-approval-srv#flowable-async-job-executor-thread-7092#
[PollStartAppStatusExecution] 7037cbc0-f596-4751-ad38-f95db4aad153 [2026-09-03T08:21:37.196392] Starting app with guid 7037cbc0-f596-4751-ad38-f95db4aad153 (STDOUT, API)#
#2026 09 03 08:21:46.993#Z#DEBUG#3758d499-a770-11f1-be6f-eeee0a871e3d.note-for-approval-srv#flowable-async-job-executor-thread-7092#
[PollStartAppStatusExecution] 7037cbc0-f596-4751-ad38-f95db4aad153 [2026-09-03T08:21:37.465887] Cell d4f669e2-e857-403c-b728-7018d8ea70a1 creating container for instance 9ec78e1c-1a8f-4bc5-42c7-7096 (STDOUT, CELL)#
#2026 09 03 08:21:46.993#Z#DEBUG#3758d499-a770-11f1-be6f-eeee0a871e3d.note-for-approval-srv#flowable-async-job-executor-thread-7092#
[PollStartAppStatusExecution] 7037cbc0-f596-4751-ad38-f95db4aad153 [2026-09-03T08:21:37.789575] Security group rules were updated (STDOUT, CELL)#
#2026 09 03 08:21:46.993#Z#DEBUG#3758d499-a770-11f1-be6f-eeee0a871e3d.note-for-approval-srv#flowable-async-job-executor-thread-7092#
[PollStartAppStatusExecution] 7037cbc0-f596-4751-ad38-f95db4aad153 [2026-09-03T08:21:37.851848] Cell d4f669e2-e857-403c-b728-7018d8ea70a1 successfully created container for instance 9ec78e1c-1a8f-4bc5-42c7-7096 (STDOUT, CELL)#
#2026 09 03 08:21:46.993#Z#DEBUG#3758d499-a770-11f1-be6f-eeee0a871e3d.note-for-approval-srv#flowable-async-job-executor-thread-7092#
[PollStartAppStatusExecution] 7037cbc0-f596-4751-ad38-f95db4aad153 [2026-09-03T08:21:38.526751] Downloading droplet... (STDOUT, CELL)#
#2026 09 03 08:21:46.993#Z#DEBUG#3758d499-a770-11f1-be6f-eeee0a871e3d.note-for-approval-srv#flowable-async-job-executor-thread-7092#
[PollStartAppStatusExecution] 7037cbc0-f596-4751-ad38-f95db4aad153 [2026-09-03T08:21:42.705327] Downloaded droplet (75.3M) (STDOUT, CELL)#
#2026 09 03 08:21:46.993#Z#DEBUG#3758d499-a770-11f1-be6f-eeee0a871e3d.note-for-approval-srv#flowable-async-job-executor-thread-7092#
[PollStartAppStatusExecution] 7037cbc0-f596-4751-ad38-f95db4aad153 [2026-09-03T08:21:42.705422] Starting health monitoring of container (STDOUT, CELL)#
#2026 09 03 08:21:46.993#Z#DEBUG#3758d499-a770-11f1-be6f-eeee0a871e3d.note-for-approval-srv#flowable-async-job-executor-thread-7092#
[PollStartAppStatusExecution] 7037cbc0-f596-4751-ad38-f95db4aad153 [2026-09-03T08:21:42.761605] Invoking pre-start scripts. (STDOUT, APP/PROC/WEB)#
#2026 09 03 08:21:46.993#Z#DEBUG#3758d499-a770-11f1-be6f-eeee0a871e3d.note-for-approval-srv#flowable-async-job-executor-thread-7092#
[PollStartAppStatusExecution] 7037cbc0-f596-4751-ad38-f95db4aad153 [2026-09-03T08:21:42.903360] Invoking start command. (STDOUT, APP/PROC/WEB)#
#2026 09 03 08:21:46.993#Z#DEBUG#3758d499-a770-11f1-be6f-eeee0a871e3d.note-for-approval-srv#flowable-async-job-executor-thread-7092#
[PollStartAppStatusExecution] 7037cbc0-f596-4751-ad38-f95db4aad153 [2026-09-03T08:21:43.187456] > note-for-approval@1.0.0 start (STDOUT, APP/PROC/WEB)#
#2026 09 03 08:21:46.993#Z#DEBUG#3758d499-a770-11f1-be6f-eeee0a871e3d.note-for-approval-srv#flowable-async-job-executor-thread-7092#
[PollStartAppStatusExecution] 7037cbc0-f596-4751-ad38-f95db4aad153 [2026-09-03T08:21:43.187467] > cds-serve (STDOUT, APP/PROC/WEB)#
#2026 09 03 08:21:46.993#Z#DEBUG#3758d499-a770-11f1-be6f-eeee0a871e3d.note-for-approval-srv#flowable-async-job-executor-thread-7092#
[PollStartAppStatusExecution] 7037cbc0-f596-4751-ad38-f95db4aad153 [2026-09-03T08:21:43.489159] {"level":"info","logger":"cds","timestamp":"2026-09-03T08:21:43.488Z","layer":"cds","component_type":"application","container_id":"10.37.195.11","component_id":"7037cbc0-f596-4751-ad38-f95db4aad153","component_name":"note-for-approval-srv","component_instance":0,"source_instance":0,"organization_name":"BrainBox Consulting BV_BrainboxConsultingIG","organization_id":"f75518ee-c52e-4c0f-8577-d43c69acffc3","space_name":"dev","space_id":"68e32ac3-8ca0-48aa-af92-b0c9129360d2","msg":"loaded model from 1 file(s):\n ","type":"log"} (STDOUT, APP/PROC/WEB)#
#2026 09 03 08:21:46.993#Z#DEBUG#3758d499-a770-11f1-be6f-eeee0a871e3d.note-for-approval-srv#flowable-async-job-executor-thread-7092#
[PollStartAppStatusExecution] 7037cbc0-f596-4751-ad38-f95db4aad153 [2026-09-03T08:21:43.489536] srv/csn.json (STDOUT, APP/PROC/WEB)#
#2026 09 03 08:21:46.993#Z#DEBUG#3758d499-a770-11f1-be6f-eeee0a871e3d.note-for-approval-srv#flowable-async-job-executor-thread-7092#
[PollStartAppStatusExecution] 7037cbc0-f596-4751-ad38-f95db4aad153 [2026-09-03T08:21:43.655382] {"level":"info","logger":"cds","timestamp":"2026-09-03T08:21:43.654Z","layer":"cds","component_type":"application","container_id":"10.37.195.11","component_id":"7037cbc0-f596-4751-ad38-f95db4aad153","component_name":"note-for-approval-srv","component_instance":0,"source_instance":0,"organization_name":"BrainBox Consulting BV_BrainboxConsultingIG","organization_id":"f75518ee-c52e-4c0f-8577-d43c69acffc3","space_name":"dev","space_id":"68e32ac3-8ca0-48aa-af92-b0c9129360d2","msg":"connect to db > hana {\n  database_id: '515914fa-5961-4165-850a-c7521c36eb7e',\n  host: '515914fa-5961-4165-850a-c7521c36eb7e.hna2.prod-eu10.hanacloud.ondemand.com',\n  port: '443',\n  driver: 'com.sap.db.jdbc.Driver',\n  url: 'jdbc:sap://515914fa-5961-4165-850a-c7521c36eb7e.hna2.prod-eu10.hanacloud.ondemand.com:443?encrypt=true&validateCertificate=true&currentschema=2B675D72292B448193BD1EFA9367B0B8',\n  schema: '2B675D72292B448193BD1EFA9367B0B8',\n  certificate: '...',\n  hdi_user: '2B675D72292B448193BD1EFA9367B0B8_00A8LL98C181TUHEJE913SIFY_DT',\n  hdi_password: '...',\n  user: '2B675D72292B448193BD1EFA9367B0B8_00A8LL98C181TUHEJE913SIFY_RT',\n  password: '...'\n}","type":"log"} (STDOUT, APP/PROC/WEB)#
#2026 09 03 08:21:46.993#Z#DEBUG#3758d499-a770-11f1-be6f-eeee0a871e3d.note-for-approval-srv#flowable-async-job-executor-thread-7092#
[PollStartAppStatusExecution] 7037cbc0-f596-4751-ad38-f95db4aad153 [2026-09-03T08:21:43.899805] ◇ injected env (0) from .env // tip: ◈ encrypted .env [www.dotenvx.com] (STDOUT, APP/PROC/WEB)#
#2026 09 03 08:21:46.993#Z#DEBUG#3758d499-a770-11f1-be6f-eeee0a871e3d.note-for-approval-srv#flowable-async-job-executor-thread-7092#
[PollStartAppStatusExecution] 7037cbc0-f596-4751-ad38-f95db4aad153 [2026-09-03T08:21:43.924724] {"level":"info","logger":"attachments","timestamp":"2026-09-03T08:21:43.924Z","layer":"cds","component_type":"application","container_id":"10.37.195.11","component_id":"7037cbc0-f596-4751-ad38-f95db4aad153","component_name":"note-for-approval-srv","component_instance":0,"source_instance":0,"organization_name":"BrainBox Consulting BV_BrainboxConsultingIG","organization_id":"f75518ee-c52e-4c0f-8577-d43c69acffc3","space_name":"dev","space_id":"68e32ac3-8ca0-48aa-af92-b0c9129360d2","msg":"Using aws-s3 for attachments management.","type":"log"} (STDOUT, APP/PROC/WEB)#
#2026 09 03 08:21:46.993#Z#DEBUG#3758d499-a770-11f1-be6f-eeee0a871e3d.note-for-approval-srv#flowable-async-job-executor-thread-7092#
[PollStartAppStatusExecution] 7037cbc0-f596-4751-ad38-f95db4aad153 [2026-09-03T08:21:43.981288] {"level":"warn","logger":"cds","timestamp":"2026-09-03T08:21:43.981Z","layer":"cds","component_type":"application","container_id":"10.37.195.11","component_id":"7037cbc0-f596-4751-ad38-f95db4aad153","component_name":"note-for-approval-srv","component_instance":0,"source_instance":0,"organization_name":"BrainBox Consulting BV_BrainboxConsultingIG","organization_id":"f75518ee-c52e-4c0f-8577-d43c69acffc3","space_name":"dev","space_id":"68e32ac3-8ca0-48aa-af92-b0c9129360d2","msg":"\u001b[33m \n------------------------------------------------------------------------------ \nDEPRECATED: cds.requires.<srv>.outbox \n \n   Config cds.requires.<srv>.outbox is deprecated and will be removed in upcoming releases! \n   => Please use cds.requires.<srv>.outboxed instead. \n \n------------------------------------------------------------------------------\n \u001b[0m","type":"log"} (STDERR, APP/PROC/WEB)#
#2026 09 03 08:21:46.993#Z#DEBUG#3758d499-a770-11f1-be6f-eeee0a871e3d.note-for-approval-srv#flowable-async-job-executor-thread-7092#
[PollStartAppStatusExecution] 7037cbc0-f596-4751-ad38-f95db4aad153 [2026-09-03T08:21:43.981490] {"level":"info","logger":"cds","timestamp":"2026-09-03T08:21:43.981Z","layer":"cds","component_type":"application","container_id":"10.37.195.11","component_id":"7037cbc0-f596-4751-ad38-f95db4aad153","component_name":"note-for-approval-srv","component_instance":0,"source_instance":0,"organization_name":"BrainBox Consulting BV_BrainboxConsultingIG","organization_id":"f75518ee-c52e-4c0f-8577-d43c69acffc3","space_name":"dev","space_id":"68e32ac3-8ca0-48aa-af92-b0c9129360d2","msg":"connect to attachments > standard ","type":"log"} (STDOUT, APP/PROC/WEB)#
#2026 09 03 08:21:46.993#Z#DEBUG#3758d499-a770-11f1-be6f-eeee0a871e3d.note-for-approval-srv#flowable-async-job-executor-thread-7092#
[PollStartAppStatusExecution] 7037cbc0-f596-4751-ad38-f95db4aad153 [2026-09-03T08:21:43.984390] {"level":"info","logger":"cds","timestamp":"2026-09-03T08:21:43.984Z","layer":"cds","component_type":"application","container_id":"10.37.195.11","component_id":"7037cbc0-f596-4751-ad38-f95db4aad153","component_name":"note-for-approval-srv","component_instance":0,"source_instance":0,"organization_name":"BrainBox Consulting BV_BrainboxConsultingIG","organization_id":"f75518ee-c52e-4c0f-8577-d43c69acffc3","space_name":"dev","space_id":"68e32ac3-8ca0-48aa-af92-b0c9129360d2","msg":"using auth strategy { kind: 'dummy' }","type":"log"} (STDOUT, APP/PROC/WEB)#
#2026 09 03 08:21:46.993#Z#DEBUG#3758d499-a770-11f1-be6f-eeee0a871e3d.note-for-approval-srv#flowable-async-job-executor-thread-7092#
[PollStartAppStatusExecution] 7037cbc0-f596-4751-ad38-f95db4aad153 [2026-09-03T08:21:43.988692] {"level":"info","logger":"cds","timestamp":"2026-09-03T08:21:43.988Z","layer":"cds","component_type":"application","container_id":"10.37.195.11","component_id":"7037cbc0-f596-4751-ad38-f95db4aad153","component_name":"note-for-approval-srv","component_instance":0,"source_instance":0,"organization_name":"BrainBox Consulting BV_BrainboxConsultingIG","organization_id":"f75518ee-c52e-4c0f-8577-d43c69acffc3","space_name":"dev","space_id":"68e32ac3-8ca0-48aa-af92-b0c9129360d2","msg":"serving NFAService {\n  at: [ '/odata/v4/nfa' ],\n  decl: 'srv/csn.json:1224',\n  impl: 'srv/service.js'\n}","type":"log"} (STDOUT, APP/PROC/WEB)#
#2026 09 03 08:21:46.993#Z#DEBUG#3758d499-a770-11f1-be6f-eeee0a871e3d.note-for-approval-srv#flowable-async-job-executor-thread-7092#
[PollStartAppStatusExecution] 7037cbc0-f596-4751-ad38-f95db4aad153 [2026-09-03T08:21:43.993024] {"level":"info","logger":"cds","timestamp":"2026-09-03T08:21:43.992Z","layer":"cds","component_type":"application","container_id":"10.37.195.11","component_id":"7037cbc0-f596-4751-ad38-f95db4aad153","component_name":"note-for-approval-srv","component_instance":0,"source_instance":0,"organization_name":"BrainBox Consulting BV_BrainboxConsultingIG","organization_id":"f75518ee-c52e-4c0f-8577-d43c69acffc3","space_name":"dev","space_id":"68e32ac3-8ca0-48aa-af92-b0c9129360d2","msg":"server listening on { url: 'http://localhost:8080' }","type":"log"} (STDOUT, APP/PROC/WEB)#
#2026 09 03 08:21:46.993#Z#DEBUG#3758d499-a770-11f1-be6f-eeee0a871e3d.note-for-approval-srv#flowable-async-job-executor-thread-7092#
[PollStartAppStatusExecution] 7037cbc0-f596-4751-ad38-f95db4aad153 [2026-09-03T08:21:43.993165] {"level":"info","logger":"cds","timestamp":"2026-09-03T08:21:43.993Z","layer":"cds","component_type":"application","container_id":"10.37.195.11","component_id":"7037cbc0-f596-4751-ad38-f95db4aad153","component_name":"note-for-approval-srv","component_instance":0,"source_instance":0,"organization_name":"BrainBox Consulting BV_BrainboxConsultingIG","organization_id":"f75518ee-c52e-4c0f-8577-d43c69acffc3","space_name":"dev","space_id":"68e32ac3-8ca0-48aa-af92-b0c9129360d2","msg":"server v10.0.5 launched in 798 ms","type":"log"} (STDOUT, APP/PROC/WEB)#
#2026 09 03 08:21:46.993#Z#DEBUG#3758d499-a770-11f1-be6f-eeee0a871e3d.note-for-approval-srv#flowable-async-job-executor-thread-7092#
[PollStartAppStatusExecution] 7037cbc0-f596-4751-ad38-f95db4aad153 [2026-09-03T08:21:45.646909] Container became healthy (STDOUT, CELL)#
#2026 09 03 08:21:46.993#Z#DEBUG#3758d499-a770-11f1-be6f-eeee0a871e3d.note-for-approval-srv#flowable-async-job-executor-thread-7092#
[PollStartAppStatusExecution] 7037cbc0-f596-4751-ad38-f95db4aad153 [2026-09-03T08:21:45.692407] Process became ready with guid 7037cbc0-f596-4751-ad38-f95db4aad153 payload: {"instance"=>"9ec78e1c-1a8f-4bc5-42c7-7096", "index"=>0, "cell_id"=>"d4f669e2-e857-403c-b728-7018d8ea70a1", "ready"=>true, "version"=>"9d275bcf-4ec0-4154-bdd5-b520de3bc0d2"} (STDOUT, API)#
