#2026 09 03 08:20:36.652#Z#DEBUG#3758d499-a770-11f1-be6f-eeee0a871e3d.note-for-approval-db-deployer#flowable-async-job-executor-thread-4558#
[PollStageAppStatusExecution] cfa7ca5e-15f8-47db-8f56-b1eb52c10373 [2026-09-03T08:19:59.547298] Updated app with guid cfa7ca5e-15f8-47db-8f56-b1eb52c10373 ({"lifecycle"=>{"data"=>{"buildpacks"=>["nodejs_buildpack"]}, "type"=>"buildpack"}}) (STDOUT, API)#
#2026 09 03 08:20:36.652#Z#DEBUG#3758d499-a770-11f1-be6f-eeee0a871e3d.note-for-approval-db-deployer#flowable-async-job-executor-thread-4558#
[PollStageAppStatusExecution] cfa7ca5e-15f8-47db-8f56-b1eb52c10373 [2026-09-03T08:19:59.645630] Updating process: "web" (STDOUT, API)#
#2026 09 03 08:20:36.652#Z#DEBUG#3758d499-a770-11f1-be6f-eeee0a871e3d.note-for-approval-db-deployer#flowable-async-job-executor-thread-4558#
[PollStageAppStatusExecution] cfa7ca5e-15f8-47db-8f56-b1eb52c10373 [2026-09-03T08:20:16.644403] Uploading app package for app with guid cfa7ca5e-15f8-47db-8f56-b1eb52c10373 (STDOUT, API)#
#2026 09 03 08:20:36.652#Z#DEBUG#3758d499-a770-11f1-be6f-eeee0a871e3d.note-for-approval-db-deployer#flowable-async-job-executor-thread-4558#
[PollStageAppStatusExecution] cfa7ca5e-15f8-47db-8f56-b1eb52c10373 [2026-09-03T08:20:16.842350] Updated app with guid cfa7ca5e-15f8-47db-8f56-b1eb52c10373 ({"environment_variables"=>"[PRIVATE DATA HIDDEN]"}) (STDOUT, API)#
#2026 09 03 08:20:36.652#Z#DEBUG#3758d499-a770-11f1-be6f-eeee0a871e3d.note-for-approval-db-deployer#flowable-async-job-executor-thread-4558#
[PollStageAppStatusExecution] cfa7ca5e-15f8-47db-8f56-b1eb52c10373 [2026-09-03T08:20:26.788294] Creating build for app with guid cfa7ca5e-15f8-47db-8f56-b1eb52c10373 (STDOUT, API)#
#2026 09 03 08:20:36.652#Z#DEBUG#3758d499-a770-11f1-be6f-eeee0a871e3d.note-for-approval-db-deployer#flowable-async-job-executor-thread-4558#
[PollStageAppStatusExecution] cfa7ca5e-15f8-47db-8f56-b1eb52c10373 [2026-09-03T08:20:27.195941] Downloading nodejs_buildpack... (STDOUT, STG)#
#2026 09 03 08:20:36.652#Z#DEBUG#3758d499-a770-11f1-be6f-eeee0a871e3d.note-for-approval-db-deployer#flowable-async-job-executor-thread-4558#
[PollStageAppStatusExecution] cfa7ca5e-15f8-47db-8f56-b1eb52c10373 [2026-09-03T08:20:27.226319] Downloaded nodejs_buildpack (STDOUT, STG)#
#2026 09 03 08:20:36.652#Z#DEBUG#3758d499-a770-11f1-be6f-eeee0a871e3d.note-for-approval-db-deployer#flowable-async-job-executor-thread-4558#
[PollStageAppStatusExecution] cfa7ca5e-15f8-47db-8f56-b1eb52c10373 [2026-09-03T08:20:27.226387] Cell 58790d0b-2579-48ab-be09-6f6489898b26 creating container for instance 1a392949-e922-447d-bb2a-bf5e99369fe8 (STDOUT, STG)#
#2026 09 03 08:20:36.652#Z#DEBUG#3758d499-a770-11f1-be6f-eeee0a871e3d.note-for-approval-db-deployer#flowable-async-job-executor-thread-4558#
[PollStageAppStatusExecution] cfa7ca5e-15f8-47db-8f56-b1eb52c10373 [2026-09-03T08:20:27.644885] Security group rules were updated (STDOUT, STG)#
#2026 09 03 08:20:36.652#Z#DEBUG#3758d499-a770-11f1-be6f-eeee0a871e3d.note-for-approval-db-deployer#flowable-async-job-executor-thread-4558#
[PollStageAppStatusExecution] cfa7ca5e-15f8-47db-8f56-b1eb52c10373 [2026-09-03T08:20:27.708439] Cell 58790d0b-2579-48ab-be09-6f6489898b26 successfully created container for instance 1a392949-e922-447d-bb2a-bf5e99369fe8 (STDOUT, STG)#
#2026 09 03 08:20:36.652#Z#DEBUG#3758d499-a770-11f1-be6f-eeee0a871e3d.note-for-approval-db-deployer#flowable-async-job-executor-thread-4558#
[PollStageAppStatusExecution] cfa7ca5e-15f8-47db-8f56-b1eb52c10373 [2026-09-03T08:20:28.261047] Downloading app package... (STDOUT, STG)#
#2026 09 03 08:20:36.652#Z#DEBUG#3758d499-a770-11f1-be6f-eeee0a871e3d.note-for-approval-db-deployer#flowable-async-job-executor-thread-4558#
[PollStageAppStatusExecution] cfa7ca5e-15f8-47db-8f56-b1eb52c10373 [2026-09-03T08:20:28.261050] Downloading build artifacts cache... (STDOUT, STG)#
#2026 09 03 08:20:36.652#Z#DEBUG#3758d499-a770-11f1-be6f-eeee0a871e3d.note-for-approval-db-deployer#flowable-async-job-executor-thread-4558#
[PollStageAppStatusExecution] cfa7ca5e-15f8-47db-8f56-b1eb52c10373 [2026-09-03T08:20:28.333703] Downloaded build artifacts cache (225B) (STDOUT, STG)#
#2026 09 03 08:20:36.652#Z#DEBUG#3758d499-a770-11f1-be6f-eeee0a871e3d.note-for-approval-db-deployer#flowable-async-job-executor-thread-4558#
[PollStageAppStatusExecution] cfa7ca5e-15f8-47db-8f56-b1eb52c10373 [2026-09-03T08:20:28.481486] Downloaded app package (2.3M) (STDOUT, STG)#
#2026 09 03 08:20:36.652#Z#DEBUG#3758d499-a770-11f1-be6f-eeee0a871e3d.note-for-approval-db-deployer#flowable-async-job-executor-thread-4558#
[PollStageAppStatusExecution] cfa7ca5e-15f8-47db-8f56-b1eb52c10373 [2026-09-03T08:20:28.546339] -----> Nodejs Buildpack version 1.9.3 (STDOUT, STG)#
#2026 09 03 08:20:36.652#Z#DEBUG#3758d499-a770-11f1-be6f-eeee0a871e3d.note-for-approval-db-deployer#flowable-async-job-executor-thread-4558#
[PollStageAppStatusExecution] cfa7ca5e-15f8-47db-8f56-b1eb52c10373 [2026-09-03T08:20:28.641823] -----> Bootstrapping python (STDOUT, STG)#
#2026 09 03 08:20:36.652#Z#DEBUG#3758d499-a770-11f1-be6f-eeee0a871e3d.note-for-approval-db-deployer#flowable-async-job-executor-thread-4558#
[PollStageAppStatusExecution] cfa7ca5e-15f8-47db-8f56-b1eb52c10373 [2026-09-03T08:20:28.642020] -----> Installing python 3.13.14 (STDOUT, STG)#
#2026 09 03 08:20:36.652#Z#DEBUG#3758d499-a770-11f1-be6f-eeee0a871e3d.note-for-approval-db-deployer#flowable-async-job-executor-thread-4558#
[PollStageAppStatusExecution] cfa7ca5e-15f8-47db-8f56-b1eb52c10373 [2026-09-03T08:20:28.642055] Copy [/tmp/buildpacks/fca214f8c6e938dc/dependencies/4b4266a2ff36730aef37b88b668ca327/python_3.13.14_linux_x64_cflinuxfs4_b80d4954.tgz] (STDOUT, STG)#
#2026 09 03 08:20:36.652#Z#DEBUG#3758d499-a770-11f1-be6f-eeee0a871e3d.note-for-approval-db-deployer#flowable-async-job-executor-thread-4558#
[PollStageAppStatusExecution] cfa7ca5e-15f8-47db-8f56-b1eb52c10373 [2026-09-03T08:20:31.884941] -----> Installing binaries (STDOUT, STG)#
#2026 09 03 08:20:36.652#Z#DEBUG#3758d499-a770-11f1-be6f-eeee0a871e3d.note-for-approval-db-deployer#flowable-async-job-executor-thread-4558#
[PollStageAppStatusExecution] cfa7ca5e-15f8-47db-8f56-b1eb52c10373 [2026-09-03T08:20:31.885178] engines.node (package.json): ^24 (STDOUT, STG)#
#2026 09 03 08:20:36.652#Z#DEBUG#3758d499-a770-11f1-be6f-eeee0a871e3d.note-for-approval-db-deployer#flowable-async-job-executor-thread-4558#
[PollStageAppStatusExecution] cfa7ca5e-15f8-47db-8f56-b1eb52c10373 [2026-09-03T08:20:31.885209] engines.npm (package.json): unspecified (use default) (STDOUT, STG)#
#2026 09 03 08:20:36.652#Z#DEBUG#3758d499-a770-11f1-be6f-eeee0a871e3d.note-for-approval-db-deployer#flowable-async-job-executor-thread-4558#
[PollStageAppStatusExecution] cfa7ca5e-15f8-47db-8f56-b1eb52c10373 [2026-09-03T08:20:31.885266] -----> Installing node 24.18.0 (STDOUT, STG)#
#2026 09 03 08:20:36.652#Z#DEBUG#3758d499-a770-11f1-be6f-eeee0a871e3d.note-for-approval-db-deployer#flowable-async-job-executor-thread-4558#
[PollStageAppStatusExecution] cfa7ca5e-15f8-47db-8f56-b1eb52c10373 [2026-09-03T08:20:31.885509] Copy [/tmp/buildpacks/fca214f8c6e938dc/dependencies/dffbbb835fcd073c4544f78eb6247fac/node_24.18.0_linux_x64_cflinuxfs4_cdfed650.tgz] (STDOUT, STG)#
#2026 09 03 08:20:36.652#Z#DEBUG#3758d499-a770-11f1-be6f-eeee0a871e3d.note-for-approval-db-deployer#flowable-async-job-executor-thread-4558#
[PollStageAppStatusExecution] cfa7ca5e-15f8-47db-8f56-b1eb52c10373 [2026-09-03T08:20:33.897872] Using default npm version: 11.16.0 (STDOUT, STG)#
#2026 09 03 08:20:36.652#Z#DEBUG#3758d499-a770-11f1-be6f-eeee0a871e3d.note-for-approval-db-deployer#flowable-async-job-executor-thread-4558#
[PollStageAppStatusExecution] cfa7ca5e-15f8-47db-8f56-b1eb52c10373 [2026-09-03T08:20:33.897885] -----> Installing yarn 1.22.22 (STDOUT, STG)#
#2026 09 03 08:20:36.652#Z#DEBUG#3758d499-a770-11f1-be6f-eeee0a871e3d.note-for-approval-db-deployer#flowable-async-job-executor-thread-4558#
[PollStageAppStatusExecution] cfa7ca5e-15f8-47db-8f56-b1eb52c10373 [2026-09-03T08:20:33.898029] Copy [/tmp/buildpacks/fca214f8c6e938dc/dependencies/e4fe26756e9984a665478d350474fa2e/yarn_1.22.22_linux_noarch_any-stack_b6132b86.tgz] (STDOUT, STG)#
#2026 09 03 08:20:36.652#Z#DEBUG#3758d499-a770-11f1-be6f-eeee0a871e3d.note-for-approval-db-deployer#flowable-async-job-executor-thread-4558#
[PollStageAppStatusExecution] cfa7ca5e-15f8-47db-8f56-b1eb52c10373 [2026-09-03T08:20:34.169815] Installed yarn 1.22.22 (STDOUT, STG)#
#2026 09 03 08:20:36.652#Z#DEBUG#3758d499-a770-11f1-be6f-eeee0a871e3d.note-for-approval-db-deployer#flowable-async-job-executor-thread-4558#
[PollStageAppStatusExecution] cfa7ca5e-15f8-47db-8f56-b1eb52c10373 [2026-09-03T08:20:34.169838] -----> Creating runtime environment (STDOUT, STG)#
#2026 09 03 08:20:36.652#Z#DEBUG#3758d499-a770-11f1-be6f-eeee0a871e3d.note-for-approval-db-deployer#flowable-async-job-executor-thread-4558#
[PollStageAppStatusExecution] cfa7ca5e-15f8-47db-8f56-b1eb52c10373 [2026-09-03T08:20:34.171416] NODE_ENV=production (STDOUT, STG)#
#2026 09 03 08:20:36.652#Z#DEBUG#3758d499-a770-11f1-be6f-eeee0a871e3d.note-for-approval-db-deployer#flowable-async-job-executor-thread-4558#
[PollStageAppStatusExecution] cfa7ca5e-15f8-47db-8f56-b1eb52c10373 [2026-09-03T08:20:34.171439] NODE_HOME=/tmp/contents2735659164/deps/0/node (STDOUT, STG)#
#2026 09 03 08:20:36.652#Z#DEBUG#3758d499-a770-11f1-be6f-eeee0a871e3d.note-for-approval-db-deployer#flowable-async-job-executor-thread-4558#
[PollStageAppStatusExecution] cfa7ca5e-15f8-47db-8f56-b1eb52c10373 [2026-09-03T08:20:34.171442] NODE_MODULES_CACHE=true (STDOUT, STG)#
#2026 09 03 08:20:36.652#Z#DEBUG#3758d499-a770-11f1-be6f-eeee0a871e3d.note-for-approval-db-deployer#flowable-async-job-executor-thread-4558#
[PollStageAppStatusExecution] cfa7ca5e-15f8-47db-8f56-b1eb52c10373 [2026-09-03T08:20:34.171443] NODE_VERBOSE=false (STDOUT, STG)#
#2026 09 03 08:20:36.652#Z#DEBUG#3758d499-a770-11f1-be6f-eeee0a871e3d.note-for-approval-db-deployer#flowable-async-job-executor-thread-4558#
[PollStageAppStatusExecution] cfa7ca5e-15f8-47db-8f56-b1eb52c10373 [2026-09-03T08:20:34.171445] NPM_CONFIG_LOGLEVEL=error (STDOUT, STG)#
#2026 09 03 08:20:36.652#Z#DEBUG#3758d499-a770-11f1-be6f-eeee0a871e3d.note-for-approval-db-deployer#flowable-async-job-executor-thread-4558#
[PollStageAppStatusExecution] cfa7ca5e-15f8-47db-8f56-b1eb52c10373 [2026-09-03T08:20:34.171448] NPM_CONFIG_PRODUCTION=true (STDOUT, STG)#
#2026 09 03 08:20:36.652#Z#DEBUG#3758d499-a770-11f1-be6f-eeee0a871e3d.note-for-approval-db-deployer#flowable-async-job-executor-thread-4558#
[PollStageAppStatusExecution] cfa7ca5e-15f8-47db-8f56-b1eb52c10373 [2026-09-03T08:20:34.171449] -----> Building dependencies (STDOUT, STG)#
#2026 09 03 08:20:36.652#Z#DEBUG#3758d499-a770-11f1-be6f-eeee0a871e3d.note-for-approval-db-deployer#flowable-async-job-executor-thread-4558#
[PollStageAppStatusExecution] cfa7ca5e-15f8-47db-8f56-b1eb52c10373 [2026-09-03T08:20:34.171456] Prebuild detected (node_modules already exists) (STDOUT, STG)#
#2026 09 03 08:20:36.652#Z#DEBUG#3758d499-a770-11f1-be6f-eeee0a871e3d.note-for-approval-db-deployer#flowable-async-job-executor-thread-4558#
[PollStageAppStatusExecution] cfa7ca5e-15f8-47db-8f56-b1eb52c10373 [2026-09-03T08:20:34.171464] Rebuilding any native modules (STDOUT, STG)#
#2026 09 03 08:20:36.652#Z#DEBUG#3758d499-a770-11f1-be6f-eeee0a871e3d.note-for-approval-db-deployer#flowable-async-job-executor-thread-4558#
[PollStageAppStatusExecution] cfa7ca5e-15f8-47db-8f56-b1eb52c10373 [2026-09-03T08:20:34.606580] rebuilt dependencies successfully (STDOUT, STG)#
#2026 09 03 08:20:36.652#Z#DEBUG#3758d499-a770-11f1-be6f-eeee0a871e3d.note-for-approval-db-deployer#flowable-async-job-executor-thread-4558#
[PollStageAppStatusExecution] cfa7ca5e-15f8-47db-8f56-b1eb52c10373 [2026-09-03T08:20:34.660052] Installing any new modules (package.json + package-lock.json) (STDOUT, STG)#
#2026 09 03 08:20:36.652#Z#DEBUG#3758d499-a770-11f1-be6f-eeee0a871e3d.note-for-approval-db-deployer#flowable-async-job-executor-thread-4558#
[PollStageAppStatusExecution] cfa7ca5e-15f8-47db-8f56-b1eb52c10373 [2026-09-03T08:20:35.037110] up to date in 313ms (STDOUT, STG)#
#2026 09 03 08:20:36.652#Z#DEBUG#3758d499-a770-11f1-be6f-eeee0a871e3d.note-for-approval-db-deployer#flowable-async-job-executor-thread-4558#
[PollStageAppStatusExecution] cfa7ca5e-15f8-47db-8f56-b1eb52c10373 [2026-09-03T08:20:35.037437] 4 packages are looking for funding (STDOUT, STG)#
#2026 09 03 08:20:36.652#Z#DEBUG#3758d499-a770-11f1-be6f-eeee0a871e3d.note-for-approval-db-deployer#flowable-async-job-executor-thread-4558#
[PollStageAppStatusExecution] cfa7ca5e-15f8-47db-8f56-b1eb52c10373 [2026-09-03T08:20:35.037512] run `npm fund` for details (STDOUT, STG)#
#2026 09 03 08:20:36.652#Z#DEBUG#3758d499-a770-11f1-be6f-eeee0a871e3d.note-for-approval-db-deployer#flowable-async-job-executor-thread-4558#
[PollStageAppStatusExecution] cfa7ca5e-15f8-47db-8f56-b1eb52c10373 [2026-09-03T08:20:35.466404] Contrast Security no credentials found. Will not write environment files. (STDOUT, STG)#
#2026 09 03 08:20:46.723#Z#DEBUG#3758d499-a770-11f1-be6f-eeee0a871e3d.note-for-approval-db-deployer#flowable-async-job-executor-thread-4585#
[PollStageAppStatusExecution] cfa7ca5e-15f8-47db-8f56-b1eb52c10373 [2026-09-03T08:20:43.529246] Exit status 0 (STDOUT, STG)#
#2026 09 03 08:20:46.723#Z#DEBUG#3758d499-a770-11f1-be6f-eeee0a871e3d.note-for-approval-db-deployer#flowable-async-job-executor-thread-4585#
[PollStageAppStatusExecution] cfa7ca5e-15f8-47db-8f56-b1eb52c10373 [2026-09-03T08:20:43.529288] Uploading droplet, build artifacts cache... (STDOUT, STG)#
#2026 09 03 08:20:46.723#Z#DEBUG#3758d499-a770-11f1-be6f-eeee0a871e3d.note-for-approval-db-deployer#flowable-async-job-executor-thread-4585#
[PollStageAppStatusExecution] cfa7ca5e-15f8-47db-8f56-b1eb52c10373 [2026-09-03T08:20:43.529324] Uploading droplet... (STDOUT, STG)#
#2026 09 03 08:20:46.723#Z#DEBUG#3758d499-a770-11f1-be6f-eeee0a871e3d.note-for-approval-db-deployer#flowable-async-job-executor-thread-4585#
[PollStageAppStatusExecution] cfa7ca5e-15f8-47db-8f56-b1eb52c10373 [2026-09-03T08:20:43.529356] Uploading build artifacts cache... (STDOUT, STG)#
#2026 09 03 08:20:46.723#Z#DEBUG#3758d499-a770-11f1-be6f-eeee0a871e3d.note-for-approval-db-deployer#flowable-async-job-executor-thread-4585#
[PollStageAppStatusExecution] cfa7ca5e-15f8-47db-8f56-b1eb52c10373 [2026-09-03T08:20:43.546727] Uploaded build artifacts cache (224B) (STDOUT, STG)#
#2026 09 03 08:20:46.723#Z#DEBUG#3758d499-a770-11f1-be6f-eeee0a871e3d.note-for-approval-db-deployer#flowable-async-job-executor-thread-4585#
[PollStageAppStatusExecution] cfa7ca5e-15f8-47db-8f56-b1eb52c10373 [2026-09-03T08:20:44.048526] Creating droplet for app with guid cfa7ca5e-15f8-47db-8f56-b1eb52c10373 (STDOUT, API)#
#2026 09 03 08:20:46.723#Z#DEBUG#3758d499-a770-11f1-be6f-eeee0a871e3d.note-for-approval-db-deployer#flowable-async-job-executor-thread-4585#
[PollStageAppStatusExecution] cfa7ca5e-15f8-47db-8f56-b1eb52c10373 [2026-09-03T08:20:46.119410] Uploaded droplet (59.2M) (STDOUT, STG)#
#2026 09 03 08:20:46.723#Z#DEBUG#3758d499-a770-11f1-be6f-eeee0a871e3d.note-for-approval-db-deployer#flowable-async-job-executor-thread-4585#
[PollStageAppStatusExecution] cfa7ca5e-15f8-47db-8f56-b1eb52c10373 [2026-09-03T08:20:46.135509] Uploading complete (STDOUT, STG)#
#2026 09 03 08:20:56.768#Z#DEBUG#3758d499-a770-11f1-be6f-eeee0a871e3d.note-for-approval-db-deployer#flowable-async-job-executor-thread-4617#
[PollExecuteTaskStatusExecution] cfa7ca5e-15f8-47db-8f56-b1eb52c10373 [2026-09-03T08:19:59.547298] Updated app with guid cfa7ca5e-15f8-47db-8f56-b1eb52c10373 ({"lifecycle"=>{"data"=>{"buildpacks"=>["nodejs_buildpack"]}, "type"=>"buildpack"}}) (STDOUT, API)#
#2026 09 03 08:20:56.768#Z#DEBUG#3758d499-a770-11f1-be6f-eeee0a871e3d.note-for-approval-db-deployer#flowable-async-job-executor-thread-4617#
[PollExecuteTaskStatusExecution] cfa7ca5e-15f8-47db-8f56-b1eb52c10373 [2026-09-03T08:19:59.645630] Updating process: "web" (STDOUT, API)#
#2026 09 03 08:20:56.768#Z#DEBUG#3758d499-a770-11f1-be6f-eeee0a871e3d.note-for-approval-db-deployer#flowable-async-job-executor-thread-4617#
[PollExecuteTaskStatusExecution] cfa7ca5e-15f8-47db-8f56-b1eb52c10373 [2026-09-03T08:20:16.644403] Uploading app package for app with guid cfa7ca5e-15f8-47db-8f56-b1eb52c10373 (STDOUT, API)#
#2026 09 03 08:20:56.768#Z#DEBUG#3758d499-a770-11f1-be6f-eeee0a871e3d.note-for-approval-db-deployer#flowable-async-job-executor-thread-4617#
[PollExecuteTaskStatusExecution] cfa7ca5e-15f8-47db-8f56-b1eb52c10373 [2026-09-03T08:20:16.842350] Updated app with guid cfa7ca5e-15f8-47db-8f56-b1eb52c10373 ({"environment_variables"=>"[PRIVATE DATA HIDDEN]"}) (STDOUT, API)#
#2026 09 03 08:20:56.768#Z#DEBUG#3758d499-a770-11f1-be6f-eeee0a871e3d.note-for-approval-db-deployer#flowable-async-job-executor-thread-4617#
[PollExecuteTaskStatusExecution] cfa7ca5e-15f8-47db-8f56-b1eb52c10373 [2026-09-03T08:20:26.788294] Creating build for app with guid cfa7ca5e-15f8-47db-8f56-b1eb52c10373 (STDOUT, API)#
#2026 09 03 08:20:56.768#Z#DEBUG#3758d499-a770-11f1-be6f-eeee0a871e3d.note-for-approval-db-deployer#flowable-async-job-executor-thread-4617#
[PollExecuteTaskStatusExecution] cfa7ca5e-15f8-47db-8f56-b1eb52c10373 [2026-09-03T08:20:27.195941] Downloading nodejs_buildpack... (STDOUT, STG)#
#2026 09 03 08:20:56.768#Z#DEBUG#3758d499-a770-11f1-be6f-eeee0a871e3d.note-for-approval-db-deployer#flowable-async-job-executor-thread-4617#
[PollExecuteTaskStatusExecution] cfa7ca5e-15f8-47db-8f56-b1eb52c10373 [2026-09-03T08:20:27.226319] Downloaded nodejs_buildpack (STDOUT, STG)#
#2026 09 03 08:20:56.768#Z#DEBUG#3758d499-a770-11f1-be6f-eeee0a871e3d.note-for-approval-db-deployer#flowable-async-job-executor-thread-4617#
[PollExecuteTaskStatusExecution] cfa7ca5e-15f8-47db-8f56-b1eb52c10373 [2026-09-03T08:20:27.226387] Cell 58790d0b-2579-48ab-be09-6f6489898b26 creating container for instance 1a392949-e922-447d-bb2a-bf5e99369fe8 (STDOUT, STG)#
#2026 09 03 08:20:56.768#Z#DEBUG#3758d499-a770-11f1-be6f-eeee0a871e3d.note-for-approval-db-deployer#flowable-async-job-executor-thread-4617#
[PollExecuteTaskStatusExecution] cfa7ca5e-15f8-47db-8f56-b1eb52c10373 [2026-09-03T08:20:27.644885] Security group rules were updated (STDOUT, STG)#
#2026 09 03 08:20:56.768#Z#DEBUG#3758d499-a770-11f1-be6f-eeee0a871e3d.note-for-approval-db-deployer#flowable-async-job-executor-thread-4617#
[PollExecuteTaskStatusExecution] cfa7ca5e-15f8-47db-8f56-b1eb52c10373 [2026-09-03T08:20:27.708439] Cell 58790d0b-2579-48ab-be09-6f6489898b26 successfully created container for instance 1a392949-e922-447d-bb2a-bf5e99369fe8 (STDOUT, STG)#
#2026 09 03 08:20:56.768#Z#DEBUG#3758d499-a770-11f1-be6f-eeee0a871e3d.note-for-approval-db-deployer#flowable-async-job-executor-thread-4617#
[PollExecuteTaskStatusExecution] cfa7ca5e-15f8-47db-8f56-b1eb52c10373 [2026-09-03T08:20:28.261047] Downloading app package... (STDOUT, STG)#
#2026 09 03 08:20:56.768#Z#DEBUG#3758d499-a770-11f1-be6f-eeee0a871e3d.note-for-approval-db-deployer#flowable-async-job-executor-thread-4617#
[PollExecuteTaskStatusExecution] cfa7ca5e-15f8-47db-8f56-b1eb52c10373 [2026-09-03T08:20:28.261050] Downloading build artifacts cache... (STDOUT, STG)#
#2026 09 03 08:20:56.768#Z#DEBUG#3758d499-a770-11f1-be6f-eeee0a871e3d.note-for-approval-db-deployer#flowable-async-job-executor-thread-4617#
[PollExecuteTaskStatusExecution] cfa7ca5e-15f8-47db-8f56-b1eb52c10373 [2026-09-03T08:20:28.333703] Downloaded build artifacts cache (225B) (STDOUT, STG)#
#2026 09 03 08:20:56.768#Z#DEBUG#3758d499-a770-11f1-be6f-eeee0a871e3d.note-for-approval-db-deployer#flowable-async-job-executor-thread-4617#
[PollExecuteTaskStatusExecution] cfa7ca5e-15f8-47db-8f56-b1eb52c10373 [2026-09-03T08:20:28.481486] Downloaded app package (2.3M) (STDOUT, STG)#
#2026 09 03 08:20:56.768#Z#DEBUG#3758d499-a770-11f1-be6f-eeee0a871e3d.note-for-approval-db-deployer#flowable-async-job-executor-thread-4617#
[PollExecuteTaskStatusExecution] cfa7ca5e-15f8-47db-8f56-b1eb52c10373 [2026-09-03T08:20:28.546339] -----> Nodejs Buildpack version 1.9.3 (STDOUT, STG)#
#2026 09 03 08:20:56.768#Z#DEBUG#3758d499-a770-11f1-be6f-eeee0a871e3d.note-for-approval-db-deployer#flowable-async-job-executor-thread-4617#
[PollExecuteTaskStatusExecution] cfa7ca5e-15f8-47db-8f56-b1eb52c10373 [2026-09-03T08:20:28.641823] -----> Bootstrapping python (STDOUT, STG)#
#2026 09 03 08:20:56.768#Z#DEBUG#3758d499-a770-11f1-be6f-eeee0a871e3d.note-for-approval-db-deployer#flowable-async-job-executor-thread-4617#
[PollExecuteTaskStatusExecution] cfa7ca5e-15f8-47db-8f56-b1eb52c10373 [2026-09-03T08:20:28.642020] -----> Installing python 3.13.14 (STDOUT, STG)#
#2026 09 03 08:20:56.768#Z#DEBUG#3758d499-a770-11f1-be6f-eeee0a871e3d.note-for-approval-db-deployer#flowable-async-job-executor-thread-4617#
[PollExecuteTaskStatusExecution] cfa7ca5e-15f8-47db-8f56-b1eb52c10373 [2026-09-03T08:20:28.642055] Copy [/tmp/buildpacks/fca214f8c6e938dc/dependencies/4b4266a2ff36730aef37b88b668ca327/python_3.13.14_linux_x64_cflinuxfs4_b80d4954.tgz] (STDOUT, STG)#
#2026 09 03 08:20:56.768#Z#DEBUG#3758d499-a770-11f1-be6f-eeee0a871e3d.note-for-approval-db-deployer#flowable-async-job-executor-thread-4617#
[PollExecuteTaskStatusExecution] cfa7ca5e-15f8-47db-8f56-b1eb52c10373 [2026-09-03T08:20:31.884941] -----> Installing binaries (STDOUT, STG)#
#2026 09 03 08:20:56.768#Z#DEBUG#3758d499-a770-11f1-be6f-eeee0a871e3d.note-for-approval-db-deployer#flowable-async-job-executor-thread-4617#
[PollExecuteTaskStatusExecution] cfa7ca5e-15f8-47db-8f56-b1eb52c10373 [2026-09-03T08:20:31.885178] engines.node (package.json): ^24 (STDOUT, STG)#
#2026 09 03 08:20:56.768#Z#DEBUG#3758d499-a770-11f1-be6f-eeee0a871e3d.note-for-approval-db-deployer#flowable-async-job-executor-thread-4617#
[PollExecuteTaskStatusExecution] cfa7ca5e-15f8-47db-8f56-b1eb52c10373 [2026-09-03T08:20:31.885209] engines.npm (package.json): unspecified (use default) (STDOUT, STG)#
#2026 09 03 08:20:56.768#Z#DEBUG#3758d499-a770-11f1-be6f-eeee0a871e3d.note-for-approval-db-deployer#flowable-async-job-executor-thread-4617#
[PollExecuteTaskStatusExecution] cfa7ca5e-15f8-47db-8f56-b1eb52c10373 [2026-09-03T08:20:31.885266] -----> Installing node 24.18.0 (STDOUT, STG)#
#2026 09 03 08:20:56.768#Z#DEBUG#3758d499-a770-11f1-be6f-eeee0a871e3d.note-for-approval-db-deployer#flowable-async-job-executor-thread-4617#
[PollExecuteTaskStatusExecution] cfa7ca5e-15f8-47db-8f56-b1eb52c10373 [2026-09-03T08:20:31.885509] Copy [/tmp/buildpacks/fca214f8c6e938dc/dependencies/dffbbb835fcd073c4544f78eb6247fac/node_24.18.0_linux_x64_cflinuxfs4_cdfed650.tgz] (STDOUT, STG)#
#2026 09 03 08:20:56.768#Z#DEBUG#3758d499-a770-11f1-be6f-eeee0a871e3d.note-for-approval-db-deployer#flowable-async-job-executor-thread-4617#
[PollExecuteTaskStatusExecution] cfa7ca5e-15f8-47db-8f56-b1eb52c10373 [2026-09-03T08:20:33.897872] Using default npm version: 11.16.0 (STDOUT, STG)#
#2026 09 03 08:20:56.768#Z#DEBUG#3758d499-a770-11f1-be6f-eeee0a871e3d.note-for-approval-db-deployer#flowable-async-job-executor-thread-4617#
[PollExecuteTaskStatusExecution] cfa7ca5e-15f8-47db-8f56-b1eb52c10373 [2026-09-03T08:20:33.897885] -----> Installing yarn 1.22.22 (STDOUT, STG)#
#2026 09 03 08:20:56.768#Z#DEBUG#3758d499-a770-11f1-be6f-eeee0a871e3d.note-for-approval-db-deployer#flowable-async-job-executor-thread-4617#
[PollExecuteTaskStatusExecution] cfa7ca5e-15f8-47db-8f56-b1eb52c10373 [2026-09-03T08:20:33.898029] Copy [/tmp/buildpacks/fca214f8c6e938dc/dependencies/e4fe26756e9984a665478d350474fa2e/yarn_1.22.22_linux_noarch_any-stack_b6132b86.tgz] (STDOUT, STG)#
#2026 09 03 08:20:56.768#Z#DEBUG#3758d499-a770-11f1-be6f-eeee0a871e3d.note-for-approval-db-deployer#flowable-async-job-executor-thread-4617#
[PollExecuteTaskStatusExecution] cfa7ca5e-15f8-47db-8f56-b1eb52c10373 [2026-09-03T08:20:34.169815] Installed yarn 1.22.22 (STDOUT, STG)#
#2026 09 03 08:20:56.768#Z#DEBUG#3758d499-a770-11f1-be6f-eeee0a871e3d.note-for-approval-db-deployer#flowable-async-job-executor-thread-4617#
[PollExecuteTaskStatusExecution] cfa7ca5e-15f8-47db-8f56-b1eb52c10373 [2026-09-03T08:20:34.169838] -----> Creating runtime environment (STDOUT, STG)#
#2026 09 03 08:20:56.768#Z#DEBUG#3758d499-a770-11f1-be6f-eeee0a871e3d.note-for-approval-db-deployer#flowable-async-job-executor-thread-4617#
[PollExecuteTaskStatusExecution] cfa7ca5e-15f8-47db-8f56-b1eb52c10373 [2026-09-03T08:20:34.171416] NODE_ENV=production (STDOUT, STG)#
#2026 09 03 08:20:56.768#Z#DEBUG#3758d499-a770-11f1-be6f-eeee0a871e3d.note-for-approval-db-deployer#flowable-async-job-executor-thread-4617#
[PollExecuteTaskStatusExecution] cfa7ca5e-15f8-47db-8f56-b1eb52c10373 [2026-09-03T08:20:34.171439] NODE_HOME=/tmp/contents2735659164/deps/0/node (STDOUT, STG)#
#2026 09 03 08:20:56.768#Z#DEBUG#3758d499-a770-11f1-be6f-eeee0a871e3d.note-for-approval-db-deployer#flowable-async-job-executor-thread-4617#
[PollExecuteTaskStatusExecution] cfa7ca5e-15f8-47db-8f56-b1eb52c10373 [2026-09-03T08:20:34.171442] NODE_MODULES_CACHE=true (STDOUT, STG)#
#2026 09 03 08:20:56.768#Z#DEBUG#3758d499-a770-11f1-be6f-eeee0a871e3d.note-for-approval-db-deployer#flowable-async-job-executor-thread-4617#
[PollExecuteTaskStatusExecution] cfa7ca5e-15f8-47db-8f56-b1eb52c10373 [2026-09-03T08:20:34.171443] NODE_VERBOSE=false (STDOUT, STG)#
#2026 09 03 08:20:56.768#Z#DEBUG#3758d499-a770-11f1-be6f-eeee0a871e3d.note-for-approval-db-deployer#flowable-async-job-executor-thread-4617#
[PollExecuteTaskStatusExecution] cfa7ca5e-15f8-47db-8f56-b1eb52c10373 [2026-09-03T08:20:34.171445] NPM_CONFIG_LOGLEVEL=error (STDOUT, STG)#
#2026 09 03 08:20:56.768#Z#DEBUG#3758d499-a770-11f1-be6f-eeee0a871e3d.note-for-approval-db-deployer#flowable-async-job-executor-thread-4617#
[PollExecuteTaskStatusExecution] cfa7ca5e-15f8-47db-8f56-b1eb52c10373 [2026-09-03T08:20:34.171448] NPM_CONFIG_PRODUCTION=true (STDOUT, STG)#
#2026 09 03 08:20:56.768#Z#DEBUG#3758d499-a770-11f1-be6f-eeee0a871e3d.note-for-approval-db-deployer#flowable-async-job-executor-thread-4617#
[PollExecuteTaskStatusExecution] cfa7ca5e-15f8-47db-8f56-b1eb52c10373 [2026-09-03T08:20:34.171449] -----> Building dependencies (STDOUT, STG)#
#2026 09 03 08:20:56.768#Z#DEBUG#3758d499-a770-11f1-be6f-eeee0a871e3d.note-for-approval-db-deployer#flowable-async-job-executor-thread-4617#
[PollExecuteTaskStatusExecution] cfa7ca5e-15f8-47db-8f56-b1eb52c10373 [2026-09-03T08:20:34.171456] Prebuild detected (node_modules already exists) (STDOUT, STG)#
#2026 09 03 08:20:56.768#Z#DEBUG#3758d499-a770-11f1-be6f-eeee0a871e3d.note-for-approval-db-deployer#flowable-async-job-executor-thread-4617#
[PollExecuteTaskStatusExecution] cfa7ca5e-15f8-47db-8f56-b1eb52c10373 [2026-09-03T08:20:34.171464] Rebuilding any native modules (STDOUT, STG)#
#2026 09 03 08:20:56.768#Z#DEBUG#3758d499-a770-11f1-be6f-eeee0a871e3d.note-for-approval-db-deployer#flowable-async-job-executor-thread-4617#
[PollExecuteTaskStatusExecution] cfa7ca5e-15f8-47db-8f56-b1eb52c10373 [2026-09-03T08:20:34.606580] rebuilt dependencies successfully (STDOUT, STG)#
#2026 09 03 08:20:56.768#Z#DEBUG#3758d499-a770-11f1-be6f-eeee0a871e3d.note-for-approval-db-deployer#flowable-async-job-executor-thread-4617#
[PollExecuteTaskStatusExecution] cfa7ca5e-15f8-47db-8f56-b1eb52c10373 [2026-09-03T08:20:34.660052] Installing any new modules (package.json + package-lock.json) (STDOUT, STG)#
#2026 09 03 08:20:56.768#Z#DEBUG#3758d499-a770-11f1-be6f-eeee0a871e3d.note-for-approval-db-deployer#flowable-async-job-executor-thread-4617#
[PollExecuteTaskStatusExecution] cfa7ca5e-15f8-47db-8f56-b1eb52c10373 [2026-09-03T08:20:35.037110] up to date in 313ms (STDOUT, STG)#
#2026 09 03 08:20:56.768#Z#DEBUG#3758d499-a770-11f1-be6f-eeee0a871e3d.note-for-approval-db-deployer#flowable-async-job-executor-thread-4617#
[PollExecuteTaskStatusExecution] cfa7ca5e-15f8-47db-8f56-b1eb52c10373 [2026-09-03T08:20:35.037437] 4 packages are looking for funding (STDOUT, STG)#
#2026 09 03 08:20:56.768#Z#DEBUG#3758d499-a770-11f1-be6f-eeee0a871e3d.note-for-approval-db-deployer#flowable-async-job-executor-thread-4617#
[PollExecuteTaskStatusExecution] cfa7ca5e-15f8-47db-8f56-b1eb52c10373 [2026-09-03T08:20:35.037512] run `npm fund` for details (STDOUT, STG)#
#2026 09 03 08:20:56.768#Z#DEBUG#3758d499-a770-11f1-be6f-eeee0a871e3d.note-for-approval-db-deployer#flowable-async-job-executor-thread-4617#
[PollExecuteTaskStatusExecution] cfa7ca5e-15f8-47db-8f56-b1eb52c10373 [2026-09-03T08:20:35.466404] Contrast Security no credentials found. Will not write environment files. (STDOUT, STG)#
#2026 09 03 08:20:56.768#Z#DEBUG#3758d499-a770-11f1-be6f-eeee0a871e3d.note-for-approval-db-deployer#flowable-async-job-executor-thread-4617#
[PollExecuteTaskStatusExecution] cfa7ca5e-15f8-47db-8f56-b1eb52c10373 [2026-09-03T08:20:43.529246] Exit status 0 (STDOUT, STG)#
#2026 09 03 08:20:56.768#Z#DEBUG#3758d499-a770-11f1-be6f-eeee0a871e3d.note-for-approval-db-deployer#flowable-async-job-executor-thread-4617#
[PollExecuteTaskStatusExecution] cfa7ca5e-15f8-47db-8f56-b1eb52c10373 [2026-09-03T08:20:43.529288] Uploading droplet, build artifacts cache... (STDOUT, STG)#
#2026 09 03 08:20:56.768#Z#DEBUG#3758d499-a770-11f1-be6f-eeee0a871e3d.note-for-approval-db-deployer#flowable-async-job-executor-thread-4617#
[PollExecuteTaskStatusExecution] cfa7ca5e-15f8-47db-8f56-b1eb52c10373 [2026-09-03T08:20:43.529324] Uploading droplet... (STDOUT, STG)#
#2026 09 03 08:20:56.768#Z#DEBUG#3758d499-a770-11f1-be6f-eeee0a871e3d.note-for-approval-db-deployer#flowable-async-job-executor-thread-4617#
[PollExecuteTaskStatusExecution] cfa7ca5e-15f8-47db-8f56-b1eb52c10373 [2026-09-03T08:20:43.529356] Uploading build artifacts cache... (STDOUT, STG)#
#2026 09 03 08:20:56.768#Z#DEBUG#3758d499-a770-11f1-be6f-eeee0a871e3d.note-for-approval-db-deployer#flowable-async-job-executor-thread-4617#
[PollExecuteTaskStatusExecution] cfa7ca5e-15f8-47db-8f56-b1eb52c10373 [2026-09-03T08:20:43.546727] Uploaded build artifacts cache (224B) (STDOUT, STG)#
#2026 09 03 08:20:56.768#Z#DEBUG#3758d499-a770-11f1-be6f-eeee0a871e3d.note-for-approval-db-deployer#flowable-async-job-executor-thread-4617#
[PollExecuteTaskStatusExecution] cfa7ca5e-15f8-47db-8f56-b1eb52c10373 [2026-09-03T08:20:44.048526] Creating droplet for app with guid cfa7ca5e-15f8-47db-8f56-b1eb52c10373 (STDOUT, API)#
#2026 09 03 08:20:56.768#Z#DEBUG#3758d499-a770-11f1-be6f-eeee0a871e3d.note-for-approval-db-deployer#flowable-async-job-executor-thread-4617#
[PollExecuteTaskStatusExecution] cfa7ca5e-15f8-47db-8f56-b1eb52c10373 [2026-09-03T08:20:46.119410] Uploaded droplet (59.2M) (STDOUT, STG)#
#2026 09 03 08:20:56.768#Z#DEBUG#3758d499-a770-11f1-be6f-eeee0a871e3d.note-for-approval-db-deployer#flowable-async-job-executor-thread-4617#
[PollExecuteTaskStatusExecution] cfa7ca5e-15f8-47db-8f56-b1eb52c10373 [2026-09-03T08:20:46.135509] Uploading complete (STDOUT, STG)#
#2026 09 03 08:20:56.768#Z#DEBUG#3758d499-a770-11f1-be6f-eeee0a871e3d.note-for-approval-db-deployer#flowable-async-job-executor-thread-4617#
[PollExecuteTaskStatusExecution] cfa7ca5e-15f8-47db-8f56-b1eb52c10373 [2026-09-03T08:20:46.528771] Cell 58790d0b-2579-48ab-be09-6f6489898b26 stopping instance 1a392949-e922-447d-bb2a-bf5e99369fe8 (STDOUT, STG)#
#2026 09 03 08:20:56.768#Z#DEBUG#3758d499-a770-11f1-be6f-eeee0a871e3d.note-for-approval-db-deployer#flowable-async-job-executor-thread-4617#
[PollExecuteTaskStatusExecution] cfa7ca5e-15f8-47db-8f56-b1eb52c10373 [2026-09-03T08:20:46.528806] Cell 58790d0b-2579-48ab-be09-6f6489898b26 destroying container for instance 1a392949-e922-447d-bb2a-bf5e99369fe8 (STDOUT, STG)#
#2026 09 03 08:20:56.768#Z#DEBUG#3758d499-a770-11f1-be6f-eeee0a871e3d.note-for-approval-db-deployer#flowable-async-job-executor-thread-4617#
[PollExecuteTaskStatusExecution] cfa7ca5e-15f8-47db-8f56-b1eb52c10373 [2026-09-03T08:20:46.584909] Staging complete for build 1a392949-e922-447d-bb2a-bf5e99369fe8 (STDOUT, API)#
#2026 09 03 08:20:56.768#Z#DEBUG#3758d499-a770-11f1-be6f-eeee0a871e3d.note-for-approval-db-deployer#flowable-async-job-executor-thread-4617#
[PollExecuteTaskStatusExecution] cfa7ca5e-15f8-47db-8f56-b1eb52c10373 [2026-09-03T08:20:46.793707] Updated app with guid cfa7ca5e-15f8-47db-8f56-b1eb52c10373 ({:droplet_guid=>"b0d1e6c6-d62a-41d1-b6c2-92e16cd4b9db"}) (STDOUT, API)#
#2026 09 03 08:20:56.768#Z#DEBUG#3758d499-a770-11f1-be6f-eeee0a871e3d.note-for-approval-db-deployer#flowable-async-job-executor-thread-4617#
[PollExecuteTaskStatusExecution] cfa7ca5e-15f8-47db-8f56-b1eb52c10373 [2026-09-03T08:20:47.367036] Cell a991596d-bf7c-4d49-b53f-4efeb1578f26 creating container for instance 8ef06ddc-cf28-44ea-bfe8-cc6ae4443b01 (STDOUT, CELL)#
#2026 09 03 08:20:56.768#Z#DEBUG#3758d499-a770-11f1-be6f-eeee0a871e3d.note-for-approval-db-deployer#flowable-async-job-executor-thread-4617#
[PollExecuteTaskStatusExecution] cfa7ca5e-15f8-47db-8f56-b1eb52c10373 [2026-09-03T08:20:47.900617] Security group rules were updated (STDOUT, CELL)#
#2026 09 03 08:20:56.768#Z#DEBUG#3758d499-a770-11f1-be6f-eeee0a871e3d.note-for-approval-db-deployer#flowable-async-job-executor-thread-4617#
[PollExecuteTaskStatusExecution] cfa7ca5e-15f8-47db-8f56-b1eb52c10373 [2026-09-03T08:20:47.963020] Cell a991596d-bf7c-4d49-b53f-4efeb1578f26 successfully created container for instance 8ef06ddc-cf28-44ea-bfe8-cc6ae4443b01 (STDOUT, CELL)#
#2026 09 03 08:20:56.768#Z#DEBUG#3758d499-a770-11f1-be6f-eeee0a871e3d.note-for-approval-db-deployer#flowable-async-job-executor-thread-4617#
[PollExecuteTaskStatusExecution] cfa7ca5e-15f8-47db-8f56-b1eb52c10373 [2026-09-03T08:20:48.115776] Cell 58790d0b-2579-48ab-be09-6f6489898b26 successfully destroyed container for instance 1a392949-e922-447d-bb2a-bf5e99369fe8 (STDOUT, STG)#
#2026 09 03 08:20:56.768#Z#DEBUG#3758d499-a770-11f1-be6f-eeee0a871e3d.note-for-approval-db-deployer#flowable-async-job-executor-thread-4617#
[PollExecuteTaskStatusExecution] cfa7ca5e-15f8-47db-8f56-b1eb52c10373 [2026-09-03T08:20:51.286922] Invoking pre-start scripts. (STDOUT, APP/TASK/deploy)#
#2026 09 03 08:20:56.768#Z#DEBUG#3758d499-a770-11f1-be6f-eeee0a871e3d.note-for-approval-db-deployer#flowable-async-job-executor-thread-4617#
[PollExecuteTaskStatusExecution] cfa7ca5e-15f8-47db-8f56-b1eb52c10373 [2026-09-03T08:20:51.435366] Invoking start command. (STDOUT, APP/TASK/deploy)#
#2026 09 03 08:20:56.768#Z#DEBUG#3758d499-a770-11f1-be6f-eeee0a871e3d.note-for-approval-db-deployer#flowable-async-job-executor-thread-4617#
[PollExecuteTaskStatusExecution] cfa7ca5e-15f8-47db-8f56-b1eb52c10373 [2026-09-03T08:20:51.741111] > start (STDOUT, APP/TASK/deploy)#
#2026 09 03 08:20:56.768#Z#DEBUG#3758d499-a770-11f1-be6f-eeee0a871e3d.note-for-approval-db-deployer#flowable-async-job-executor-thread-4617#
[PollExecuteTaskStatusExecution] cfa7ca5e-15f8-47db-8f56-b1eb52c10373 [2026-09-03T08:20:51.741132] > node node_modules/@sap/hdi-deploy/deploy.js --use-hdb --parameter com.sap.hana.di.table/try_fast_table_migration=true (STDOUT, APP/TASK/deploy)#
#2026 09 03 08:20:56.768#Z#DEBUG#3758d499-a770-11f1-be6f-eeee0a871e3d.note-for-approval-db-deployer#flowable-async-job-executor-thread-4617#
[PollExecuteTaskStatusExecution] cfa7ca5e-15f8-47db-8f56-b1eb52c10373 [2026-09-03T08:20:51.850341] VCAP_SERVICES: (STDOUT, APP/TASK/deploy)#
#2026 09 03 08:20:56.768#Z#DEBUG#3758d499-a770-11f1-be6f-eeee0a871e3d.note-for-approval-db-deployer#flowable-async-job-executor-thread-4617#
[PollExecuteTaskStatusExecution] cfa7ca5e-15f8-47db-8f56-b1eb52c10373 [2026-09-03T08:20:51.850795] { (STDOUT, APP/TASK/deploy)#
#2026 09 03 08:20:56.768#Z#DEBUG#3758d499-a770-11f1-be6f-eeee0a871e3d.note-for-approval-db-deployer#flowable-async-job-executor-thread-4617#
[PollExecuteTaskStatusExecution] cfa7ca5e-15f8-47db-8f56-b1eb52c10373 [2026-09-03T08:20:51.850820] "hana": [ (STDOUT, APP/TASK/deploy)#
#2026 09 03 08:20:56.768#Z#DEBUG#3758d499-a770-11f1-be6f-eeee0a871e3d.note-for-approval-db-deployer#flowable-async-job-executor-thread-4617#
[PollExecuteTaskStatusExecution] cfa7ca5e-15f8-47db-8f56-b1eb52c10373 [2026-09-03T08:20:51.850825] { (STDOUT, APP/TASK/deploy)#
#2026 09 03 08:20:56.768#Z#DEBUG#3758d499-a770-11f1-be6f-eeee0a871e3d.note-for-approval-db-deployer#flowable-async-job-executor-thread-4617#
[PollExecuteTaskStatusExecution] cfa7ca5e-15f8-47db-8f56-b1eb52c10373 [2026-09-03T08:20:51.850841] "name": "note-for-approval-db", (STDOUT, APP/TASK/deploy)#
#2026 09 03 08:20:56.768#Z#DEBUG#3758d499-a770-11f1-be6f-eeee0a871e3d.note-for-approval-db-deployer#flowable-async-job-executor-thread-4617#
[PollExecuteTaskStatusExecution] cfa7ca5e-15f8-47db-8f56-b1eb52c10373 [2026-09-03T08:20:51.850845] "label": "hana", (STDOUT, APP/TASK/deploy)#
#2026 09 03 08:20:56.768#Z#DEBUG#3758d499-a770-11f1-be6f-eeee0a871e3d.note-for-approval-db-deployer#flowable-async-job-executor-thread-4617#
[PollExecuteTaskStatusExecution] cfa7ca5e-15f8-47db-8f56-b1eb52c10373 [2026-09-03T08:20:51.850850] "plan": "hdi-shared", (STDOUT, APP/TASK/deploy)#
#2026 09 03 08:20:56.768#Z#DEBUG#3758d499-a770-11f1-be6f-eeee0a871e3d.note-for-approval-db-deployer#flowable-async-job-executor-thread-4617#
[PollExecuteTaskStatusExecution] cfa7ca5e-15f8-47db-8f56-b1eb52c10373 [2026-09-03T08:20:51.850854] "credentials": { (STDOUT, APP/TASK/deploy)#
#2026 09 03 08:20:56.768#Z#DEBUG#3758d499-a770-11f1-be6f-eeee0a871e3d.note-for-approval-db-deployer#flowable-async-job-executor-thread-4617#
[PollExecuteTaskStatusExecution] cfa7ca5e-15f8-47db-8f56-b1eb52c10373 [2026-09-03T08:20:51.850858] "schema": "2B675D72292B448193BD1EFA9367B0B8", (STDOUT, APP/TASK/deploy)#
#2026 09 03 08:20:56.768#Z#DEBUG#3758d499-a770-11f1-be6f-eeee0a871e3d.note-for-approval-db-deployer#flowable-async-job-executor-thread-4617#
[PollExecuteTaskStatusExecution] cfa7ca5e-15f8-47db-8f56-b1eb52c10373 [2026-09-03T08:20:51.850861] "database_id": "515914fa-5961-4165-850a-c7521c36eb7e", (STDOUT, APP/TASK/deploy)#
#2026 09 03 08:20:56.768#Z#DEBUG#3758d499-a770-11f1-be6f-eeee0a871e3d.note-for-approval-db-deployer#flowable-async-job-executor-thread-4617#
[PollExecuteTaskStatusExecution] cfa7ca5e-15f8-47db-8f56-b1eb52c10373 [2026-09-03T08:20:51.850866] "user": "2B675D72292B448193BD1EFA9367B0B8_13CXSEFO3PLY4B3CSRL84YRBZ_RT", (STDOUT, APP/TASK/deploy)#
#2026 09 03 08:20:56.768#Z#DEBUG#3758d499-a770-11f1-be6f-eeee0a871e3d.note-for-approval-db-deployer#flowable-async-job-executor-thread-4617#
[PollExecuteTaskStatusExecution] cfa7ca5e-15f8-47db-8f56-b1eb52c10373 [2026-09-03T08:20:51.850871] "hdi_user": "2B675D72292B448193BD1EFA9367B0B8_13CXSEFO3PLY4B3CSRL84YRBZ_DT" (STDOUT, APP/TASK/deploy)#
#2026 09 03 08:20:56.768#Z#DEBUG#3758d499-a770-11f1-be6f-eeee0a871e3d.note-for-approval-db-deployer#flowable-async-job-executor-thread-4617#
[PollExecuteTaskStatusExecution] cfa7ca5e-15f8-47db-8f56-b1eb52c10373 [2026-09-03T08:20:51.850874] }, (STDOUT, APP/TASK/deploy)#
#2026 09 03 08:20:56.768#Z#DEBUG#3758d499-a770-11f1-be6f-eeee0a871e3d.note-for-approval-db-deployer#flowable-async-job-executor-thread-4617#
[PollExecuteTaskStatusExecution] cfa7ca5e-15f8-47db-8f56-b1eb52c10373 [2026-09-03T08:20:51.850878] "tags": [ (STDOUT, APP/TASK/deploy)#
#2026 09 03 08:20:56.768#Z#DEBUG#3758d499-a770-11f1-be6f-eeee0a871e3d.note-for-approval-db-deployer#flowable-async-job-executor-thread-4617#
[PollExecuteTaskStatusExecution] cfa7ca5e-15f8-47db-8f56-b1eb52c10373 [2026-09-03T08:20:51.850881] "hana", (STDOUT, APP/TASK/deploy)#
#2026 09 03 08:20:56.768#Z#DEBUG#3758d499-a770-11f1-be6f-eeee0a871e3d.note-for-approval-db-deployer#flowable-async-job-executor-thread-4617#
[PollExecuteTaskStatusExecution] cfa7ca5e-15f8-47db-8f56-b1eb52c10373 [2026-09-03T08:20:51.850884] "database", (STDOUT, APP/TASK/deploy)#
#2026 09 03 08:20:56.768#Z#DEBUG#3758d499-a770-11f1-be6f-eeee0a871e3d.note-for-approval-db-deployer#flowable-async-job-executor-thread-4617#
[PollExecuteTaskStatusExecution] cfa7ca5e-15f8-47db-8f56-b1eb52c10373 [2026-09-03T08:20:51.850887] "relational" (STDOUT, APP/TASK/deploy)#
#2026 09 03 08:20:56.768#Z#DEBUG#3758d499-a770-11f1-be6f-eeee0a871e3d.note-for-approval-db-deployer#flowable-async-job-executor-thread-4617#
[PollExecuteTaskStatusExecution] cfa7ca5e-15f8-47db-8f56-b1eb52c10373 [2026-09-03T08:20:51.850891] ] (STDOUT, APP/TASK/deploy)#
#2026 09 03 08:20:56.768#Z#DEBUG#3758d499-a770-11f1-be6f-eeee0a871e3d.note-for-approval-db-deployer#flowable-async-job-executor-thread-4617#
[PollExecuteTaskStatusExecution] cfa7ca5e-15f8-47db-8f56-b1eb52c10373 [2026-09-03T08:20:51.850895] } (STDOUT, APP/TASK/deploy)#
#2026 09 03 08:20:56.768#Z#DEBUG#3758d499-a770-11f1-be6f-eeee0a871e3d.note-for-approval-db-deployer#flowable-async-job-executor-thread-4617#
[PollExecuteTaskStatusExecution] cfa7ca5e-15f8-47db-8f56-b1eb52c10373 [2026-09-03T08:20:51.850898] ] (STDOUT, APP/TASK/deploy)#
#2026 09 03 08:20:56.768#Z#DEBUG#3758d499-a770-11f1-be6f-eeee0a871e3d.note-for-approval-db-deployer#flowable-async-job-executor-thread-4617#
[PollExecuteTaskStatusExecution] cfa7ca5e-15f8-47db-8f56-b1eb52c10373 [2026-09-03T08:20:51.850902] } (STDOUT, APP/TASK/deploy)#
#2026 09 03 08:20:56.768#Z#DEBUG#3758d499-a770-11f1-be6f-eeee0a871e3d.note-for-approval-db-deployer#flowable-async-job-executor-thread-4617#
[PollExecuteTaskStatusExecution] cfa7ca5e-15f8-47db-8f56-b1eb52c10373 [2026-09-03T08:20:52.216206] @sap/hdi-deploy, version 5.7.0 (mode default), server version 4.00.000.00.1778573239 (4.0.0.0), cloud version 2026.2.14, node version 24.18.0, HDI version 1016, container API version 1007 (STDOUT, APP/TASK/deploy)#
#2026 09 03 08:20:56.768#Z#DEBUG#3758d499-a770-11f1-be6f-eeee0a871e3d.note-for-approval-db-deployer#flowable-async-job-executor-thread-4617#
[PollExecuteTaskStatusExecution] cfa7ca5e-15f8-47db-8f56-b1eb52c10373 [2026-09-03T08:20:52.216366] Deployment started at 2026-09-03 08:20:52 (STDOUT, APP/TASK/deploy)#
#2026 09 03 08:20:56.768#Z#DEBUG#3758d499-a770-11f1-be6f-eeee0a871e3d.note-for-approval-db-deployer#flowable-async-job-executor-thread-4617#
[PollExecuteTaskStatusExecution] cfa7ca5e-15f8-47db-8f56-b1eb52c10373 [2026-09-03T08:20:52.216630] Using hdb@2.29.6 for connection (STDOUT, APP/TASK/deploy)#
#2026 09 03 08:20:56.768#Z#DEBUG#3758d499-a770-11f1-be6f-eeee0a871e3d.note-for-approval-db-deployer#flowable-async-job-executor-thread-4617#
[PollExecuteTaskStatusExecution] cfa7ca5e-15f8-47db-8f56-b1eb52c10373 [2026-09-03T08:20:52.231973] No ignore file at /home/vcap/app/.hdiignore. (STDOUT, APP/TASK/deploy)#
#2026 09 03 08:20:56.768#Z#DEBUG#3758d499-a770-11f1-be6f-eeee0a871e3d.note-for-approval-db-deployer#flowable-async-job-executor-thread-4617#
[PollExecuteTaskStatusExecution] cfa7ca5e-15f8-47db-8f56-b1eb52c10373 [2026-09-03T08:20:52.232249] Collecting files... (STDOUT, APP/TASK/deploy)#
#2026 09 03 08:20:56.768#Z#DEBUG#3758d499-a770-11f1-be6f-eeee0a871e3d.note-for-approval-db-deployer#flowable-async-job-executor-thread-4617#
[PollExecuteTaskStatusExecution] cfa7ca5e-15f8-47db-8f56-b1eb52c10373 [2026-09-03T08:20:52.235302] Collecting files... ok (0s 3ms) (STDOUT, APP/TASK/deploy)#
#2026 09 03 08:20:56.768#Z#DEBUG#3758d499-a770-11f1-be6f-eeee0a871e3d.note-for-approval-db-deployer#flowable-async-job-executor-thread-4617#
[PollExecuteTaskStatusExecution] cfa7ca5e-15f8-47db-8f56-b1eb52c10373 [2026-09-03T08:20:52.235319] 3 directories collected (STDOUT, APP/TASK/deploy)#
#2026 09 03 08:20:56.768#Z#DEBUG#3758d499-a770-11f1-be6f-eeee0a871e3d.note-for-approval-db-deployer#flowable-async-job-executor-thread-4617#
[PollExecuteTaskStatusExecution] cfa7ca5e-15f8-47db-8f56-b1eb52c10373 [2026-09-03T08:20:52.235322] 33 files collected (STDOUT, APP/TASK/deploy)#
#2026 09 03 08:20:56.768#Z#DEBUG#3758d499-a770-11f1-be6f-eeee0a871e3d.note-for-approval-db-deployer#flowable-async-job-executor-thread-4617#
[PollExecuteTaskStatusExecution] cfa7ca5e-15f8-47db-8f56-b1eb52c10373 [2026-09-03T08:20:52.235339] 0 reusable modules collected (STDOUT, APP/TASK/deploy)#
#2026 09 03 08:20:56.768#Z#DEBUG#3758d499-a770-11f1-be6f-eeee0a871e3d.note-for-approval-db-deployer#flowable-async-job-executor-thread-4617#
[PollExecuteTaskStatusExecution] cfa7ca5e-15f8-47db-8f56-b1eb52c10373 [2026-09-03T08:20:52.235450] Target service: note-for-approval-db (STDOUT, APP/TASK/deploy)#
#2026 09 03 08:20:56.768#Z#DEBUG#3758d499-a770-11f1-be6f-eeee0a871e3d.note-for-approval-db-deployer#flowable-async-job-executor-thread-4617#
[PollExecuteTaskStatusExecution] cfa7ca5e-15f8-47db-8f56-b1eb52c10373 [2026-09-03T08:20:52.514987] Previous build with request ID 420 finished at 2026-08-31T19:50:24.285 with status Rolled back and message: Starting make in the container "2B675D72292B448193BD1EFA9367B0B8" with 0 files to deploy, 0 files to undeploy... ok. (STDOUT, APP/TASK/deploy)#
#2026 09 03 08:20:56.768#Z#DEBUG#3758d499-a770-11f1-be6f-eeee0a871e3d.note-for-approval-db-deployer#flowable-async-job-executor-thread-4617#
[PollExecuteTaskStatusExecution] cfa7ca5e-15f8-47db-8f56-b1eb52c10373 [2026-09-03T08:20:52.515156] Processing revoke files... (STDOUT, APP/TASK/deploy)#
#2026 09 03 08:20:56.768#Z#DEBUG#3758d499-a770-11f1-be6f-eeee0a871e3d.note-for-approval-db-deployer#flowable-async-job-executor-thread-4617#
[PollExecuteTaskStatusExecution] cfa7ca5e-15f8-47db-8f56-b1eb52c10373 [2026-09-03T08:20:52.515185] Processing revoke files... ok (0s 0ms) (STDOUT, APP/TASK/deploy)#
#2026 09 03 08:20:56.768#Z#DEBUG#3758d499-a770-11f1-be6f-eeee0a871e3d.note-for-approval-db-deployer#flowable-async-job-executor-thread-4617#
[PollExecuteTaskStatusExecution] cfa7ca5e-15f8-47db-8f56-b1eb52c10373 [2026-09-03T08:20:52.515341] Processing grants files... (STDOUT, APP/TASK/deploy)#
#2026 09 03 08:20:56.768#Z#DEBUG#3758d499-a770-11f1-be6f-eeee0a871e3d.note-for-approval-db-deployer#flowable-async-job-executor-thread-4617#
[PollExecuteTaskStatusExecution] cfa7ca5e-15f8-47db-8f56-b1eb52c10373 [2026-09-03T08:20:52.515414] Processing grants files... ok (0s 0ms) (STDOUT, APP/TASK/deploy)#
#2026 09 03 08:20:56.768#Z#DEBUG#3758d499-a770-11f1-be6f-eeee0a871e3d.note-for-approval-db-deployer#flowable-async-job-executor-thread-4617#
[PollExecuteTaskStatusExecution] cfa7ca5e-15f8-47db-8f56-b1eb52c10373 [2026-09-03T08:20:52.517368] Preprocessing files... (STDOUT, APP/TASK/deploy)#
#2026 09 03 08:20:56.768#Z#DEBUG#3758d499-a770-11f1-be6f-eeee0a871e3d.note-for-approval-db-deployer#flowable-async-job-executor-thread-4617#
[PollExecuteTaskStatusExecution] cfa7ca5e-15f8-47db-8f56-b1eb52c10373 [2026-09-03T08:20:52.517551] Preprocessing files... ok (0s 0ms) (STDOUT, APP/TASK/deploy)#
#2026 09 03 08:20:56.768#Z#DEBUG#3758d499-a770-11f1-be6f-eeee0a871e3d.note-for-approval-db-deployer#flowable-async-job-executor-thread-4617#
[PollExecuteTaskStatusExecution] cfa7ca5e-15f8-47db-8f56-b1eb52c10373 [2026-09-03T08:20:52.517604] Connecting to the container "2B675D72292B448193BD1EFA9367B0B8"... (STDOUT, APP/TASK/deploy)#
#2026 09 03 08:20:56.768#Z#DEBUG#3758d499-a770-11f1-be6f-eeee0a871e3d.note-for-approval-db-deployer#flowable-async-job-executor-thread-4617#
[PollExecuteTaskStatusExecution] cfa7ca5e-15f8-47db-8f56-b1eb52c10373 [2026-09-03T08:20:52.587644] Connecting to the container "2B675D72292B448193BD1EFA9367B0B8"... ok (0s 70ms) (STDOUT, APP/TASK/deploy)#
#2026 09 03 08:20:56.768#Z#DEBUG#3758d499-a770-11f1-be6f-eeee0a871e3d.note-for-approval-db-deployer#flowable-async-job-executor-thread-4617#
[PollExecuteTaskStatusExecution] cfa7ca5e-15f8-47db-8f56-b1eb52c10373 [2026-09-03T08:20:52.587659] Locking the container "2B675D72292B448193BD1EFA9367B0B8"... (STDOUT, APP/TASK/deploy)#
#2026 09 03 08:20:56.768#Z#DEBUG#3758d499-a770-11f1-be6f-eeee0a871e3d.note-for-approval-db-deployer#flowable-async-job-executor-thread-4617#
[PollExecuteTaskStatusExecution] cfa7ca5e-15f8-47db-8f56-b1eb52c10373 [2026-09-03T08:20:52.973179] Locking the container "2B675D72292B448193BD1EFA9367B0B8"... ok (0s 385ms) (STDOUT, APP/TASK/deploy)#
#2026 09 03 08:20:56.768#Z#DEBUG#3758d499-a770-11f1-be6f-eeee0a871e3d.note-for-approval-db-deployer#flowable-async-job-executor-thread-4617#
[PollExecuteTaskStatusExecution] cfa7ca5e-15f8-47db-8f56-b1eb52c10373 [2026-09-03T08:20:52.973205] Synchronizing files with the container "2B675D72292B448193BD1EFA9367B0B8"... (STDOUT, APP/TASK/deploy)#
#2026 09 03 08:20:56.768#Z#DEBUG#3758d499-a770-11f1-be6f-eeee0a871e3d.note-for-approval-db-deployer#flowable-async-job-executor-thread-4617#
[PollExecuteTaskStatusExecution] cfa7ca5e-15f8-47db-8f56-b1eb52c10373 [2026-09-03T08:20:53.529454] Deleting files... (STDOUT, APP/TASK/deploy)#
#2026 09 03 08:20:56.768#Z#DEBUG#3758d499-a770-11f1-be6f-eeee0a871e3d.note-for-approval-db-deployer#flowable-async-job-executor-thread-4617#
[PollExecuteTaskStatusExecution] cfa7ca5e-15f8-47db-8f56-b1eb52c10373 [2026-09-03T08:20:53.700695] Deleting files... ok (STDOUT, APP/TASK/deploy)#
#2026 09 03 08:20:56.768#Z#DEBUG#3758d499-a770-11f1-be6f-eeee0a871e3d.note-for-approval-db-deployer#flowable-async-job-executor-thread-4617#
[PollExecuteTaskStatusExecution] cfa7ca5e-15f8-47db-8f56-b1eb52c10373 [2026-09-03T08:20:53.700710] Writing files... (STDOUT, APP/TASK/deploy)#
#2026 09 03 08:20:56.768#Z#DEBUG#3758d499-a770-11f1-be6f-eeee0a871e3d.note-for-approval-db-deployer#flowable-async-job-executor-thread-4617#
[PollExecuteTaskStatusExecution] cfa7ca5e-15f8-47db-8f56-b1eb52c10373 [2026-09-03T08:20:53.700802] Writing 3 items (STDOUT, APP/TASK/deploy)#
#2026 09 03 08:20:56.768#Z#DEBUG#3758d499-a770-11f1-be6f-eeee0a871e3d.note-for-approval-db-deployer#flowable-async-job-executor-thread-4617#
[PollExecuteTaskStatusExecution] cfa7ca5e-15f8-47db-8f56-b1eb52c10373 [2026-09-03T08:20:53.923072] Writing files... ok (STDOUT, APP/TASK/deploy)#
#2026 09 03 08:20:56.768#Z#DEBUG#3758d499-a770-11f1-be6f-eeee0a871e3d.note-for-approval-db-deployer#flowable-async-job-executor-thread-4617#
[PollExecuteTaskStatusExecution] cfa7ca5e-15f8-47db-8f56-b1eb52c10373 [2026-09-03T08:20:53.923105] Synchronizing files with the container "2B675D72292B448193BD1EFA9367B0B8"... ok (0s 950ms) (STDOUT, APP/TASK/deploy)#
#2026 09 03 08:20:56.768#Z#DEBUG#3758d499-a770-11f1-be6f-eeee0a871e3d.note-for-approval-db-deployer#flowable-async-job-executor-thread-4617#
[PollExecuteTaskStatusExecution] cfa7ca5e-15f8-47db-8f56-b1eb52c10373 [2026-09-03T08:20:53.923431] added files: [] (STDOUT, APP/TASK/deploy)#
#2026 09 03 08:20:56.768#Z#DEBUG#3758d499-a770-11f1-be6f-eeee0a871e3d.note-for-approval-db-deployer#flowable-async-job-executor-thread-4617#
[PollExecuteTaskStatusExecution] cfa7ca5e-15f8-47db-8f56-b1eb52c10373 [2026-09-03T08:20:53.923451] modified files: [] (STDOUT, APP/TASK/deploy)#
#2026 09 03 08:20:56.768#Z#DEBUG#3758d499-a770-11f1-be6f-eeee0a871e3d.note-for-approval-db-deployer#flowable-async-job-executor-thread-4617#
[PollExecuteTaskStatusExecution] cfa7ca5e-15f8-47db-8f56-b1eb52c10373 [2026-09-03T08:20:53.923460] deleted files: [] (STDOUT, APP/TASK/deploy)#
#2026 09 03 08:20:56.768#Z#DEBUG#3758d499-a770-11f1-be6f-eeee0a871e3d.note-for-approval-db-deployer#flowable-async-job-executor-thread-4617#
[PollExecuteTaskStatusExecution] cfa7ca5e-15f8-47db-8f56-b1eb52c10373 [2026-09-03T08:20:53.923570] 0 modified or added files are scheduled for deploy based on delta detection (STDOUT, APP/TASK/deploy)#
#2026 09 03 08:20:56.768#Z#DEBUG#3758d499-a770-11f1-be6f-eeee0a871e3d.note-for-approval-db-deployer#flowable-async-job-executor-thread-4617#
[PollExecuteTaskStatusExecution] cfa7ca5e-15f8-47db-8f56-b1eb52c10373 [2026-09-03T08:20:53.923821] 0 deleted files are scheduled for undeploy based on delta detection (filtered by undeploy allowlist) (STDOUT, APP/TASK/deploy)#
#2026 09 03 08:20:56.768#Z#DEBUG#3758d499-a770-11f1-be6f-eeee0a871e3d.note-for-approval-db-deployer#flowable-async-job-executor-thread-4617#
[PollExecuteTaskStatusExecution] cfa7ca5e-15f8-47db-8f56-b1eb52c10373 [2026-09-03T08:20:53.923834] 0 files are scheduled for deploy based on explicit specification (STDOUT, APP/TASK/deploy)#
#2026 09 03 08:20:56.768#Z#DEBUG#3758d499-a770-11f1-be6f-eeee0a871e3d.note-for-approval-db-deployer#flowable-async-job-executor-thread-4617#
[PollExecuteTaskStatusExecution] cfa7ca5e-15f8-47db-8f56-b1eb52c10373 [2026-09-03T08:20:53.923841] 0 files are scheduled for undeploy based on explicit specification (STDOUT, APP/TASK/deploy)#
#2026 09 03 08:20:56.768#Z#DEBUG#3758d499-a770-11f1-be6f-eeee0a871e3d.note-for-approval-db-deployer#flowable-async-job-executor-thread-4617#
[PollExecuteTaskStatusExecution] cfa7ca5e-15f8-47db-8f56-b1eb52c10373 [2026-09-03T08:20:53.923916] Deploying to the container "2B675D72292B448193BD1EFA9367B0B8"... (STDOUT, APP/TASK/deploy)#
#2026 09 03 08:20:56.768#Z#DEBUG#3758d499-a770-11f1-be6f-eeee0a871e3d.note-for-approval-db-deployer#flowable-async-job-executor-thread-4617#
[PollExecuteTaskStatusExecution] cfa7ca5e-15f8-47db-8f56-b1eb52c10373 [2026-09-03T08:20:54.523254] Polling messages for request id: 425 (STDOUT, APP/TASK/deploy)#
#2026 09 03 08:20:56.768#Z#DEBUG#3758d499-a770-11f1-be6f-eeee0a871e3d.note-for-approval-db-deployer#flowable-async-job-executor-thread-4617#
[PollExecuteTaskStatusExecution] cfa7ca5e-15f8-47db-8f56-b1eb52c10373 [2026-09-03T08:20:54.558857] Starting make in the container "2B675D72292B448193BD1EFA9367B0B8" with 0 files to deploy, 0 files to undeploy... (STDOUT, APP/TASK/deploy)#
#2026 09 03 08:20:56.768#Z#DEBUG#3758d499-a770-11f1-be6f-eeee0a871e3d.note-for-approval-db-deployer#flowable-async-job-executor-thread-4617#
[PollExecuteTaskStatusExecution] cfa7ca5e-15f8-47db-8f56-b1eb52c10373 [2026-09-03T08:20:54.558880] Disabling table replication for the container schema "2B675D72292B448193BD1EFA9367B0B8"... (STDOUT, APP/TASK/deploy)#
#2026 09 03 08:20:56.768#Z#DEBUG#3758d499-a770-11f1-be6f-eeee0a871e3d.note-for-approval-db-deployer#flowable-async-job-executor-thread-4617#
[PollExecuteTaskStatusExecution] cfa7ca5e-15f8-47db-8f56-b1eb52c10373 [2026-09-03T08:20:54.558884] Disabling table replication for the container schema "2B675D72292B448193BD1EFA9367B0B8"... ok (0s 30ms) (STDOUT, APP/TASK/deploy)#
#2026 09 03 08:20:56.768#Z#DEBUG#3758d499-a770-11f1-be6f-eeee0a871e3d.note-for-approval-db-deployer#flowable-async-job-executor-thread-4617#
[PollExecuteTaskStatusExecution] cfa7ca5e-15f8-47db-8f56-b1eb52c10373 [2026-09-03T08:20:54.558891] Migrating libraries... (STDOUT, APP/TASK/deploy)#
#2026 09 03 08:20:56.768#Z#DEBUG#3758d499-a770-11f1-be6f-eeee0a871e3d.note-for-approval-db-deployer#flowable-async-job-executor-thread-4617#
[PollExecuteTaskStatusExecution] cfa7ca5e-15f8-47db-8f56-b1eb52c10373 [2026-09-03T08:20:54.558895] Migrating libraries... ok (0s 153ms) (STDOUT, APP/TASK/deploy)#
#2026 09 03 08:20:56.768#Z#DEBUG#3758d499-a770-11f1-be6f-eeee0a871e3d.note-for-approval-db-deployer#flowable-async-job-executor-thread-4617#
[PollExecuteTaskStatusExecution] cfa7ca5e-15f8-47db-8f56-b1eb52c10373 [2026-09-03T08:20:54.558912] Making... (STDOUT, APP/TASK/deploy)#
#2026 09 03 08:20:56.768#Z#DEBUG#3758d499-a770-11f1-be6f-eeee0a871e3d.note-for-approval-db-deployer#flowable-async-job-executor-thread-4617#
[PollExecuteTaskStatusExecution] cfa7ca5e-15f8-47db-8f56-b1eb52c10373 [2026-09-03T08:20:54.558915] Preparing... (STDOUT, APP/TASK/deploy)#
#2026 09 03 08:20:56.768#Z#DEBUG#3758d499-a770-11f1-be6f-eeee0a871e3d.note-for-approval-db-deployer#flowable-async-job-executor-thread-4617#
[PollExecuteTaskStatusExecution] cfa7ca5e-15f8-47db-8f56-b1eb52c10373 [2026-09-03T08:20:54.558918] Preparing... ok (0s 0ms) (STDOUT, APP/TASK/deploy)#
#2026 09 03 08:20:56.768#Z#DEBUG#3758d499-a770-11f1-be6f-eeee0a871e3d.note-for-approval-db-deployer#flowable-async-job-executor-thread-4617#
[PollExecuteTaskStatusExecution] cfa7ca5e-15f8-47db-8f56-b1eb52c10373 [2026-09-03T08:20:54.558920] Preparing the make transaction... (STDOUT, APP/TASK/deploy)#
#2026 09 03 08:20:56.768#Z#DEBUG#3758d499-a770-11f1-be6f-eeee0a871e3d.note-for-approval-db-deployer#flowable-async-job-executor-thread-4617#
[PollExecuteTaskStatusExecution] cfa7ca5e-15f8-47db-8f56-b1eb52c10373 [2026-09-03T08:20:54.974216] Preparing the make transaction... ok (0s 472ms) (STDOUT, APP/TASK/deploy)#
#2026 09 03 08:20:56.768#Z#DEBUG#3758d499-a770-11f1-be6f-eeee0a871e3d.note-for-approval-db-deployer#flowable-async-job-executor-thread-4617#
[PollExecuteTaskStatusExecution] cfa7ca5e-15f8-47db-8f56-b1eb52c10373 [2026-09-03T08:20:54.974238] Calculating dependencies... (STDOUT, APP/TASK/deploy)#
#2026 09 03 08:20:56.768#Z#DEBUG#3758d499-a770-11f1-be6f-eeee0a871e3d.note-for-approval-db-deployer#flowable-async-job-executor-thread-4617#
[PollExecuteTaskStatusExecution] cfa7ca5e-15f8-47db-8f56-b1eb52c10373 [2026-09-03T08:20:54.974241] Expanding... (STDOUT, APP/TASK/deploy)#
#2026 09 03 08:20:56.768#Z#DEBUG#3758d499-a770-11f1-be6f-eeee0a871e3d.note-for-approval-db-deployer#flowable-async-job-executor-thread-4617#
[PollExecuteTaskStatusExecution] cfa7ca5e-15f8-47db-8f56-b1eb52c10373 [2026-09-03T08:20:54.974243] Expanding... ok (0s 31ms) (STDOUT, APP/TASK/deploy)#
#2026 09 03 08:20:56.768#Z#DEBUG#3758d499-a770-11f1-be6f-eeee0a871e3d.note-for-approval-db-deployer#flowable-async-job-executor-thread-4617#
[PollExecuteTaskStatusExecution] cfa7ca5e-15f8-47db-8f56-b1eb52c10373 [2026-09-03T08:20:54.974248] Precompiling... (STDOUT, APP/TASK/deploy)#
#2026 09 03 08:20:56.768#Z#DEBUG#3758d499-a770-11f1-be6f-eeee0a871e3d.note-for-approval-db-deployer#flowable-async-job-executor-thread-4617#
[PollExecuteTaskStatusExecution] cfa7ca5e-15f8-47db-8f56-b1eb52c10373 [2026-09-03T08:20:54.974253] Precompiling... ok (0s 0ms) (STDOUT, APP/TASK/deploy)#
#2026 09 03 08:20:56.768#Z#DEBUG#3758d499-a770-11f1-be6f-eeee0a871e3d.note-for-approval-db-deployer#flowable-async-job-executor-thread-4617#
[PollExecuteTaskStatusExecution] cfa7ca5e-15f8-47db-8f56-b1eb52c10373 [2026-09-03T08:20:54.974260] Merging... (STDOUT, APP/TASK/deploy)#
#2026 09 03 08:20:56.768#Z#DEBUG#3758d499-a770-11f1-be6f-eeee0a871e3d.note-for-approval-db-deployer#flowable-async-job-executor-thread-4617#
[PollExecuteTaskStatusExecution] cfa7ca5e-15f8-47db-8f56-b1eb52c10373 [2026-09-03T08:20:54.974262] Merging... ok (0s 1ms) (STDOUT, APP/TASK/deploy)#
#2026 09 03 08:20:56.768#Z#DEBUG#3758d499-a770-11f1-be6f-eeee0a871e3d.note-for-approval-db-deployer#flowable-async-job-executor-thread-4617#
[PollExecuteTaskStatusExecution] cfa7ca5e-15f8-47db-8f56-b1eb52c10373 [2026-09-03T08:20:54.974265] Calculating dependencies... ok (0s 32ms) (STDOUT, APP/TASK/deploy)#
#2026 09 03 08:20:56.768#Z#DEBUG#3758d499-a770-11f1-be6f-eeee0a871e3d.note-for-approval-db-deployer#flowable-async-job-executor-thread-4617#
[PollExecuteTaskStatusExecution] cfa7ca5e-15f8-47db-8f56-b1eb52c10373 [2026-09-03T08:20:54.974267] No make necessary (STDOUT, APP/TASK/deploy)#
#2026 09 03 08:20:56.768#Z#DEBUG#3758d499-a770-11f1-be6f-eeee0a871e3d.note-for-approval-db-deployer#flowable-async-job-executor-thread-4617#
[PollExecuteTaskStatusExecution] cfa7ca5e-15f8-47db-8f56-b1eb52c10373 [2026-09-03T08:20:54.974348] Making... ok (0s 609ms) (STDOUT, APP/TASK/deploy)#
#2026 09 03 08:20:56.768#Z#DEBUG#3758d499-a770-11f1-be6f-eeee0a871e3d.note-for-approval-db-deployer#flowable-async-job-executor-thread-4617#
[PollExecuteTaskStatusExecution] cfa7ca5e-15f8-47db-8f56-b1eb52c10373 [2026-09-03T08:20:54.974369] Enabling table replication for the container schema "2B675D72292B448193BD1EFA9367B0B8"... (STDOUT, APP/TASK/deploy)#
#2026 09 03 08:20:56.768#Z#DEBUG#3758d499-a770-11f1-be6f-eeee0a871e3d.note-for-approval-db-deployer#flowable-async-job-executor-thread-4617#
[PollExecuteTaskStatusExecution] cfa7ca5e-15f8-47db-8f56-b1eb52c10373 [2026-09-03T08:20:54.974373] Enabling table replication for the container schema "2B675D72292B448193BD1EFA9367B0B8"... ok (0s 22ms) (STDOUT, APP/TASK/deploy)#
#2026 09 03 08:20:56.768#Z#DEBUG#3758d499-a770-11f1-be6f-eeee0a871e3d.note-for-approval-db-deployer#flowable-async-job-executor-thread-4617#
[PollExecuteTaskStatusExecution] cfa7ca5e-15f8-47db-8f56-b1eb52c10373 [2026-09-03T08:20:54.974376] Starting make in the container "2B675D72292B448193BD1EFA9367B0B8" with 0 files to deploy, 0 files to undeploy... ok (0s 832ms) (STDOUT, APP/TASK/deploy)#
#2026 09 03 08:20:56.768#Z#DEBUG#3758d499-a770-11f1-be6f-eeee0a871e3d.note-for-approval-db-deployer#flowable-async-job-executor-thread-4617#
[PollExecuteTaskStatusExecution] cfa7ca5e-15f8-47db-8f56-b1eb52c10373 [2026-09-03T08:20:54.974379] Deploying to the container "2B675D72292B448193BD1EFA9367B0B8"... ok (1s 50ms) (STDOUT, APP/TASK/deploy)#
#2026 09 03 08:20:56.768#Z#DEBUG#3758d499-a770-11f1-be6f-eeee0a871e3d.note-for-approval-db-deployer#flowable-async-job-executor-thread-4617#
[PollExecuteTaskStatusExecution] cfa7ca5e-15f8-47db-8f56-b1eb52c10373 [2026-09-03T08:20:54.974753] No default-access-role handling needed; global role "2B675D72292B448193BD1EFA9367B0B8::access_role" will not be adapted (STDOUT, APP/TASK/deploy)#
#2026 09 03 08:20:56.768#Z#DEBUG#3758d499-a770-11f1-be6f-eeee0a871e3d.note-for-approval-db-deployer#flowable-async-job-executor-thread-4617#
[PollExecuteTaskStatusExecution] cfa7ca5e-15f8-47db-8f56-b1eb52c10373 [2026-09-03T08:20:54.974835] Unlocking the container "2B675D72292B448193BD1EFA9367B0B8"... (STDOUT, APP/TASK/deploy)#
#2026 09 03 08:20:56.768#Z#DEBUG#3758d499-a770-11f1-be6f-eeee0a871e3d.note-for-approval-db-deployer#flowable-async-job-executor-thread-4617#
[PollExecuteTaskStatusExecution] cfa7ca5e-15f8-47db-8f56-b1eb52c10373 [2026-09-03T08:20:54.975145] Unlocking the container "2B675D72292B448193BD1EFA9367B0B8"... ok (0s 0ms) (STDOUT, APP/TASK/deploy)#
#2026 09 03 08:20:56.768#Z#DEBUG#3758d499-a770-11f1-be6f-eeee0a871e3d.note-for-approval-db-deployer#flowable-async-job-executor-thread-4617#
[PollExecuteTaskStatusExecution] cfa7ca5e-15f8-47db-8f56-b1eb52c10373 [2026-09-03T08:20:54.975278] Deployment to container 2B675D72292B448193BD1EFA9367B0B8 done [Deployment ID: none]. (STDOUT, APP/TASK/deploy)#
#2026 09 03 08:20:56.768#Z#DEBUG#3758d499-a770-11f1-be6f-eeee0a871e3d.note-for-approval-db-deployer#flowable-async-job-executor-thread-4617#
[PollExecuteTaskStatusExecution] cfa7ca5e-15f8-47db-8f56-b1eb52c10373 [2026-09-03T08:20:54.975661] Deployment ended at 2026-09-03 08:20:54 (STDOUT, APP/TASK/deploy)#
#2026 09 03 08:20:56.768#Z#DEBUG#3758d499-a770-11f1-be6f-eeee0a871e3d.note-for-approval-db-deployer#flowable-async-job-executor-thread-4617#
[PollExecuteTaskStatusExecution] cfa7ca5e-15f8-47db-8f56-b1eb52c10373 [2026-09-03T08:20:54.975933] (3s 199ms) (STDOUT, APP/TASK/deploy)#
#2026 09 03 08:20:56.768#Z#DEBUG#3758d499-a770-11f1-be6f-eeee0a871e3d.note-for-approval-db-deployer#flowable-async-job-executor-thread-4617#
[PollExecuteTaskStatusExecution] cfa7ca5e-15f8-47db-8f56-b1eb52c10373 [2026-09-03T08:20:54.986705] npm notice (STDERR, APP/TASK/deploy)#
#2026 09 03 08:20:56.768#Z#DEBUG#3758d499-a770-11f1-be6f-eeee0a871e3d.note-for-approval-db-deployer#flowable-async-job-executor-thread-4617#
[PollExecuteTaskStatusExecution] cfa7ca5e-15f8-47db-8f56-b1eb52c10373 [2026-09-03T08:20:54.986727] npm notice New major version of npm available! 11.16.0 -> 12.0.2 (STDERR, APP/TASK/deploy)#
#2026 09 03 08:20:56.768#Z#DEBUG#3758d499-a770-11f1-be6f-eeee0a871e3d.note-for-approval-db-deployer#flowable-async-job-executor-thread-4617#
[PollExecuteTaskStatusExecution] cfa7ca5e-15f8-47db-8f56-b1eb52c10373 [2026-09-03T08:20:54.986731] npm notice Changelog: https://github.com/npm/cli/releases/tag/v12.0.2 (STDERR, APP/TASK/deploy)#
#2026 09 03 08:20:56.768#Z#DEBUG#3758d499-a770-11f1-be6f-eeee0a871e3d.note-for-approval-db-deployer#flowable-async-job-executor-thread-4617#
[PollExecuteTaskStatusExecution] cfa7ca5e-15f8-47db-8f56-b1eb52c10373 [2026-09-03T08:20:54.986737] npm notice To update run: npm install -g npm@12.0.2 (STDERR, APP/TASK/deploy)#
#2026 09 03 08:20:56.768#Z#DEBUG#3758d499-a770-11f1-be6f-eeee0a871e3d.note-for-approval-db-deployer#flowable-async-job-executor-thread-4617#
[PollExecuteTaskStatusExecution] cfa7ca5e-15f8-47db-8f56-b1eb52c10373 [2026-09-03T08:20:54.986739] npm notice (STDERR, APP/TASK/deploy)#
#2026 09 03 08:20:56.768#Z#DEBUG#3758d499-a770-11f1-be6f-eeee0a871e3d.note-for-approval-db-deployer#flowable-async-job-executor-thread-4617#
[PollExecuteTaskStatusExecution] cfa7ca5e-15f8-47db-8f56-b1eb52c10373 [2026-09-03T08:20:55.036381] Exit status 0 (STDOUT, APP/TASK/deploy)#
#2026 09 03 08:20:56.768#Z#DEBUG#3758d499-a770-11f1-be6f-eeee0a871e3d.note-for-approval-db-deployer#flowable-async-job-executor-thread-4617#
[PollExecuteTaskStatusExecution] cfa7ca5e-15f8-47db-8f56-b1eb52c10373 [2026-09-03T08:20:55.589610] Cell a991596d-bf7c-4d49-b53f-4efeb1578f26 stopping instance 8ef06ddc-cf28-44ea-bfe8-cc6ae4443b01 (STDOUT, CELL)#
#2026 09 03 08:20:56.768#Z#DEBUG#3758d499-a770-11f1-be6f-eeee0a871e3d.note-for-approval-db-deployer#flowable-async-job-executor-thread-4617#
[PollExecuteTaskStatusExecution] cfa7ca5e-15f8-47db-8f56-b1eb52c10373 [2026-09-03T08:20:55.589650] Cell a991596d-bf7c-4d49-b53f-4efeb1578f26 destroying container for instance 8ef06ddc-cf28-44ea-bfe8-cc6ae4443b01 (STDOUT, CELL)#
